BL51 BANKED LINKER/LOCATER V6.22.2.0                                                    07/17/2018  09:02:21  PAGE 1


BL51 BANKED LINKER/LOCATER V6.22.2.0, INVOKED BY:
D:\KEIL_V5\C51\BIN\BL51.EXE .\Objects\STARTUP.obj, .\Objects\commu.obj, .\Objects\displaydriver.obj, .\Objects\ini.obj, 
>> .\Objects\main.obj, .\Objects\beep.obj, .\Objects\control.obj, .\Objects\eeprom.obj, .\Objects\error.obj, .\Objects\f
>> actory.obj, .\Objects\fan.obj, .\Objects\image.obj, .\Objects\key.obj, .\Objects\miwifi.obj, .\Objects\motion.obj, .\
>> Objects\program.obj, .\Objects\rc.obj, .\Objects\run_mode.obj, .\Objects\sensor.obj, .\Objects\time.obj TO .\Objects\
>> walkingpad PRINT (.\Listings\walkingpad.m51) RAMSIZE (256) CODE (0X0000-0XFFFF) XDATA (0X0000-0X07FF)


MEMORY MODEL: LARGE WITH FLOATING POINT ARITHMETIC


INPUT MODULES INCLUDED:
  .\Objects\STARTUP.obj (?C_STARTUP)
  .\Objects\commu.obj (COMMU)
  .\Objects\displaydriver.obj (DISPLAYDRIVER)
  .\Objects\ini.obj (INI)
  .\Objects\main.obj (MAIN)
  .\Objects\beep.obj (BEEP)
  .\Objects\control.obj (CONTROL)
  .\Objects\eeprom.obj (EEPROM)
  .\Objects\error.obj (ERROR)
  .\Objects\factory.obj (FACTORY)
  .\Objects\fan.obj (FAN)
  .\Objects\image.obj (IMAGE)
  .\Objects\key.obj (KEY)
  .\Objects\miwifi.obj (MIWIFI)
  .\Objects\motion.obj (MOTION)
  .\Objects\program.obj (PROGRAM)
  .\Objects\rc.obj (RC)
  .\Objects\run_mode.obj (RUN_MODE)
  .\Objects\sensor.obj (SENSOR)
  .\Objects\time.obj (TIME)
  D:\KEIL_V5\C51\LIB\C51FPL.LIB (?C?FPADD)
  D:\KEIL_V5\C51\LIB\C51FPL.LIB (?C?FPCMP)
  D:\KEIL_V5\C51\LIB\C51FPL.LIB (?C?FCAST)
  D:\KEIL_V5\C51\LIB\C51FPL.LIB (?C?CASTF)
  D:\KEIL_V5\C51\LIB\C51FPL.LIB (PRINTF)
  D:\KEIL_V5\C51\LIB\C51FPL.LIB (VSPRINTF)
  D:\KEIL_V5\C51\LIB\C51FPL.LIB (?C?FPGETOPN)
  D:\KEIL_V5\C51\LIB\C51FPL.LIB (?C?FPROUND)
  D:\KEIL_V5\C51\LIB\C51FPL.LIB (?C?FPCONVERT)
  D:\KEIL_V5\C51\LIB\C51FPL.LIB (?C?FPMUL)
  D:\KEIL_V5\C51\LIB\C51FPL.LIB (?C?FPDIV)
  D:\KEIL_V5\C51\LIB\C51FPL.LIB (?C?FTNPWR)
  D:\KEIL_V5\C51\LIB\C51L.LIB (?C_INIT)
  D:\KEIL_V5\C51\LIB\C51L.LIB (?C?COPY)
  D:\KEIL_V5\C51\LIB\C51L.LIB (?C?CLDPTR)
  D:\KEIL_V5\C51\LIB\C51L.LIB (?C?CLDOPTR)
  D:\KEIL_V5\C51\LIB\C51L.LIB (?C?CSTPTR)
  D:\KEIL_V5\C51\LIB\C51L.LIB (?C?CSTOPTR)
  D:\KEIL_V5\C51\LIB\C51L.LIB (?C?IMUL)
  D:\KEIL_V5\C51\LIB\C51L.LIB (?C?UIDIV)
  D:\KEIL_V5\C51\LIB\C51L.LIB (?C?IILDX)
  D:\KEIL_V5\C51\LIB\C51L.LIB (?C?LMUL)
  D:\KEIL_V5\C51\LIB\C51L.LIB (?C?ULDIV)
  D:\KEIL_V5\C51\LIB\C51L.LIB (?C?SLDIV)
  D:\KEIL_V5\C51\LIB\C51L.LIB (?C?LNEG)
  D:\KEIL_V5\C51\LIB\C51L.LIB (?C?SLCMP)
BL51 BANKED LINKER/LOCATER V6.22.2.0                                                  07/17/2018  09:02:21  PAGE 2


  D:\KEIL_V5\C51\LIB\C51L.LIB (?C?ULCMP)
  D:\KEIL_V5\C51\LIB\C51L.LIB (?C?ULSHR)
  D:\KEIL_V5\C51\LIB\C51L.LIB (?C?LSHL)
  D:\KEIL_V5\C51\LIB\C51L.LIB (?C?LSTXDATA)
  D:\KEIL_V5\C51\LIB\C51L.LIB (?C?LSTKXDATA)
  D:\KEIL_V5\C51\LIB\C51L.LIB (?C?PLDIXDATA)
  D:\KEIL_V5\C51\LIB\C51L.LIB (?C?PSTXDATA)
  D:\KEIL_V5\C51\LIB\C51L.LIB (?C?CCASE)
  D:\KEIL_V5\C51\LIB\C51L.LIB (?C?ICASE)
  D:\KEIL_V5\C51\LIB\C51L.LIB (?C?LIMUL)
  D:\KEIL_V5\C51\LIB\C51L.LIB (PUTCHAR)
  D:\KEIL_V5\C51\LIB\C51L.LIB (ISDIGIT)
  D:\KEIL_V5\C51\LIB\C51L.LIB (STRNCMP)
  D:\KEIL_V5\C51\LIB\C51L.LIB (?C?STRCPY)
  D:\KEIL_V5\C51\LIB\C51L.LIB (STRLEN)
  D:\KEIL_V5\C51\LIB\C51L.LIB (STRCHR)
  D:\KEIL_V5\C51\LIB\C51L.LIB (STRSTR)
  D:\KEIL_V5\C51\LIB\C51L.LIB (ATOL)
  D:\KEIL_V5\C51\LIB\C51L.LIB (ATOI)
  D:\KEIL_V5\C51\LIB\C51L.LIB (?C?MEMSET)
  D:\KEIL_V5\C51\LIB\C51L.LIB (?C?ILDIX)
  D:\KEIL_V5\C51\LIB\C51L.LIB (ISSPACE)


LINK MAP OF MODULE:  .\Objects\walkingpad (?C_STARTUP)


            TYPE    BASE      LENGTH    RELOCATION   SEGMENT NAME
            -----------------------------------------------------

            * * * * * * *   D A T A   M E M O R Y   * * * * * * *
            REG     0000H     0008H     ABSOLUTE     "REG BANK 0"
            DATA    0008H     0005H     UNIT         _DATA_GROUP_
                    000DH     0013H                  *** GAP ***
            BIT     0020H.0   0001H.1   UNIT         _BIT_GROUP_
            BIT     0021H.1   0001H.0   UNIT         ?BI?MAIN
            BIT     0022H.1   0000H.3   UNIT         ?BI?MOTION
            BIT     0022H.4   0000H.2   UNIT         ?BI?BEEP
            BIT     0022H.6   0000H.2   UNIT         ?BI?KEY
            BIT     0023H.0   0000H.2   UNIT         ?BI?MIWIFI
            BIT     0023H.2   0000H.1   UNIT         ?BI?COMMU
            BIT     0023H.3   0000H.1   UNIT         ?BI?CONTROL
            BIT     0023H.4   0000H.1   UNIT         ?BI?ERROR
            BIT     0023H.5   0000H.1   UNIT         ?BI?FACTORY
            BIT     0023H.6   0000H.1   UNIT         ?BI?RC
            BIT     0023H.7   0000H.1   UNIT         ?BI?SENSOR
            IDATA   0024H     0001H     UNIT         ?STACK

            * * * * * * *  X D A T A   M E M O R Y  * * * * * * *
            XDATA   0000H     018FH     UNIT         ?XD?MIWIFI
            XDATA   018FH     00F2H     UNIT         ?XD?IMAGE
            XDATA   0281H     0080H     UNIT         ?XD?EEPROM
            XDATA   0301H     006EH     UNIT         _XDATA_GROUP_
            XDATA   036FH     006BH     UNIT         ?XD?SENSOR
            XDATA   03DAH     0069H     UNIT         ?XD?MOTION
            XDATA   0443H     0060H     UNIT         ?XD?MAIN
            XDATA   04A3H     0035H     UNIT         ?XD?RUN_MODE
BL51 BANKED LINKER/LOCATER V6.22.2.0                                                  07/17/2018  09:02:21  PAGE 3


            XDATA   04D8H     0020H     UNIT         ?XD?ERROR
            XDATA   04F8H     0016H     UNIT         ?XD?BEEP
            XDATA   050EH     0014H     UNIT         ?XD?RC
            XDATA   0522H     000FH     UNIT         ?XD?CONTROL
            XDATA   0531H     0009H     UNIT         ?XD?KEY
            XDATA   053AH     0008H     UNIT         ?XD?TIME
            XDATA   0542H     0004H     UNIT         ?XD?COMMU
            XDATA   0546H     0002H     UNIT         ?XD?FACTORY

            * * * * * * *   C O D E   M E M O R Y   * * * * * * *
            CODE    0000H     0003H     ABSOLUTE     
            CODE    0003H     0008H     UNIT         ?PR?_BEEP?BEEP
            CODE    000BH     0003H     ABSOLUTE     
            CODE    000EH     0004H     UNIT         ?PR?FEED_WDG?INI
                    0012H     0001H                  *** GAP ***
            CODE    0013H     0003H     ABSOLUTE     
                    0016H     0005H                  *** GAP ***
            CODE    001BH     0003H     ABSOLUTE     
                    001EH     0005H                  *** GAP ***
            CODE    0023H     0003H     ABSOLUTE     
            CODE    0026H     0015H     UNIT         ?CO?IMAGE
            CODE    003BH     0003H     ABSOLUTE     
            CODE    003EH     2070H     UNIT         ?PR?COMMU_WIFI?MIWIFI
            CODE    20AEH     0AF5H     UNIT         ?C?LIB_CODE
            CODE    2BA3H     06B3H     UNIT         ?PR?USERCONSUMEROPERATION?MOTION
            CODE    3256H     0698H     UNIT         ?PR?USERCONSUMERDISPLAY?MOTION
            CODE    38EEH     0483H     UNIT         ?PR?PRINTF?PRINTF
            CODE    3D71H     0404H     UNIT         ?PR?DETECT_ERROR?ERROR
            CODE    4175H     036AH     UNIT         ?CO?MIWIFI
            CODE    44DFH     02E8H     UNIT         ?PR?RUN_AUTO?RUN_MODE
            CODE    47C7H     02CAH     UNIT         ?PR?FACTORYTESTOPERATION?FACTORY
            CODE    4A91H     02BFH     UNIT         ?PR?INT1_RPT?RC
            CODE    4D50H     02BEH     UNIT         ?PR?HX711_WEIGHT?SENSOR
            CODE    500EH     028FH     UNIT         ?PR?ADJUST_DRIFT?SENSOR
            CODE    529DH     027AH     UNIT         ?PR?COMMU?COMMU
            CODE    5517H     023CH     UNIT         ?C_INITSEG
            CODE    5753H     022EH     UNIT         ?PR?USERCONSUMERKEYS?MOTION
            CODE    5981H     0229H     UNIT         ?PR?CALC_DISCONNECT?SENSOR
            CODE    5BAAH     01EAH     UNIT         ?PR?DO_DRIFT?SENSOR
            CODE    5D94H     01BDH     UNIT         ?PR?PROGMODEKEYS?PROGRAM
            CODE    5F51H     01B7H     UNIT         ?PR?PREPARE_STATISTIC_DATA?CONTROL
            CODE    6108H     01ADH     UNIT         ?PR?_DISP_TEXT?IMAGE
            CODE    62B5H     01A5H     UNIT         ?PR?_GET_MEDIAN?SENSOR
            CODE    645AH     0164H     UNIT         ?PR?UART2_RPT?COMMU
            CODE    65BEH     0150H     UNIT         ?PR?EEPROM_READ?EEPROM
            CODE    670EH     0130H     UNIT         ?PR?_PROCESS_NET_STATE?MIWIFI
            CODE    683EH     0123H     UNIT         ?PR?FACTORYTESTKEYS?FACTORY
            CODE    6961H     011CH     UNIT         ?PR?RUN_FIXED?RUN_MODE
            CODE    6A7DH     010EH     UNIT         ?PR?DIST_CALCULATION?CONTROL
            CODE    6B8BH     010CH     UNIT         ?PR?_ATOL?ATOL
            CODE    6C97H     00F9H     UNIT         ?PR?KEY_SCAN?KEY
            CODE    6D90H     00F4H     UNIT         ?PR?DISPLAYDRIVERPROCESSLED?DISPLAYDRIVER
            CODE    6E84H     00E4H     UNIT         ?PR?_PARSE_SPEED?MIWIFI
            CODE    6F68H     00DBH     UNIT         ?PR?_ATOI?ATOI
            CODE    7043H     00C9H     UNIT         ?PR?INIT_PARAMS?INI
            CODE    710CH     00BFH     UNIT         ?PR?_STRSTR?STRSTR
            CODE    71CBH     00ACH     UNIT         ?PR?BUZZCON?BEEP
BL51 BANKED LINKER/LOCATER V6.22.2.0                                                  07/17/2018  09:02:21  PAGE 4


            CODE    7277H     00A2H     UNIT         ?PR?_DISP_ALTERNANT2_NET?IMAGE
            CODE    7319H     009AH     UNIT         ?C_C51STARTUP
            CODE    73B3H     0093H     UNIT         ?PR?UART1_RPT?MIWIFI
            CODE    7446H     0093H     UNIT         ?PR?RUN_NEW?RUN_MODE
            CODE    74D9H     0090H     UNIT         ?PR?HX711_READ1?SENSOR
            CODE    7569H     0090H     UNIT         ?PR?HX711_READ2?SENSOR
            CODE    75F9H     008BH     UNIT         ?PR?GET_STORE_TIME?MIWIFI
            CODE    7684H     0087H     UNIT         ?PR?_STRNCMP?STRNCMP
            CODE    770BH     007EH     UNIT         ?PR?RESET_DATA?CONTROL
            CODE    7789H     007AH     UNIT         ?PR?SET_RUNMODE_LED?MOTION
            CODE    7803H     0077H     UNIT         ?PR?_EEPROM_WRCHAR?EEPROM
            CODE    787AH     0075H     UNIT         ?PR?EEPROM_FACTORY?EEPROM
            CODE    78EFH     0073H     UNIT         ?PR?_INITIALUART2?INI
            CODE    7962H     0070H     UNIT         ?PR?TIMER0_RPT?RC
            CODE    79D2H     006FH     UNIT         ?PR?SAVE_TOTAL_DISTANCE?CONTROL
            CODE    7A41H     006FH     UNIT         ?PR?_APPEND_SPEED?MIWIFI
            CODE    7AB0H     006FH     UNIT         ?PR?RCCHECK?RC
            CODE    7B1FH     006BH     UNIT         ?PR?SHOW_NET_STATE?FACTORY
            CODE    7B8AH     0068H     UNIT         ?PR?_INITIALUART1?INI
            CODE    7BF2H     0067H     UNIT         ?PR?SPEED_RPM_CONVERT?CONTROL
            CODE    7C59H     0067H     UNIT         ?PR?TIMER1_RPT?TIME
            CODE    7CC0H     0066H     UNIT         ?PR?_DISP_CUSTOM?IMAGE
            CODE    7D26H     0066H     UNIT         ?CO?MOTION
            CODE    7D8CH     0062H     UNIT         ?PR?_APPEND_STR?MIWIFI
            CODE    7DEEH     0061H     UNIT         ?PR?RUN_STEPDOWN?RUN_MODE
            CODE    7E4FH     005DH     UNIT         ?PR?RUN?RUN_MODE
            CODE    7EACH     005BH     UNIT         ?PR?PORTDDR_SET?INI
            CODE    7F07H     0056H     UNIT         ?PR?TIME_CALCULATION?CONTROL
            CODE    7F5DH     0055H     UNIT         ?PR?_DISP_ALTERNANT_NET?IMAGE
            CODE    7FB2H     0053H     UNIT         ?PR?GETFANSPEED?FAN
            CODE    8005H     004CH     UNIT         ?PR?MAIN?MAIN
            CODE    8051H     004AH     UNIT         ?PR?INI?INI
            CODE    809BH     004AH     UNIT         ?PR?_EEPROM_WRITE_INT?EEPROM
            CODE    80E5H     004AH     UNIT         ?PR?_VSPRINTF?VSPRINTF
            CODE    812FH     0049H     UNIT         ?PR?_APPEND_INT?MIWIFI
            CODE    8178H     0048H     UNIT         ?PR?CLEAR_OFFLINE_DATA?MIWIFI
            CODE    81C0H     0046H     UNIT         ?PR?_EEPROM_WRITE_LONG?EEPROM
            CODE    8206H     0046H     UNIT         ?PR?_APPEND_LONG?MIWIFI
            CODE    824CH     0044H     UNIT         ?C?LDIV
            CODE    8290H     0042H     UNIT         ?PR?_DISP_1F?IMAGE
            CODE    82D2H     0042H     UNIT         ?PR?_DISP_2F?IMAGE
            CODE    8314H     003BH     UNIT         ?PR?CHECK_KEY_ID?KEY
            CODE    834FH     0033H     UNIT         ?PR?_DISP_MATRIX?IMAGE
            CODE    8382H     0030H     UNIT         ?CO?FACTORY
            CODE    83B2H     002AH     UNIT         ?PR?USEROPERATION?CONTROL
            CODE    83DCH     0028H     UNIT         ?PR?_DISP_LD?IMAGE
            CODE    8404H     0027H     UNIT         ?PR?PUTCHAR?PUTCHAR
            CODE    842BH     0026H     UNIT         ?PR?_LED_SEND_DATA_BIT?DISPLAYDRIVER
            CODE    8451H     0025H     UNIT         ?PR?DISPLAYDRIVERINITIALIZELED?DISPLAYDRIVER
            CODE    8476H     0022H     UNIT         ?PR?TIMER_PROC?TIME
            CODE    8498H     0020H     UNIT         ?PR?CLOCK_INI?INI
            CODE    84B8H     001DH     UNIT         ?PR?_LED_SEND_COMMAND_BIT?DISPLAYDRIVER
            CODE    84D5H     001CH     UNIT         ?PR?_STRCHR?STRCHR
            CODE    84F1H     001BH     UNIT         ?PR?_FLASH_ERASEBLOCK?EEPROM
            CODE    850CH     001BH     UNIT         ?PR?_DISP_D?IMAGE
            CODE    8527H     0018H     UNIT         ?PR?TIMER0_INI?INI
            CODE    853FH     0018H     UNIT         ?PR?TIMER1_INI?INI
BL51 BANKED LINKER/LOCATER V6.22.2.0                                                  07/17/2018  09:02:21  PAGE 5


            CODE    8557H     0017H     UNIT         ?PR?_LED_WRITE_COMMAND?DISPLAYDRIVER
            CODE    856EH     0015H     UNIT         ?PR?_GOTO_STATE?MOTION
            CODE    8583H     0015H     UNIT         ?PR?_STRLEN?STRLEN
            CODE    8598H     0014H     UNIT         ?PR?_ISSPACE?ISSPACE
            CODE    85ACH     0013H     UNIT         ?PR?EXTI1_INI?INI
            CODE    85BFH     0012H     UNIT         ?PR?_DISP_MATRIX_ALL?IMAGE
            CODE    85D1H     000FH     UNIT         ?PR?CLOCK?TIME
            CODE    85E0H     000FH     UNIT         ?PR?_ISDIGIT?ISDIGIT
            CODE    85EFH     000CH     UNIT         ?PR?WDG_INI?INI
            CODE    85FBH     000CH     UNIT         ?PR?DELAY__HX711_US?SENSOR



OVERLAY MAP OF MODULE:   .\Objects\walkingpad (?C_STARTUP)


SEGMENT                                             BIT_GROUP          DATA_GROUP          XDATA_GROUP
  +--> CALLED SEGMENT                            START    LENGTH     START    LENGTH     START    LENGTH
--------------------------------------------------------------------------------------------------------
?C_C51STARTUP                                    -----    -----      -----    -----      -----    -----
  +--> ?PR?MAIN?MAIN
  +--> ?C_INITSEG

?PR?MAIN?MAIN                                    -----    -----      -----    -----      -----    -----
  +--> ?PR?INI?INI
  +--> ?PR?FEED_WDG?INI
  +--> ?PR?TIMER_PROC?TIME
  +--> ?PR?KEY_SCAN?KEY
  +--> ?PR?DETECT_ERROR?ERROR
  +--> ?PR?HX711_WEIGHT?SENSOR
  +--> ?PR?FACTORYTESTOPERATION?FACTORY
  +--> ?PR?USEROPERATION?CONTROL
  +--> ?PR?DISPLAYDRIVERPROCESSLED?DISPLAYDR...
  +--> ?PR?COMMU?COMMU
  +--> ?PR?COMMU_WIFI?MIWIFI
  +--> ?PR?BUZZCON?BEEP

?PR?INI?INI                                      -----    -----      -----    -----      -----    -----
  +--> ?PR?CLOCK_INI?INI
  +--> ?PR?PORTDDR_SET?INI
  +--> ?PR?EXTI1_INI?INI
  +--> ?PR?TIMER0_INI?INI
  +--> ?PR?TIMER1_INI?INI
  +--> ?PR?_INITIALUART1?INI
  +--> ?PR?_INITIALUART2?INI
  +--> ?PR?WDG_INI?INI
  +--> ?PR?DISPLAYDRIVERINITIALIZELED?DISPLA...
  +--> ?PR?INIT_PARAMS?INI
  +--> ?PR?_EEPROM_WRCHAR?EEPROM

?PR?_INITIALUART1?INI                            -----    -----      -----    -----      0301H    0004H

?PR?_INITIALUART2?INI                            -----    -----      -----    -----      0301H    0004H

?PR?DISPLAYDRIVERINITIALIZELED?DISPLA...         -----    -----      -----    -----      -----    -----
  +--> ?PR?_LED_WRITE_COMMAND?DISPLAYDRIVER

BL51 BANKED LINKER/LOCATER V6.22.2.0                                                  07/17/2018  09:02:21  PAGE 6


?PR?_LED_WRITE_COMMAND?DISPLAYDRIVER             -----    -----      -----    -----      -----    -----
  +--> ?PR?_LED_SEND_COMMAND_BIT?DISPLAYDRIVER

?PR?INIT_PARAMS?INI                              -----    -----      -----    -----      -----    -----
  +--> ?PR?EEPROM_READ?EEPROM

?PR?_EEPROM_WRCHAR?EEPROM                        -----    -----      -----    -----      -----    -----
  +--> ?PR?_FLASH_ERASEBLOCK?EEPROM

?PR?DETECT_ERROR?ERROR                           -----    -----      -----    -----      0301H    0004H
  +--> ?PR?CLOCK?TIME
  +--> ?PR?_EEPROM_WRCHAR?EEPROM
  +--> ?PR?_EEPROM_WRITE_LONG?EEPROM
  +--> ?PR?_BEEP?BEEP

?PR?_EEPROM_WRITE_LONG?EEPROM                    -----    -----      -----    -----      030CH    0007H
  +--> ?PR?_EEPROM_WRCHAR?EEPROM

?PR?HX711_WEIGHT?SENSOR                          -----    -----      -----    -----      0301H    0008H
  +--> ?PR?HX711_READ1?SENSOR
  +--> ?PR?HX711_READ2?SENSOR
  +--> ?PR?_GET_MEDIAN?SENSOR
  +--> ?PR?CALC_DISCONNECT?SENSOR
  +--> ?PR?ADJUST_DRIFT?SENSOR

?PR?HX711_READ1?SENSOR                           -----    -----      -----    -----      0309H    0004H
  +--> ?PR?DELAY__HX711_US?SENSOR

?PR?HX711_READ2?SENSOR                           -----    -----      -----    -----      0309H    0004H
  +--> ?PR?DELAY__HX711_US?SENSOR

?PR?_GET_MEDIAN?SENSOR                           -----    -----      -----    -----      0309H    0017H

?PR?ADJUST_DRIFT?SENSOR                          -----    -----      -----    -----      -----    -----
  +--> ?PR?DO_DRIFT?SENSOR

?PR?FACTORYTESTOPERATION?FACTORY                 -----    -----      -----    -----      -----    -----
  +--> ?PR?_DISP_MATRIX_ALL?IMAGE
  +--> ?CO?FACTORY
  +--> ?PR?_DISP_CUSTOM?IMAGE
  +--> ?PR?PROGMODEKEYS?PROGRAM
  +--> ?PR?USERCONSUMERKEYS?MOTION
  +--> ?PR?FACTORYTESTKEYS?FACTORY
  +--> ?PR?EEPROM_FACTORY?EEPROM
  +--> ?PR?INIT_PARAMS?INI
  +--> ?PR?_DISP_TEXT?IMAGE
  +--> ?PR?_DISP_D?IMAGE
  +--> ?PR?_DISP_LD?IMAGE
  +--> ?PR?SPEED_RPM_CONVERT?CONTROL
  +--> ?PR?USERCONSUMEROPERATION?MOTION
  +--> ?PR?RUN?RUN_MODE
  +--> ?PR?USERCONSUMERDISPLAY?MOTION
  +--> ?PR?SHOW_NET_STATE?FACTORY
  +--> ?PR?_EEPROM_WRCHAR?EEPROM
  +--> ?PR?_DISP_1F?IMAGE

?PR?_DISP_CUSTOM?IMAGE                           -----    -----      -----    -----      030AH    002FH
BL51 BANKED LINKER/LOCATER V6.22.2.0                                                  07/17/2018  09:02:21  PAGE 7


  +--> ?PR?_VSPRINTF?VSPRINTF
  +--> ?PR?_DISP_TEXT?IMAGE

?PR?_VSPRINTF?VSPRINTF                           -----    -----      -----    -----      0339H    0006H
  +--> ?PR?PRINTF?PRINTF

?PR?PRINTF?PRINTF                                0020H.0  0001H.1    0008H    0005H      033FH    0030H
  +--> ?PR?PUTCHAR?PUTCHAR

?PR?_DISP_TEXT?IMAGE                             -----    -----      -----    -----      0339H    000BH

?PR?PROGMODEKEYS?PROGRAM                         -----    -----      -----    -----      -----    -----
  +--> ?PR?CHECK_KEY_ID?KEY
  +--> ?PR?_BEEP?BEEP
  +--> ?PR?_EEPROM_WRCHAR?EEPROM

?PR?CHECK_KEY_ID?KEY                             -----    -----      -----    -----      -----    -----
  +--> ?PR?RCCHECK?RC

?PR?USERCONSUMERKEYS?MOTION                      -----    -----      -----    -----      -----    -----
  +--> ?PR?CHECK_KEY_ID?KEY
  +--> ?PR?_BEEP?BEEP
  +--> ?PR?_GOTO_STATE?MOTION

?PR?FACTORYTESTKEYS?FACTORY                      -----    -----      -----    -----      -----    -----
  +--> ?PR?CHECK_KEY_ID?KEY
  +--> ?PR?_BEEP?BEEP
  +--> ?PR?_DISP_MATRIX_ALL?IMAGE
  +--> ?PR?_EEPROM_WRCHAR?EEPROM

?PR?EEPROM_FACTORY?EEPROM                        -----    -----      -----    -----      0301H    0002H
  +--> ?PR?_EEPROM_WRCHAR?EEPROM

?PR?_DISP_D?IMAGE                                -----    -----      -----    -----      -----    -----
  +--> ?CO?IMAGE
  +--> ?PR?_DISP_CUSTOM?IMAGE

?PR?_DISP_LD?IMAGE                               -----    -----      -----    -----      0305H    0005H
  +--> ?CO?IMAGE
  +--> ?PR?_DISP_CUSTOM?IMAGE

?PR?USERCONSUMEROPERATION?MOTION                 -----    -----      -----    -----      0301H    0004H
  +--> ?PR?_EEPROM_WRCHAR?EEPROM
  +--> ?PR?_GOTO_STATE?MOTION
  +--> ?PR?_BEEP?BEEP
  +--> ?PR?RESET_DATA?CONTROL
  +--> ?PR?RUN_NEW?RUN_MODE
  +--> ?PR?_EEPROM_WRITE_INT?EEPROM
  +--> ?PR?_EEPROM_WRITE_LONG?EEPROM
  +--> ?PR?RUN?RUN_MODE
  +--> ?PR?SAVE_TOTAL_DISTANCE?CONTROL

?PR?RUN_NEW?RUN_MODE                             -----    -----      -----    -----      -----    -----
  +--> ?PR?RUN_FIXED?RUN_MODE
  +--> ?PR?RUN_AUTO?RUN_MODE
  +--> ?PR?_EEPROM_WRCHAR?EEPROM

BL51 BANKED LINKER/LOCATER V6.22.2.0                                                  07/17/2018  09:02:21  PAGE 8


?PR?RUN_FIXED?RUN_MODE                           -----    -----      -----    -----      -----    -----
  +--> ?PR?_BEEP?BEEP

?PR?RUN_AUTO?RUN_MODE                            -----    -----      -----    -----      0305H    0003H
  +--> ?PR?_BEEP?BEEP

?PR?_EEPROM_WRITE_INT?EEPROM                     -----    -----      -----    -----      030CH    0005H
  +--> ?PR?_EEPROM_WRCHAR?EEPROM

?PR?RUN?RUN_MODE                                 -----    -----      -----    -----      -----    -----
  +--> ?PR?RUN_STEPDOWN?RUN_MODE
  +--> ?PR?RUN_AUTO?RUN_MODE
  +--> ?PR?_BEEP?BEEP
  +--> ?PR?RUN_NEW?RUN_MODE
  +--> ?PR?RUN_FIXED?RUN_MODE

?PR?SAVE_TOTAL_DISTANCE?CONTROL                  -----    -----      -----    -----      -----    -----
  +--> ?PR?_EEPROM_WRITE_LONG?EEPROM

?PR?USERCONSUMERDISPLAY?MOTION                   -----    -----      -----    -----      0301H    0004H
  +--> ?PR?_DISP_MATRIX_ALL?IMAGE
  +--> ?PR?SET_RUNMODE_LED?MOTION
  +--> ?CO?MOTION
  +--> ?PR?_DISP_ALTERNANT_NET?IMAGE
  +--> ?PR?_DISP_ALTERNANT2_NET?IMAGE
  +--> ?PR?_DISP_MATRIX?IMAGE
  +--> ?PR?_DISP_TEXT?IMAGE
  +--> ?PR?DISPLAYDRIVERINITIALIZELED?DISPLA...
  +--> ?PR?_DISP_2F?IMAGE
  +--> ?PR?_DISP_1F?IMAGE
  +--> ?PR?_DISP_LD?IMAGE
  +--> ?PR?_DISP_D?IMAGE
  +--> ?PR?_DISP_CUSTOM?IMAGE
  +--> ?PR?CLOCK?TIME
  +--> ?PR?_BEEP?BEEP

?PR?_DISP_ALTERNANT_NET?IMAGE                    -----    -----      -----    -----      0305H    0004H
  +--> ?PR?CLOCK?TIME

?PR?_DISP_ALTERNANT2_NET?IMAGE                   -----    -----      -----    -----      0305H    0008H
  +--> ?PR?CLOCK?TIME

?PR?_DISP_2F?IMAGE                               -----    -----      -----    -----      0305H    0002H
  +--> ?CO?IMAGE
  +--> ?PR?_DISP_CUSTOM?IMAGE

?PR?_DISP_1F?IMAGE                               -----    -----      -----    -----      0305H    0002H
  +--> ?CO?IMAGE
  +--> ?PR?_DISP_CUSTOM?IMAGE

?PR?SHOW_NET_STATE?FACTORY                       -----    -----      -----    -----      -----    -----
  +--> ?PR?_EEPROM_WRCHAR?EEPROM
  +--> ?PR?_DISP_ALTERNANT2_NET?IMAGE
  +--> ?PR?_DISP_ALTERNANT_NET?IMAGE

?PR?USEROPERATION?CONTROL                        -----    -----      -----    -----      -----    -----
  +--> ?PR?TIME_CALCULATION?CONTROL
BL51 BANKED LINKER/LOCATER V6.22.2.0                                                  07/17/2018  09:02:21  PAGE 9


  +--> ?PR?DIST_CALCULATION?CONTROL
  +--> ?PR?SPEED_RPM_CONVERT?CONTROL
  +--> ?PR?PROGMODEKEYS?PROGRAM
  +--> ?PR?USERCONSUMERKEYS?MOTION
  +--> ?PR?USERCONSUMEROPERATION?MOTION
  +--> ?PR?USERCONSUMERDISPLAY?MOTION

?PR?TIME_CALCULATION?CONTROL                     -----    -----      -----    -----      -----    -----
  +--> ?PR?_BEEP?BEEP
  +--> ?PR?SAVE_TOTAL_DISTANCE?CONTROL
  +--> ?PR?RESET_DATA?CONTROL

?PR?DIST_CALCULATION?CONTROL                     -----    -----      -----    -----      -----    -----
  +--> ?PR?_BEEP?BEEP
  +--> ?PR?SAVE_TOTAL_DISTANCE?CONTROL
  +--> ?PR?RESET_DATA?CONTROL
  +--> ?PR?PREPARE_STATISTIC_DATA?CONTROL

?PR?PREPARE_STATISTIC_DATA?CONTROL               -----    -----      -----    -----      0301H    0002H

?PR?DISPLAYDRIVERPROCESSLED?DISPLAYDR...         -----    -----      -----    -----      030CH    0006H
  +--> ?PR?_LED_SEND_COMMAND_BIT?DISPLAYDRIVER
  +--> ?PR?_LED_SEND_DATA_BIT?DISPLAYDRIVER

?PR?COMMU?COMMU                                  -----    -----      -----    -----      -----    -----
  +--> ?PR?GETFANSPEED?FAN

?PR?COMMU_WIFI?MIWIFI                            -----    -----      -----    -----      0301H    000BH
  +--> ?CO?MIWIFI
  +--> ?PR?PRINTF?PRINTF
  +--> ?PR?_APPEND_SPEED?MIWIFI
  +--> ?PR?GET_STORE_TIME?MIWIFI
  +--> ?PR?CLEAR_OFFLINE_DATA?MIWIFI
  +--> ?PR?_STRLEN?STRLEN
  +--> ?PR?_STRNCMP?STRNCMP
  +--> ?PR?_APPEND_INT?MIWIFI
  +--> ?PR?_APPEND_LONG?MIWIFI
  +--> ?PR?_APPEND_STR?MIWIFI
  +--> ?PR?_BEEP?BEEP
  +--> ?PR?_PARSE_SPEED?MIWIFI
  +--> ?PR?_EEPROM_WRCHAR?EEPROM
  +--> ?PR?_ATOI?ATOI
  +--> ?PR?_EEPROM_WRITE_INT?EEPROM
  +--> ?PR?_DISP_MATRIX_ALL?IMAGE
  +--> ?PR?_DISP_TEXT?IMAGE
  +--> ?PR?DISPLAYDRIVERPROCESSLED?DISPLAYDR...
  +--> ?PR?_PROCESS_NET_STATE?MIWIFI
  +--> ?PR?_STRSTR?STRSTR
  +--> ?PR?_ATOL?ATOL
  +--> ?PR?CLOCK?TIME

?PR?_APPEND_SPEED?MIWIFI                         -----    -----      -----    -----      030CH    0004H
  +--> ?CO?MIWIFI
  +--> ?PR?PRINTF?PRINTF

?PR?GET_STORE_TIME?MIWIFI                        -----    -----      -----    -----      030CH    0004H
  +--> ?PR?CLOCK?TIME
BL51 BANKED LINKER/LOCATER V6.22.2.0                                                  07/17/2018  09:02:21  PAGE 10



?PR?CLEAR_OFFLINE_DATA?MIWIFI                    -----    -----      -----    -----      -----    -----
  +--> ?PR?_EEPROM_WRITE_INT?EEPROM
  +--> ?PR?_EEPROM_WRITE_LONG?EEPROM

?PR?_STRNCMP?STRNCMP                             -----    -----      -----    -----      030FH    0008H

?PR?_APPEND_INT?MIWIFI                           -----    -----      -----    -----      030CH    0003H
  +--> ?CO?MIWIFI
  +--> ?PR?PRINTF?PRINTF

?PR?_APPEND_LONG?MIWIFI                          -----    -----      -----    -----      030CH    0003H
  +--> ?CO?MIWIFI
  +--> ?PR?PRINTF?PRINTF

?PR?_APPEND_STR?MIWIFI                           -----    -----      -----    -----      030CH    0006H
  +--> ?CO?MIWIFI
  +--> ?PR?PRINTF?PRINTF

?PR?_PARSE_SPEED?MIWIFI                          -----    -----      -----    -----      030CH    0005H
  +--> ?PR?_ATOI?ATOI
  +--> ?PR?_STRCHR?STRCHR
  +--> ?PR?_ISDIGIT?ISDIGIT

?PR?_ATOI?ATOI                                   0020H.0  0000H.1    -----    -----      0311H    0005H
  +--> ?PR?_ISSPACE?ISSPACE
  +--> ?PR?_ISDIGIT?ISDIGIT

?PR?_PROCESS_NET_STATE?MIWIFI                    -----    -----      -----    -----      030CH    0003H
  +--> ?CO?MIWIFI
  +--> ?PR?_STRNCMP?STRNCMP

?PR?_STRSTR?STRSTR                               -----    -----      -----    -----      030CH    000CH

?PR?_ATOL?ATOL                                   0020H.0  0000H.1    -----    -----      030CH    0007H
  +--> ?PR?_ISSPACE?ISSPACE
  +--> ?PR?_ISDIGIT?ISDIGIT



SYMBOL TABLE OF MODULE:  .\Objects\walkingpad (?C_STARTUP)

  VALUE           TYPE          NAME
  ----------------------------------

  -------         MODULE        ?C_STARTUP
  C:7319H         SEGMENT       ?C_C51STARTUP
  I:0024H         SEGMENT       ?STACK
  C:0000H         PUBLIC        ?C_STARTUP
  D:00E0H         SYMBOL        ACC
  D:00F0H         SYMBOL        B
  D:0083H         SYMBOL        DPH
  D:0082H         SYMBOL        DPL
  N:0000H         SYMBOL        IBPSTACK
  N:0100H         SYMBOL        IBPSTACKTOP
  N:0100H         SYMBOL        IDATALEN
  C:731CH         SYMBOL        IDATALOOP
BL51 BANKED LINKER/LOCATER V6.22.2.0                                                  07/17/2018  09:02:21  PAGE 11


  N:0000H         SYMBOL        PBPSTACK
  N:0100H         SYMBOL        PBPSTACKTOP
  N:0000H         SYMBOL        PDATALEN
  N:0000H         SYMBOL        PDATASTART
  N:0000H         SYMBOL        PPAGE
  N:0000H         SYMBOL        PPAGEENABLE
  D:00A0H         SYMBOL        PPAGE_SFR
  D:0081H         SYMBOL        SP
  C:7319H         SYMBOL        STARTUP1
  N:0000H         SYMBOL        XBPSTACK
  N:0000H         SYMBOL        XBPSTACKTOP
  N:0800H         SYMBOL        XDATALEN
  C:7327H         SYMBOL        XDATALOOP
  N:0000H         SYMBOL        XDATASTART
  C:0000H         LINE#         126
  C:7319H         LINE#         133
  C:731BH         LINE#         134
  C:731CH         LINE#         135
  C:731DH         LINE#         136
  C:731FH         LINE#         140
  C:7322H         LINE#         141
  C:7324H         LINE#         145
  C:7326H         LINE#         147
  C:7327H         LINE#         148
  C:7328H         LINE#         149
  C:7329H         LINE#         150
  C:732BH         LINE#         151
  C:732DH         LINE#         185
  C:7330H         LINE#         196
  -------         ENDMOD        ?C_STARTUP

  -------         MODULE        COMMU
  C:0000H         SYMBOL        _ICE_DUMMY_
  D:0080H         PUBLIC        P0
  D:0090H         PUBLIC        P1
  X:0542H         PUBLIC        command_size
  D:00A0H         PUBLIC        P2
  D:00B0H         PUBLIC        P3
  D:00C0H         PUBLIC        P4
  D:00C8H         PUBLIC        P5
  C:645AH         PUBLIC        UART2_Rpt
  D:00A8H         PUBLIC        IE
  X:0543H         SYMBOL        command_id
  D:00F8H         PUBLIC        RSTFR
  C:529DH         PUBLIC        commu
  X:0544H         SYMBOL        commu_state
  D:0098H         PUBLIC        SCON
  D:0088H         PUBLIC        TCON
  X:0545H         SYMBOL        pccom_fail_cnt
  D:00B8H         PUBLIC        IE1
  B:0023H.2       PUBLIC        flag_motor_params_changed
  D:00D0H         PUBLIC        PSW
  -------         PROC          COMMU
  -------         DO            
  D:0007H         SYMBOL        temp8
  D:0006H         SYMBOL        tempc
  -------         ENDDO         
BL51 BANKED LINKER/LOCATER V6.22.2.0                                                  07/17/2018  09:02:21  PAGE 12


  C:529DH         LINE#         39
  C:529DH         LINE#         40
  C:529DH         LINE#         43
  C:52A6H         LINE#         44
  C:52A6H         LINE#         45
  C:52A9H         LINE#         46
  C:52A9H         LINE#         47
  C:52ABH         LINE#         48
  C:52B1H         LINE#         49
  C:52B1H         LINE#         50
  C:52B7H         LINE#         51
  C:52BDH         LINE#         52
  C:52C0H         LINE#         53
  C:52C6H         LINE#         54
  C:52C8H         LINE#         55
  C:52D0H         LINE#         56
  C:52DEH         LINE#         57
  C:52DEH         LINE#         58
  C:52DEH         LINE#         59
  C:52E4H         LINE#         60
  C:52E6H         LINE#         61
  C:52E6H         LINE#         62
  C:52ECH         LINE#         63
  C:52F4H         LINE#         64
  C:52F9H         LINE#         67
  C:5308H         LINE#         68
  C:530BH         LINE#         70
  C:5313H         LINE#         71
  C:531BH         LINE#         72
  C:531EH         LINE#         78
  C:5326H         LINE#         81
  C:5330H         LINE#         82
  C:5338H         LINE#         83
  C:533AH         LINE#         84
  C:533AH         LINE#         85
  C:5340H         LINE#         86
  C:5348H         LINE#         87
  C:534DH         LINE#         90
  C:535CH         LINE#         91
  C:5364H         LINE#         92
  C:5364H         LINE#         93
  C:5364H         LINE#         94
  C:5364H         LINE#         95
  C:5364H         LINE#         96
  C:536FH         LINE#         97
  C:536FH         LINE#         98
  C:537DH         LINE#         99
  C:537DH         LINE#         100
  C:538AH         LINE#         101
  C:538DH         LINE#         102
  C:539DH         LINE#         103
  C:53AAH         LINE#         105
  C:53B2H         LINE#         107
  C:53B2H         LINE#         108
  C:53B5H         LINE#         109
  C:53C0H         LINE#         110
  C:53C0H         LINE#         111
BL51 BANKED LINKER/LOCATER V6.22.2.0                                                  07/17/2018  09:02:21  PAGE 13


  C:53C6H         LINE#         112
  C:53C6H         LINE#         113
  C:53CAH         LINE#         114
  C:53CEH         LINE#         115
  C:53D0H         LINE#         116
  C:53D2H         LINE#         117
  C:53D6H         LINE#         118
  C:53DEH         LINE#         120
  C:53EFH         LINE#         121
  C:53EFH         LINE#         122
  C:53EFH         LINE#         124
  C:53F7H         LINE#         128
  C:53FDH         LINE#         129
  C:53FEH         LINE#         130
  C:53FEH         LINE#         131
  C:540DH         LINE#         132
  C:541CH         LINE#         133
  C:542BH         LINE#         134
  C:5433H         LINE#         135
  C:543CH         LINE#         139
  C:5450H         LINE#         141
  C:5457H         LINE#         142
  C:545CH         LINE#         143
  C:546CH         LINE#         144
  C:5472H         LINE#         145
  C:5473H         LINE#         146
  C:5473H         LINE#         147
  C:547BH         LINE#         148
  C:5488H         LINE#         149
  C:5497H         LINE#         150
  C:54A6H         LINE#         151
  C:54AEH         LINE#         152
  C:54B6H         LINE#         153
  C:54CAH         LINE#         154
  C:54CBH         LINE#         155
  C:54CBH         LINE#         156
  C:54D1H         LINE#         157
  C:54D1H         LINE#         158
  C:54D2H         LINE#         160
  C:54D2H         LINE#         161
  C:54DFH         LINE#         162
  C:54DFH         LINE#         163
  C:54EBH         LINE#         164
  C:54EBH         LINE#         165
  C:54EDH         LINE#         166
  C:54EFH         LINE#         168
  C:54EFH         LINE#         169
  C:54F5H         LINE#         170
  C:54F5H         LINE#         171
  C:54FAH         LINE#         172
  C:54FFH         LINE#         173
  C:5504H         LINE#         174
  C:5505H         LINE#         176
  C:5505H         LINE#         177
  C:550BH         LINE#         178
  C:550BH         LINE#         179
  C:550BH         LINE#         180
BL51 BANKED LINKER/LOCATER V6.22.2.0                                                  07/17/2018  09:02:21  PAGE 14


  C:550CH         LINE#         182
  C:550CH         LINE#         183
  C:5511H         LINE#         184
  C:5516H         LINE#         185
  C:5516H         LINE#         186
  -------         ENDPROC       COMMU
  -------         PROC          UART2_RPT
  -------         DO            
  D:0006H         SYMBOL        tempi
  D:0007H         SYMBOL        tempj
  -------         ENDDO         
  C:645AH         LINE#         188
  C:646DH         LINE#         191
  C:6477H         LINE#         192
  C:6477H         LINE#         193
  C:6486H         LINE#         194
  C:649BH         LINE#         195
  C:64A1H         LINE#         196
  C:64A1H         LINE#         197
  C:64AFH         LINE#         198
  C:64B1H         LINE#         201
  C:64B4H         LINE#         202
  C:64BAH         LINE#         203
  C:64BAH         LINE#         204
  C:64C8H         LINE#         205
  C:64CAH         LINE#         208
  C:64CDH         LINE#         209
  C:64D8H         LINE#         210
  C:64D8H         LINE#         211
  C:64EBH         LINE#         216
  C:64FDH         LINE#         217
  C:64FDH         LINE#         218
  C:650FH         LINE#         219
  C:650FH         LINE#         220
  C:6510H         LINE#         221
  C:652EH         LINE#         222
  C:653CH         LINE#         223
  C:653CH         LINE#         224
  C:653EH         LINE#         225
  C:6543H         LINE#         226
  C:6547H         LINE#         227
  C:6549H         LINE#         228
  C:6549H         LINE#         229
  C:654BH         LINE#         230
  C:654BH         LINE#         233
  C:654DH         LINE#         235
  C:654DH         LINE#         236
  C:655FH         LINE#         237
  C:6564H         LINE#         238
  C:6564H         LINE#         240
  C:656BH         LINE#         241
  C:656BH         LINE#         242
  C:6572H         LINE#         243
  C:6572H         LINE#         244
  C:6582H         LINE#         245
  C:65A1H         LINE#         247
  C:65A1H         LINE#         248
BL51 BANKED LINKER/LOCATER V6.22.2.0                                                  07/17/2018  09:02:21  PAGE 15


  C:65A6H         LINE#         249
  C:65A6H         LINE#         250
  C:65ADH         LINE#         251
  C:65ADH         LINE#         252
  -------         ENDPROC       UART2_RPT
  -------         ENDMOD        COMMU

  -------         MODULE        DISPLAYDRIVER
  C:0000H         SYMBOL        _ICE_DUMMY_
  D:0080H         PUBLIC        P0
  D:0090H         PUBLIC        P1
  D:00A0H         PUBLIC        P2
  D:00B0H         PUBLIC        P3
  D:00C0H         PUBLIC        P4
  D:00C8H         PUBLIC        P5
  C:6D90H         PUBLIC        DisplayDriverProcessLED
  D:00A8H         PUBLIC        IE
  D:00F8H         PUBLIC        RSTFR
  B:0080H.4       PUBLIC        P0_4
  B:0080H.5       PUBLIC        P0_5
  B:0080H.6       PUBLIC        P0_6
  C:842FH         PUBLIC        _LED_Send_Data_Bit
  D:0098H         PUBLIC        SCON
  D:0088H         PUBLIC        TCON
  C:8451H         PUBLIC        DisplayDriverInitializeLED
  D:00B8H         PUBLIC        IE1
  C:84B8H         PUBLIC        _LED_Send_Command_Bit
  C:8557H         PUBLIC        _LED_Write_Command
  D:00D0H         PUBLIC        PSW
  -------         PROC          _LED_SEND_COMMAND_BIT
  D:0007H         SYMBOL        dat
  D:0005H         SYMBOL        n
  -------         DO            
  D:0006H         SYMBOL        i
  -------         ENDDO         
  C:84B8H         LINE#         30
  C:84B8H         LINE#         31
  C:84B8H         LINE#         33
  C:84BFH         LINE#         34
  C:84BFH         LINE#         35
  C:84C1H         LINE#         36
  C:84C5H         LINE#         37
  C:84C5H         LINE#         38
  C:84C7H         LINE#         39
  C:84C9H         LINE#         41
  C:84C9H         LINE#         42
  C:84CBH         LINE#         43
  C:84CBH         LINE#         44
  C:84CFH         LINE#         46
  C:84D1H         LINE#         47
  C:84D4H         LINE#         48
  -------         ENDPROC       _LED_SEND_COMMAND_BIT
  C:842BH         SYMBOL        L?0024
  -------         PROC          L?0023
  -------         ENDPROC       L?0023
  C:842BH         SYMBOL        L?0024
  -------         PROC          _LED_SEND_DATA_BIT
BL51 BANKED LINKER/LOCATER V6.22.2.0                                                  07/17/2018  09:02:21  PAGE 16


  D:0007H         SYMBOL        dat
  -------         DO            
  D:0006H         SYMBOL        i
  -------         ENDDO         
  C:842FH         LINE#         50
  C:842FH         LINE#         51
  C:842FH         LINE#         53
  C:843BH         LINE#         54
  C:843BH         LINE#         55
  C:843DH         LINE#         56
  C:8441H         LINE#         57
  C:8441H         LINE#         58
  C:8443H         LINE#         59
  C:8445H         LINE#         61
  C:8445H         LINE#         62
  C:8447H         LINE#         63
  C:8447H         LINE#         64
  C:844BH         LINE#         66
  C:844DH         LINE#         67
  C:8450H         LINE#         68
  -------         ENDPROC       _LED_SEND_DATA_BIT
  -------         PROC          _LED_WRITE_COMMAND
  D:0004H         SYMBOL        command
  C:8557H         LINE#         70
  C:8559H         LINE#         71
  C:8559H         LINE#         72
  C:855BH         LINE#         75
  C:855DH         LINE#         77
  C:8564H         LINE#         78
  C:856BH         LINE#         80
  C:856DH         LINE#         81
  -------         ENDPROC       _LED_WRITE_COMMAND
  -------         PROC          DISPLAYDRIVERPROCESSLED
  -------         DO            
  D:0005H         SYMBOL        i
  D:0004H         SYMBOL        c
  X:030CH         SYMBOL        image_up
  X:030FH         SYMBOL        image_down
  -------         ENDDO         
  C:6D90H         LINE#         83
  C:6D90H         LINE#         84
  C:6D90H         LINE#         88
  C:6DA5H         LINE#         89
  C:6DBAH         LINE#         93
  C:6DBCH         LINE#         95
  C:6DC3H         LINE#         96
  C:6DCAH         LINE#         98
  C:6DD9H         LINE#         99
  C:6DF6H         LINE#         100
  C:6DF6H         LINE#         101
  C:6DFAH         LINE#         102
  C:6E1EH         LINE#         103
  C:6E22H         LINE#         104
  C:6E25H         LINE#         105
  C:6E32H         LINE#         106
  C:6E32H         LINE#         107
  C:6E49H         LINE#         108
BL51 BANKED LINKER/LOCATER V6.22.2.0                                                  07/17/2018  09:02:21  PAGE 17


  C:6E68H         LINE#         109
  C:6E6BH         LINE#         110
  C:6E70H         LINE#         111
  C:6E81H         LINE#         114
  C:6E83H         LINE#         115
  -------         ENDPROC       DISPLAYDRIVERPROCESSLED
  -------         PROC          DISPLAYDRIVERINITIALIZELED
  C:8451H         LINE#         116
  C:8451H         LINE#         117
  C:8451H         LINE#         119
  C:8453H         LINE#         120
  C:8458H         LINE#         122
  C:845DH         LINE#         124
  C:8462H         LINE#         126
  C:8467H         LINE#         129
  C:846CH         LINE#         134
  C:8471H         LINE#         136
  -------         ENDPROC       DISPLAYDRIVERINITIALIZELED
  -------         ENDMOD        DISPLAYDRIVER

  -------         MODULE        INI
  C:0000H         SYMBOL        _ICE_DUMMY_
  D:0080H         PUBLIC        P0
  D:0090H         PUBLIC        P1
  D:00A0H         PUBLIC        P2
  D:00B0H         PUBLIC        P3
  D:00C0H         PUBLIC        P4
  D:009DH         PUBLIC        SBRTH
  D:00C8H         PUBLIC        P5
  B:00A8H.7       PUBLIC        EA
  D:009CH         PUBLIC        SBRTL
  D:00A8H         PUBLIC        IE
  B:0080H.0       PUBLIC        P0_0
  B:0090H.0       PUBLIC        P1_0
  B:0090H.1       PUBLIC        P1_1
  D:00F8H         PUBLIC        RSTFR
  B:0080H.4       PUBLIC        P0_4
  B:00C0H.2       PUBLIC        P4_2
  B:0080H.7       PUBLIC        P0_7
  B:00B0H.6       PUBLIC        P3_6
  B:00C8H.5       PUBLIC        P5_5
  C:7043H         PUBLIC        init_params
  C:8498H         PUBLIC        clock_ini
  C:7EACH         SYMBOL        portddr_set
  D:00BDH         PUBLIC        WDTC
  D:0098H         PUBLIC        SCON
  D:0089H         PUBLIC        TMOD
  D:0088H         PUBLIC        TCON
  C:000EH         PUBLIC        feed_wdg
  D:008FH         PUBLIC        CLKCON
  C:7B8AH         PUBLIC        _InitialUART1
  C:78EFH         PUBLIC        _InitialUART2
  D:00B8H         PUBLIC        IE1
  C:8051H         PUBLIC        ini
  B:00A8H.1       PUBLIC        ET0
  B:00A8H.4       PUBLIC        ES1
  B:00A8H.3       PUBLIC        ET1
BL51 BANKED LINKER/LOCATER V6.22.2.0                                                  07/17/2018  09:02:21  PAGE 18


  B:00A8H.6       PUBLIC        ES2
  D:008CH         PUBLIC        TH0
  D:008DH         PUBLIC        TH1
  D:008AH         PUBLIC        TL0
  D:008BH         PUBLIC        TL1
  D:008EH         PUBLIC        CLKSWR
  C:85EFH         PUBLIC        wdg_ini
  D:009EH         PUBLIC        SCON2
  C:85ACH         SYMBOL        Exti1_ini
  C:8527H         SYMBOL        timer0_ini
  C:853FH         PUBLIC        timer1_ini
  D:00D0H         PUBLIC        PSW
  -------         PROC          PORTDDR_SET
  C:7EACH         LINE#         13
  C:7EACH         LINE#         14
  C:7EACH         LINE#         17
  C:7EB2H         LINE#         18
  C:7EB4H         LINE#         19
  C:7EB8H         LINE#         20
  C:7EBAH         LINE#         21
  C:7EBCH         LINE#         22
  C:7EBEH         LINE#         23
  C:7EC0H         LINE#         25
  C:7EC4H         LINE#         26
  C:7EC6H         LINE#         27
  C:7EC8H         LINE#         28
  C:7ECCH         LINE#         29
  C:7ECEH         LINE#         30
  C:7ED2H         LINE#         32
  C:7ED8H         LINE#         33
  C:7EDAH         LINE#         34
  C:7EDEH         LINE#         35
  C:7EE2H         LINE#         37
  C:7EE6H         LINE#         38
  C:7EEAH         LINE#         39
  C:7EEEH         LINE#         40
  C:7EF2H         LINE#         41
  C:7EF4H         LINE#         43
  C:7EF8H         LINE#         44
  C:7EFAH         LINE#         45
  C:7EFCH         LINE#         47
  C:7F00H         LINE#         48
  C:7F02H         LINE#         49
  C:7F04H         LINE#         50
  C:7F06H         LINE#         51
  -------         ENDPROC       PORTDDR_SET
  -------         PROC          EXTI1_INI
  C:85ACH         LINE#         55
  C:85ACH         LINE#         56
  C:85ACH         LINE#         58
  C:85B3H         LINE#         59
  C:85B9H         LINE#         60
  C:85BCH         LINE#         61
  C:85BEH         LINE#         62
  -------         ENDPROC       EXTI1_INI
  -------         PROC          TIMER0_INI
  C:8527H         LINE#         65
BL51 BANKED LINKER/LOCATER V6.22.2.0                                                  07/17/2018  09:02:21  PAGE 19


  C:8527H         LINE#         66
  C:8527H         LINE#         69
  C:852EH         LINE#         70
  C:8531H         LINE#         71
  C:8534H         LINE#         72
  C:8537H         LINE#         73
  C:8539H         LINE#         74
  C:853CH         LINE#         75
  C:853EH         LINE#         76
  -------         ENDPROC       TIMER0_INI
  -------         PROC          WDG_INI
  C:85EFH         LINE#         77
  C:85EFH         LINE#         78
  C:85EFH         LINE#         82
  C:85F4H         LINE#         84
  C:85F7H         LINE#         89
  C:85FAH         LINE#         91
  -------         ENDPROC       WDG_INI
  -------         PROC          FEED_WDG
  C:000EH         LINE#         92
  C:000EH         LINE#         93
  C:000EH         LINE#         94
  C:0011H         LINE#         96
  -------         ENDPROC       FEED_WDG
  -------         PROC          CLOCK_INI
  C:8498H         LINE#         97
  C:8498H         LINE#         98
  C:8498H         LINE#         99
  C:849DH         LINE#         100
  C:84A0H         LINE#         101
  C:84A8H         LINE#         102
  C:84ABH         LINE#         103
  C:84B1H         LINE#         104
  C:84B7H         LINE#         105
  -------         ENDPROC       CLOCK_INI
  -------         PROC          TIMER1_INI
  C:853FH         LINE#         106
  C:853FH         LINE#         107
  C:853FH         LINE#         110
  C:8546H         LINE#         111
  C:8549H         LINE#         112
  C:854CH         LINE#         113
  C:854FH         LINE#         114
  C:8551H         LINE#         115
  C:8554H         LINE#         117
  C:8556H         LINE#         118
  -------         ENDPROC       TIMER1_INI
  -------         PROC          _INITIALUART1
  X:0301H         SYMBOL        u32Baudrate
  C:7B8AH         LINE#         119
  C:7B90H         LINE#         120
  C:7B90H         LINE#         122
  C:7B96H         LINE#         123
  C:7B99H         LINE#         124
  C:7BC8H         LINE#         125
  C:7BE7H         LINE#         126
  C:7BEAH         LINE#         127
BL51 BANKED LINKER/LOCATER V6.22.2.0                                                  07/17/2018  09:02:21  PAGE 20


  C:7BEDH         LINE#         128
  C:7BEFH         LINE#         129
  C:7BF1H         LINE#         130
  -------         ENDPROC       _INITIALUART1
  -------         PROC          _INITIALUART2
  X:0301H         SYMBOL        u32Baudrate
  C:78EFH         LINE#         131
  C:78F5H         LINE#         132
  C:78F5H         LINE#         134
  C:78FBH         LINE#         135
  C:78FEH         LINE#         136
  C:7930H         LINE#         137
  C:7951H         LINE#         138
  C:7957H         LINE#         139
  C:795DH         LINE#         140
  C:795FH         LINE#         141
  C:7961H         LINE#         142
  -------         ENDPROC       _INITIALUART2
  -------         PROC          INIT_PARAMS
  C:7043H         LINE#         144
  C:7043H         LINE#         145
  C:7043H         LINE#         146
  C:7049H         LINE#         147
  C:704BH         LINE#         149
  C:704EH         LINE#         152
  C:7066H         LINE#         153
  C:7066H         LINE#         154
  C:706CH         LINE#         155
  C:706CH         LINE#         157
  C:7084H         LINE#         158
  C:7084H         LINE#         159
  C:708AH         LINE#         160
  C:708AH         LINE#         161
  C:70A2H         LINE#         162
  C:70A2H         LINE#         163
  C:70A8H         LINE#         164
  C:70A8H         LINE#         170
  C:70C0H         LINE#         171
  C:70C0H         LINE#         172
  C:70C6H         LINE#         173
  C:70C6H         LINE#         175
  C:70DEH         LINE#         176
  C:70DEH         LINE#         177
  C:70E4H         LINE#         178
  C:70E4H         LINE#         183
  C:70FCH         LINE#         184
  C:70FCH         LINE#         185
  C:7102H         LINE#         186
  C:7102H         LINE#         197
  C:7108H         LINE#         198
  C:7108H         LINE#         199
  C:710BH         LINE#         200
  C:710BH         LINE#         201
  -------         ENDPROC       INIT_PARAMS
  -------         PROC          INI
  C:8051H         LINE#         203
  C:8051H         LINE#         204
BL51 BANKED LINKER/LOCATER V6.22.2.0                                                  07/17/2018  09:02:21  PAGE 21


  C:8051H         LINE#         215
  C:8054H         LINE#         216
  C:805AH         LINE#         217
  C:805DH         LINE#         219
  C:8060H         LINE#         220
  C:8063H         LINE#         221
  C:8066H         LINE#         222
  C:8071H         LINE#         223
  C:807CH         LINE#         224
  C:807FH         LINE#         225
  C:8082H         LINE#         228
  C:8085H         LINE#         230
  C:808FH         LINE#         232
  C:8092H         LINE#         234
  -------         ENDPROC       INI
  -------         ENDMOD        INI

  -------         MODULE        MAIN
  C:0000H         SYMBOL        _ICE_DUMMY_
  X:0443H         PUBLIC        power_board_version
  X:0444H         PUBLIC        fixed_mode_speed
  X:0445H         PUBLIC        cnt_rec2
  X:0446H         PUBLIC        machine_volt_motor
  X:0447H         PUBLIC        fixed_start_speed
  X:0448H         PUBLIC        waiting_cnt
  X:0449H         PUBLIC        user_speed_target
  X:044AH         PUBLIC        cnt_tra2
  X:044BH         PUBLIC        pcrxd
  X:046EH         PUBLIC        goal_value
  X:0470H         PUBLIC        pctxd
  C:8005H         PUBLIC        main
  X:0489H         PUBLIC        error_code
  X:048BH         PUBLIC        goal_status
  X:048CH         PUBLIC        flag_disp
  X:048DH         PUBLIC        user_request
  B:0021H.1       PUBLIC        flag_auto
  X:048EH         PUBLIC        machine_speed_target
  X:048FH         PUBLIC        pccom_cnt
  X:0490H         PUBLIC        dc_motor_rating_f1
  X:0491H         PUBLIC        speed_limit_max
  B:0021H.2       PUBLIC        pcerr_com
  X:0492H         PUBLIC        goal_type
  X:0493H         PUBLIC        user_steps
  X:0495H         PUBLIC        user_steps_pause
  X:0497H         PUBLIC        machine_current_motor
  X:0498H         PUBLIC        user_steps_total
  B:0021H.3       PUBLIC        machine_state
  X:049AH         PUBLIC        user_rpm_target
  B:0021H.4       PUBLIC        tutorial_finish
  B:0021H.5       PUBLIC        factory_finish
  X:049CH         PUBLIC        acceleration_param
  X:049DH         PUBLIC        user_steps_last
  X:049FH         PUBLIC        dc_motor_rating_volt
  B:0021H.6       PUBLIC        pcorder
  X:04A0H         PUBLIC        machine_rpm_target
  B:0021H.7       PUBLIC        max_speed_unlocked
  B:0022H.0       PUBLIC        waiting
BL51 BANKED LINKER/LOCATER V6.22.2.0                                                  07/17/2018  09:02:21  PAGE 22


  X:04A2H         PUBLIC        dc_motor_startup_volt
  -------         PROC          MAIN
  C:8005H         LINE#         28
  C:8005H         LINE#         29
  C:8005H         LINE#         30
  C:8008H         LINE#         31
  C:8008H         LINE#         32
  C:8008H         LINE#         33
  C:800BH         LINE#         34
  C:800EH         LINE#         35
  C:8011H         LINE#         36
  C:8014H         LINE#         37
  C:8017H         LINE#         38
  C:801AH         LINE#         40
  C:801DH         LINE#         41
  C:801DH         LINE#         42
  C:8020H         LINE#         43
  C:8022H         LINE#         45
  C:8022H         LINE#         46
  C:8025H         LINE#         47
  C:8025H         LINE#         49
  C:8028H         LINE#         50
  C:802BH         LINE#         51
  C:802EH         LINE#         52
  C:8031H         LINE#         55
  C:8034H         LINE#         60
  C:8037H         LINE#         61
  C:803AH         LINE#         63
  C:8047H         LINE#         64
  C:8047H         LINE#         65
  C:8048H         LINE#         66
  C:804AH         LINE#         67
  C:804FH         LINE#         68
  -------         ENDPROC       MAIN
  -------         ENDMOD        MAIN

  -------         MODULE        BEEP
  C:0000H         SYMBOL        _ICE_DUMMY_
  X:04F8H         SYMBOL        beep_setting
  X:050AH         SYMBOL        beep_on_cnt
  X:050BH         SYMBOL        beep_number
  B:0022H.4       SYMBOL        beep_request
  C:71CBH         PUBLIC        buzzcon
  B:0022H.5       PUBLIC        flag_beep
  C:0003H         PUBLIC        _beep
  X:050CH         SYMBOL        beepmode
  X:050DH         SYMBOL        beep_off_cnt
  -------         PROC          _BEEP
  D:0007H         SYMBOL        beepm
  C:0003H         LINE#         44
  C:0003H         LINE#         45
  C:0003H         LINE#         46
  C:0008H         LINE#         47
  C:000AH         LINE#         48
  -------         ENDPROC       _BEEP
  -------         PROC          BUZZCON
  C:71CBH         LINE#         59
BL51 BANKED LINKER/LOCATER V6.22.2.0                                                  07/17/2018  09:02:21  PAGE 23


  C:71CBH         LINE#         60
  C:71CBH         LINE#         61
  C:71CEH         LINE#         62
  C:71CEH         LINE#         63
  C:71D0H         LINE#         64
  C:71E7H         LINE#         65
  C:71FAH         LINE#         66
  C:7210H         LINE#         67
  C:7210H         LINE#         68
  C:721DH         LINE#         69
  C:721DH         LINE#         71
  C:721FH         LINE#         75
  C:721FH         LINE#         76
  C:7221H         LINE#         78
  C:7221H         LINE#         80
  C:7223H         LINE#         84
  C:7230H         LINE#         85
  C:7230H         LINE#         86
  C:723DH         LINE#         87
  C:723DH         LINE#         88
  C:7240H         LINE#         89
  C:7241H         LINE#         91
  C:7241H         LINE#         92
  C:7247H         LINE#         93
  C:725CH         LINE#         94
  C:726BH         LINE#         95
  C:726BH         LINE#         96
  C:726DH         LINE#         98
  C:726DH         LINE#         99
  C:7272H         LINE#         100
  C:7276H         LINE#         101
  C:7276H         LINE#         102
  C:7276H         LINE#         103
  -------         ENDPROC       BUZZCON
  -------         ENDMOD        BEEP

  -------         MODULE        CONTROL
  C:0000H         SYMBOL        _ICE_DUMMY_
  D:0080H         PUBLIC        P0
  D:0090H         PUBLIC        P1
  D:00A0H         PUBLIC        P2
  D:00B0H         PUBLIC        P3
  D:00C0H         PUBLIC        P4
  D:00C8H         PUBLIC        P5
  D:00A8H         PUBLIC        IE
  D:00F8H         PUBLIC        RSTFR
  C:83B2H         PUBLIC        useroperation
  C:770BH         PUBLIC        reset_data
  C:7F07H         SYMBOL        time_calculation
  C:7BF2H         PUBLIC        speed_rpm_convert
  C:6A7DH         SYMBOL        dist_calculation
  C:5F51H         SYMBOL        prepare_statistic_data
  B:0023H.3       PUBLIC        run_in_prog_mode
  X:0524H         PUBLIC        user_time_second
  D:0098H         PUBLIC        SCON
  D:0088H         PUBLIC        TCON
  D:00B8H         PUBLIC        IE1
BL51 BANKED LINKER/LOCATER V6.22.2.0                                                  07/17/2018  09:02:21  PAGE 24


  X:0525H         PUBLIC        user_time_minute
  X:0527H         PUBLIC        start_cnt
  X:0528H         PUBLIC        userstate
  X:0529H         SYMBOL        user_distance_saved
  C:79D2H         PUBLIC        save_total_distance
  X:052BH         PUBLIC        user_distance
  X:052DH         PUBLIC        user_calories
  D:00D0H         PUBLIC        PSW
  -------         PROC          TIME_CALCULATION
  C:7F07H         LINE#         38
  C:7F07H         LINE#         39
  C:7F07H         LINE#         40
  C:7F22H         LINE#         43
  C:7F22H         LINE#         44
  C:7F28H         LINE#         45
  C:7F32H         LINE#         46
  C:7F32H         LINE#         47
  C:7F34H         LINE#         48
  C:7F42H         LINE#         50
  C:7F51H         LINE#         51
  C:7F51H         LINE#         52
  C:7F56H         LINE#         53
  C:7F59H         LINE#         54
  C:7F5CH         LINE#         55
  C:7F5CH         LINE#         56
  C:7F5CH         LINE#         57
  C:7F5CH         LINE#         58
  -------         ENDPROC       TIME_CALCULATION
  -------         PROC          PREPARE_STATISTIC_DATA
  -------         DO            
  X:0301H         SYMBOL        temp16
  -------         ENDDO         
  C:5F51H         LINE#         60
  C:5F51H         LINE#         61
  C:5F51H         LINE#         64
  C:5F69H         LINE#         65
  C:5F69H         LINE#         66
  C:5F99H         LINE#         67
  C:5F99H         LINE#         68
  C:5FB4H         LINE#         69
  C:5FBCH         LINE#         71
  C:5FDDH         LINE#         72
  C:5FEFH         LINE#         74
  C:600BH         LINE#         75
  C:6013H         LINE#         77
  C:6033H         LINE#         78
  C:6046H         LINE#         79
  C:604EH         LINE#         81
  C:605AH         LINE#         83
  C:6067H         LINE#         84
  C:6072H         LINE#         85
  C:6081H         LINE#         86
  C:608AH         LINE#         87
  C:6090H         LINE#         89
  C:6094H         LINE#         91
  C:609BH         LINE#         92
  C:609BH         LINE#         94
BL51 BANKED LINKER/LOCATER V6.22.2.0                                                  07/17/2018  09:02:21  PAGE 25


  C:60BBH         LINE#         95
  C:60BBH         LINE#         96
  C:60DBH         LINE#         97
  C:60F0H         LINE#         98
  C:60F8H         LINE#         99
  C:6100H         LINE#         101
  C:6107H         LINE#         102
  C:6107H         LINE#         103
  C:6107H         LINE#         104
  -------         ENDPROC       PREPARE_STATISTIC_DATA
  -------         PROC          DIST_CALCULATION
  -------         DO            
  X:0522H         SYMBOL        user_distance_10m_dist
  -------         ENDDO         
  C:6A7DH         LINE#         106
  C:6A7DH         LINE#         107
  C:6A7DH         LINE#         110
  C:6A86H         LINE#         111
  C:6A86H         LINE#         112
  C:6A93H         LINE#         113
  C:6A93H         LINE#         114
  C:6A99H         LINE#         115
  C:6A99H         LINE#         116
  C:6A9AH         LINE#         117
  C:6ABCH         LINE#         120
  C:6ABCH         LINE#         121
  C:6AD6H         LINE#         122
  C:6ADFH         LINE#         123
  C:6ADFH         LINE#         124
  C:6AF1H         LINE#         125
  C:6AFEH         LINE#         126
  C:6AFEH         LINE#         127
  C:6B0CH         LINE#         128
  C:6B1AH         LINE#         130
  C:6B29H         LINE#         131
  C:6B29H         LINE#         132
  C:6B2EH         LINE#         133
  C:6B31H         LINE#         134
  C:6B34H         LINE#         135
  C:6B34H         LINE#         136
  C:6B34H         LINE#         137
  C:6B87H         LINE#         139
  C:6B8AH         LINE#         140
  C:6B8AH         LINE#         141
  C:6B8AH         LINE#         142
  -------         ENDPROC       DIST_CALCULATION
  -------         PROC          SPEED_RPM_CONVERT
  -------         DO            
  D:0006H         SYMBOL        tempi
  -------         ENDDO         
  C:7BF2H         LINE#         153
  C:7BF2H         LINE#         154
  C:7BF2H         LINE#         156
  C:7C02H         LINE#         157
  C:7C02H         LINE#         158
  C:7C0AH         LINE#         159
  C:7C0FH         LINE#         160
BL51 BANKED LINKER/LOCATER V6.22.2.0                                                  07/17/2018  09:02:21  PAGE 26


  C:7C12H         LINE#         161
  C:7C19H         LINE#         162
  C:7C1BH         LINE#         164
  C:7C1BH         LINE#         165
  C:7C22H         LINE#         166
  C:7C22H         LINE#         168
  C:7C37H         LINE#         169
  C:7C53H         LINE#         170
  C:7C58H         LINE#         171
  -------         ENDPROC       SPEED_RPM_CONVERT
  -------         PROC          RESET_DATA
  C:770BH         LINE#         173
  C:770BH         LINE#         174
  C:770BH         LINE#         175
  C:7712H         LINE#         176
  C:7716H         LINE#         178
  C:771CH         LINE#         179
  C:7722H         LINE#         180
  C:772CH         LINE#         182
  C:7733H         LINE#         183
  C:7739H         LINE#         185
  C:773DH         LINE#         188
  C:7743H         LINE#         189
  C:7749H         LINE#         190
  C:774FH         LINE#         192
  C:7755H         LINE#         193
  C:775BH         LINE#         194
  C:7761H         LINE#         195
  C:776BH         LINE#         196
  C:7772H         LINE#         197
  C:7778H         LINE#         198
  C:777EH         LINE#         199
  C:7784H         LINE#         200
  C:7788H         LINE#         201
  -------         ENDPROC       RESET_DATA
  -------         PROC          SAVE_TOTAL_DISTANCE
  C:79D2H         LINE#         203
  C:79D2H         LINE#         204
  C:79D2H         LINE#         205
  C:79E7H         LINE#         206
  C:79E7H         LINE#         207
  C:7A16H         LINE#         208
  C:7A25H         LINE#         209
  C:7A40H         LINE#         210
  C:7A40H         LINE#         211
  -------         ENDPROC       SAVE_TOTAL_DISTANCE
  -------         PROC          USEROPERATION
  C:83B2H         LINE#         219
  C:83B2H         LINE#         220
  C:83B2H         LINE#         221
  C:83C2H         LINE#         222
  C:83C2H         LINE#         223
  C:83C5H         LINE#         224
  C:83C8H         LINE#         225
  C:83C8H         LINE#         227
  C:83CBH         LINE#         228
  C:83CEH         LINE#         229
BL51 BANKED LINKER/LOCATER V6.22.2.0                                                  07/17/2018  09:02:21  PAGE 27


  C:83CEH         LINE#         230
  C:83D1H         LINE#         231
  C:83D3H         LINE#         233
  C:83D3H         LINE#         234
  C:83D6H         LINE#         235
  C:83D6H         LINE#         236
  C:83D9H         LINE#         237
  -------         ENDPROC       USEROPERATION
  -------         ENDMOD        CONTROL

  -------         MODULE        EEPROM
  C:0000H         SYMBOL        _ICE_DUMMY_
  D:0080H         PUBLIC        P0
  D:0090H         PUBLIC        P1
  D:00A0H         PUBLIC        P2
  D:00B0H         PUBLIC        P3
  D:00C0H         PUBLIC        P4
  D:00C8H         PUBLIC        P5
  B:00A8H.7       PUBLIC        EA
  C:65BEH         PUBLIC        eeprom_read
  D:00A8H         PUBLIC        IE
  D:00FCH         PUBLIC        IAP_CMD
  X:0281H         PUBLIC        eeprom_buff
  D:00F8H         PUBLIC        RSTFR
  C:81C0H         PUBLIC        _eeprom_write_long
  C:84F1H         PUBLIC        _Flash_EraseBlock
  D:0098H         PUBLIC        SCON
  D:0088H         PUBLIC        TCON
  D:00B8H         PUBLIC        IE1
  C:809BH         PUBLIC        _eeprom_write_int
  D:00FBH         PUBLIC        IAP_DATA
  D:00F9H         PUBLIC        IAP_ADDR
  C:787AH         PUBLIC        eeprom_factory
  C:7803H         PUBLIC        _eeprom_wrchar
  D:00D0H         PUBLIC        PSW
  -------         PROC          _FLASH_ERASEBLOCK
  D:0006H         SYMBOL        addr
  C:84F1H         LINE#         29
  C:84F1H         LINE#         30
  C:84F1H         LINE#         31
  C:84F3H         LINE#         32
  C:84F9H         LINE#         33
  C:84FDH         LINE#         34
  C:8503H         LINE#         35
  C:8509H         LINE#         36
  C:850BH         LINE#         37
  -------         ENDPROC       _FLASH_ERASEBLOCK
  -------         PROC          _EEPROM_WRCHAR
  D:0002H         SYMBOL        addr
  D:0005H         SYMBOL        ucdata
  -------         DO            
  D:0007H         SYMBOL        i
  -------         ENDDO         
  C:7803H         LINE#         43
  C:7807H         LINE#         44
  C:7807H         LINE#         47
  C:7813H         LINE#         48
BL51 BANKED LINKER/LOCATER V6.22.2.0                                                  07/17/2018  09:02:21  PAGE 28


  C:7828H         LINE#         49
  C:782FH         LINE#         51
  C:783BH         LINE#         52
  C:783DH         LINE#         53
  C:7847H         LINE#         54
  C:7847H         LINE#         55
  C:784FH         LINE#         57
  C:785CH         LINE#         58
  C:7862H         LINE#         59
  C:7866H         LINE#         60
  C:786CH         LINE#         61
  C:7872H         LINE#         62
  C:7875H         LINE#         63
  C:7877H         LINE#         65
  C:7879H         LINE#         66
  -------         ENDPROC       _EEPROM_WRCHAR
  -------         PROC          _EEPROM_WRITE_LONG
  X:030CH         SYMBOL        addr
  X:030EH         SYMBOL        ucdata
  -------         DO            
  X:0312H         SYMBOL        i
  -------         ENDDO         
  C:81C0H         LINE#         68
  C:81C8H         LINE#         69
  C:81C8H         LINE#         71
  C:81DAH         LINE#         72
  C:81DAH         LINE#         73
  C:81FDH         LINE#         74
  C:8205H         LINE#         75
  -------         ENDPROC       _EEPROM_WRITE_LONG
  -------         PROC          _EEPROM_WRITE_INT
  X:030CH         SYMBOL        addr
  X:030EH         SYMBOL        ucdata
  -------         DO            
  X:0310H         SYMBOL        i
  -------         ENDDO         
  C:809BH         LINE#         77
  C:80A9H         LINE#         78
  C:80A9H         LINE#         80
  C:80B9H         LINE#         81
  C:80B9H         LINE#         82
  C:80DCH         LINE#         83
  C:80E4H         LINE#         84
  -------         ENDPROC       _EEPROM_WRITE_INT
  -------         PROC          EEPROM_READ
  C:65BEH         LINE#         86
  C:65BEH         LINE#         87
  C:65BEH         LINE#         88
  C:6604H         LINE#         89
  C:660DH         LINE#         90
  C:6616H         LINE#         91
  C:661FH         LINE#         92
  C:6628H         LINE#         93
  C:662CH         LINE#         94
  C:662CH         LINE#         95
  C:662EH         LINE#         96
  C:662EH         LINE#         97
BL51 BANKED LINKER/LOCATER V6.22.2.0                                                  07/17/2018  09:02:21  PAGE 29


  C:6637H         LINE#         98
  C:6640H         LINE#         99
  C:6649H         LINE#         100
  C:6650H         LINE#         101
  C:6659H         LINE#         102
  C:6660H         LINE#         103
  C:6667H         LINE#         104
  C:666EH         LINE#         106
  C:6677H         LINE#         107
  C:668BH         LINE#         109
  C:669FH         LINE#         110
  C:66E5H         LINE#         111
  C:66F9H         LINE#         112
  C:670DH         LINE#         113
  -------         ENDPROC       EEPROM_READ
  -------         PROC          EEPROM_FACTORY
  -------         DO            
  X:0301H         SYMBOL        addr
  -------         ENDDO         
  C:787AH         LINE#         115
  C:787AH         LINE#         116
  C:787AH         LINE#         119
  C:7893H         LINE#         120
  C:78A8H         LINE#         121
  C:78C2H         LINE#         122
  C:78D7H         LINE#         124
  C:78E0H         LINE#         125
  C:78E7H         LINE#         126
  -------         ENDPROC       EEPROM_FACTORY
  -------         ENDMOD        EEPROM

  -------         MODULE        ERROR
  C:0000H         SYMBOL        _ICE_DUMMY_
  D:0080H         PUBLIC        P0
  D:0090H         PUBLIC        P1
  D:00A0H         PUBLIC        P2
  D:00B0H         PUBLIC        P3
  D:00C0H         PUBLIC        P4
  D:00C8H         PUBLIC        P5
  X:04D9H         SYMBOL        current
  C:3D71H         PUBLIC        detect_error
  D:00A8H         PUBLIC        IE
  B:0080H.0       PUBLIC        P0_0
  D:00FCH         PUBLIC        IAP_CMD
  D:00F8H         PUBLIC        RSTFR
  X:04DDH         SYMBOL        powers
  X:04E7H         SYMBOL        power
  D:0098H         PUBLIC        SCON
  D:0088H         PUBLIC        TCON
  D:00B8H         PUBLIC        IE1
  X:04EBH         PUBLIC        error_time
  B:0023H.4       PUBLIC        skip_error
  X:04EFH         SYMBOL        cp_index
  X:04F0H         PUBLIC        error_id
  X:04F1H         SYMBOL        cp_count
  D:00D0H         PUBLIC        PSW
  X:04F3H         SYMBOL        currents
BL51 BANKED LINKER/LOCATER V6.22.2.0                                                  07/17/2018  09:02:21  PAGE 30


  -------         PROC          DETECT_ERROR
  -------         DO            
  X:04D8H         SYMBOL        error_id_last
  D:0007H         SYMBOL        i
  X:0301H         SYMBOL        curr_time
  -------         ENDDO         
  C:3D71H         LINE#         41
  C:3D71H         LINE#         42
  C:3D71H         LINE#         46
  C:3D7AH         LINE#         48
  C:3D8BH         LINE#         49
  C:3D8BH         LINE#         50
  C:3E10H         LINE#         51
  C:3E10H         LINE#         52
  C:3E19H         LINE#         53
  C:3E2AH         LINE#         56
  C:3E30H         LINE#         57
  C:3E36H         LINE#         58
  C:3E36H         LINE#         59
  C:3E39H         LINE#         61
  C:3E39H         LINE#         62
  C:3E6BH         LINE#         63
  C:3E6BH         LINE#         64
  C:3E7FH         LINE#         65
  C:3EACH         LINE#         66
  C:3EDFH         LINE#         67
  C:3EE9H         LINE#         68
  C:3EF3H         LINE#         69
  C:3F06H         LINE#         70
  C:3F12H         LINE#         71
  C:3F12H         LINE#         72
  C:3F2BH         LINE#         73
  C:3F48H         LINE#         74
  C:3F4BH         LINE#         75
  C:3F62H         LINE#         76
  C:3F79H         LINE#         84
  C:3FA5H         LINE#         85
  C:3FA5H         LINE#         86
  C:3FABH         LINE#         87
  C:3FABH         LINE#         88
  C:3FB6H         LINE#         89
  C:3FB6H         LINE#         90
  C:3FD4H         LINE#         91
  C:3FEDH         LINE#         92
  C:3FEDH         LINE#         93
  C:4012H         LINE#         94
  C:401EH         LINE#         95
  C:4039H         LINE#         96
  C:4039H         LINE#         97
  C:4039H         LINE#         99
  C:4040H         LINE#         100
  C:4046H         LINE#         101
  C:404CH         LINE#         102
  C:404CH         LINE#         103
  C:4075H         LINE#         104
  C:40A6H         LINE#         105
  C:40B4H         LINE#         106
BL51 BANKED LINKER/LOCATER V6.22.2.0                                                  07/17/2018  09:02:21  PAGE 31


  C:40B4H         LINE#         108
  C:40B7H         LINE#         109
  C:40B7H         LINE#         110
  C:40C0H         LINE#         111
  C:40C0H         LINE#         113
  C:40E7H         LINE#         114
  C:40E7H         LINE#         115
  C:40F2H         LINE#         116
  C:40F2H         LINE#         117
  C:40F8H         LINE#         118
  C:40FAH         LINE#         119
  C:40FEH         LINE#         120
  C:40FEH         LINE#         121
  C:4104H         LINE#         122
  C:4106H         LINE#         123
  C:410AH         LINE#         124
  C:410AH         LINE#         125
  C:4110H         LINE#         126
  C:4112H         LINE#         127
  C:4116H         LINE#         128
  C:4116H         LINE#         129
  C:4116H         LINE#         130
  C:4118H         LINE#         131
  C:411CH         LINE#         132
  C:411CH         LINE#         133
  C:4122H         LINE#         134
  C:4124H         LINE#         135
  C:4128H         LINE#         136
  C:4128H         LINE#         137
  C:412EH         LINE#         138
  C:4130H         LINE#         139
  C:413DH         LINE#         140
  C:413DH         LINE#         141
  C:4143H         LINE#         142
  C:4143H         LINE#         144
  C:414FH         LINE#         145
  C:414FH         LINE#         146
  C:4156H         LINE#         147
  C:415BH         LINE#         148
  C:415DH         LINE#         149
  C:415DH         LINE#         166
  C:415FH         LINE#         167
  C:4165H         LINE#         168
  C:4165H         LINE#         169
  C:416AH         LINE#         170
  C:416CH         LINE#         171
  C:416CH         LINE#         173
  C:4174H         LINE#         174
  -------         ENDPROC       DETECT_ERROR
  -------         ENDMOD        ERROR

  -------         MODULE        FACTORY
  C:0000H         SYMBOL        _ICE_DUMMY_
  D:0080H         PUBLIC        P0
  D:0090H         PUBLIC        P1
  D:00A0H         PUBLIC        P2
  D:00B0H         PUBLIC        P3
BL51 BANKED LINKER/LOCATER V6.22.2.0                                                  07/17/2018  09:02:21  PAGE 32


  D:00C0H         PUBLIC        P4
  D:00C8H         PUBLIC        P5
  D:00A8H         PUBLIC        IE
  B:0080H.0       PUBLIC        P0_0
  B:0090H.0       PUBLIC        P1_0
  B:0090H.1       PUBLIC        P1_1
  D:00F8H         PUBLIC        RSTFR
  B:00C0H.2       PUBLIC        P4_2
  B:00C8H.5       PUBLIC        P5_5
  C:683EH         SYMBOL        FactoryTestKeys
  B:0023H.5       PUBLIC        global_fan_test
  D:0098H         PUBLIC        SCON
  D:0088H         PUBLIC        TCON
  C:47C7H         PUBLIC        FactoryTestOperation
  D:00B8H         PUBLIC        IE1
  X:0547H         SYMBOL        teststate
  C:7B1FH         PUBLIC        show_net_state
  D:00D0H         PUBLIC        PSW
  -------         PROC          SHOW_NET_STATE
  C:7B1FH         LINE#         33
  C:7B1FH         LINE#         34
  C:7B1FH         LINE#         35
  C:7B44H         LINE#         36
  C:7B44H         LINE#         37
  C:7B44H         LINE#         38
  C:7B44H         LINE#         39
  C:7B4AH         LINE#         40
  C:7B52H         LINE#         41
  C:7B59H         LINE#         42
  C:7B5AH         LINE#         43
  C:7B5AH         LINE#         44
  C:7B5CH         LINE#         45
  C:7B5DH         LINE#         46
  C:7B5DH         LINE#         47
  C:7B5DH         LINE#         48
  C:7B63H         LINE#         49
  C:7B65H         LINE#         50
  C:7B65H         LINE#         51
  C:7B7EH         LINE#         52
  C:7B7EH         LINE#         53
  C:7B7EH         LINE#         54
  C:7B89H         LINE#         55
  C:7B89H         LINE#         56
  C:7B89H         LINE#         57
  -------         ENDPROC       SHOW_NET_STATE
  -------         PROC          FACTORYTESTKEYS
  C:683EH         LINE#         59
  C:683EH         LINE#         60
  C:683EH         LINE#         61
  C:6841H         LINE#         63
  C:6855H         LINE#         64
  C:6855H         LINE#         65
  C:6857H         LINE#         67
  C:6868H         LINE#         68
  C:6868H         LINE#         69
  C:686DH         LINE#         70
  C:686FH         LINE#         71
BL51 BANKED LINKER/LOCATER V6.22.2.0                                                  07/17/2018  09:02:21  PAGE 33


  C:6874H         LINE#         72
  C:6889H         LINE#         73
  C:6889H         LINE#         74
  C:6889H         LINE#         75
  C:6893H         LINE#         76
  C:6895H         LINE#         77
  C:6895H         LINE#         78
  C:689AH         LINE#         79
  C:689FH         LINE#         80
  C:68A5H         LINE#         83
  C:68ACH         LINE#         84
  C:68B1H         LINE#         85
  C:68B4H         LINE#         86
  C:68B6H         LINE#         87
  C:68B6H         LINE#         88
  C:68BCH         LINE#         89
  C:68BCH         LINE#         90
  C:68C2H         LINE#         91
  C:68C2H         LINE#         92
  C:68C4H         LINE#         93
  C:68C4H         LINE#         94
  C:68CEH         LINE#         95
  C:68D4H         LINE#         96
  C:68DAH         LINE#         98
  C:68DCH         LINE#         99
  C:68E2H         LINE#         100
  C:68E7H         LINE#         101
  C:68EDH         LINE#         102
  C:68EDH         LINE#         103
  C:68EDH         LINE#         105
  C:68F6H         LINE#         106
  C:68F6H         LINE#         107
  C:6900H         LINE#         108
  C:6900H         LINE#         109
  C:690CH         LINE#         110
  C:690CH         LINE#         111
  C:6919H         LINE#         112
  C:6919H         LINE#         113
  C:691BH         LINE#         115
  C:691BH         LINE#         116
  C:6921H         LINE#         117
  C:6921H         LINE#         119
  C:692DH         LINE#         120
  C:692DH         LINE#         121
  C:692DH         LINE#         122
  C:6947H         LINE#         123
  C:6947H         LINE#         144
  C:6953H         LINE#         145
  C:6953H         LINE#         146
  C:6958H         LINE#         147
  C:695AH         LINE#         148
  C:6960H         LINE#         149
  C:6960H         LINE#         150
  C:6960H         LINE#         151
  C:6960H         LINE#         152
  -------         ENDPROC       FACTORYTESTKEYS
  -------         PROC          FACTORYTESTOPERATION
BL51 BANKED LINKER/LOCATER V6.22.2.0                                                  07/17/2018  09:02:21  PAGE 34


  -------         DO            
  X:0546H         SYMBOL        laststate
  -------         ENDDO         
  C:47C7H         LINE#         156
  C:47C7H         LINE#         157
  C:47C7H         LINE#         160
  C:47CDH         LINE#         161
  C:47CDH         LINE#         162
  C:47D2H         LINE#         163
  C:47EAH         LINE#         164
  C:4808H         LINE#         165
  C:4808H         LINE#         166
  C:481BH         LINE#         167
  C:481EH         LINE#         169
[...]
  C:4D50H         PUBLIC        HX711_Weight
  X:0373H         PUBLIC        tension_bias
  X:0377H         SYMBOL        disconnect_cnt1
  X:0378H         SYMBOL        disconnect_cnt2
  C:500EH         SYMBOL        adjust_drift
  B:0023H.7       PUBLIC        flag_sensor_may_reverted
  X:0379H         SYMBOL        sensor_release_cnt
  D:00A8H         PUBLIC        IE
  B:0090H.2       PUBLIC        P1_2
  D:00F8H         PUBLIC        RSTFR
  C:62B5H         SYMBOL        _get_median
  B:0090H.3       PUBLIC        P1_3
  B:0090H.4       PUBLIC        P1_4
  B:00C8H.3       PUBLIC        P5_3
  X:037AH         PUBLIC        tension_orig
  X:037EH         SYMBOL        drift
  X:0382H         SYMBOL        all_display_on_cnt_old
  X:0383H         SYMBOL        array
  X:0397H         SYMBOL        tension_old
  X:039BH         SYMBOL        tension_ini
  C:5981H         PUBLIC        calc_disconnect
  X:039FH         SYMBOL        filter_cnt
  X:03A0H         SYMBOL        drift_abs
  D:0098H         PUBLIC        SCON
  D:0088H         PUBLIC        TCON
  X:03A4H         PUBLIC        tension2
  X:03A8H         PUBLIC        tension2_bias
  D:00B8H         PUBLIC        IE1
  X:03ACH         PUBLIC        flag_Gsensor_disconnected
  X:03ADH         SYMBOL        drift_cnt
  X:03AEH         SYMBOL        array_idx
  C:74D9H         SYMBOL        HX711_Read1
  C:7569H         SYMBOL        HX711_Read2
  X:03AFH         PUBLIC        tension2_orig
  X:03B3H         SYMBOL        drift2
  C:5BAAH         SYMBOL        do_drift
  X:03B7H         SYMBOL        array2
  X:03CBH         SYMBOL        sensor_press_cnt
  X:03CCH         SYMBOL        tension2_old
  X:03D0H         SYMBOL        tension2_ini
  X:03D4H         SYMBOL        filter_cnt2
  X:03D5H         SYMBOL        drift2_abs
BL51 BANKED LINKER/LOCATER V6.22.2.0                                                  07/17/2018  09:02:21  PAGE 83


  X:03D9H         PUBLIC        no_current_cnt
  C:8604H         SYMBOL        Delay__hx711_us
  D:00D0H         PUBLIC        PSW
  -------         PROC          L?0089
  -------         ENDPROC       L?0089
  -------         PROC          DELAY__HX711_US
  C:8604H         LINE#         66
  C:8604H         LINE#         67
  C:8604H         LINE#         68
  C:8605H         LINE#         69
  C:8606H         LINE#         70
  -------         ENDPROC       DELAY__HX711_US
  -------         PROC          HX711_READ1
  -------         DO            
  X:0309H         SYMBOL        count
  D:0003H         SYMBOL        i
  -------         ENDDO         
  C:74D9H         LINE#         99
  C:74D9H         LINE#         100
  C:74D9H         LINE#         101
  C:7568H         LINE#         102
  -------         ENDPROC       HX711_READ1
  -------         PROC          HX711_READ2
  -------         DO            
  X:0309H         SYMBOL        count
  D:0003H         SYMBOL        i
  -------         ENDDO         
  C:7569H         LINE#         104
  C:7569H         LINE#         105
  C:7569H         LINE#         106
  C:75F8H         LINE#         107
  -------         ENDPROC       HX711_READ2
  -------         PROC          _GET_MEDIAN
  D:0001H         SYMBOL        data_array
  -------         DO            
  X:0309H         SYMBOL        sens_data
  X:031DH         SYMBOL        i
  X:031EH         SYMBOL        k
  X:031FH         SYMBOL        m
  -------         ENDDO         
  C:62B5H         LINE#         110
  C:62B5H         LINE#         111
  C:62B5H         LINE#         115
  C:62C2H         LINE#         117
  C:62D7H         LINE#         118
  C:62D7H         LINE#         119
  C:62F1H         LINE#         120
  C:62F1H         LINE#         121
  C:632CH         LINE#         122
  C:6334H         LINE#         123
  C:633CH         LINE#         124
  C:634AH         LINE#         125
  C:634AH         LINE#         126
  C:6396H         LINE#         127
  C:63E5H         LINE#         128
  C:6434H         LINE#         129
  C:6434H         LINE#         130
BL51 BANKED LINKER/LOCATER V6.22.2.0                                                  07/17/2018  09:02:21  PAGE 84


  C:643DH         LINE#         131
  C:6459H         LINE#         132
  -------         ENDPROC       _GET_MEDIAN
  -------         PROC          HX711_WEIGHT
  -------         DO            
  X:0301H         SYMBOL        hx711_wt1
  X:0305H         SYMBOL        hx711_wt2
  -------         ENDDO         
  C:4D50H         LINE#         159
  C:4D50H         LINE#         160
  C:4D50H         LINE#         161
  C:4D59H         LINE#         162
  C:4D62H         LINE#         163
  C:4D9CH         LINE#         164
  C:4D9CH         LINE#         167
  C:4D9CH         LINE#         168
  C:4DB9H         LINE#         169
  C:4DD6H         LINE#         171
  C:4DF9H         LINE#         172
  C:4E18H         LINE#         173
  C:4E2BH         LINE#         174
  C:4E31H         LINE#         175
  C:4E3EH         LINE#         176
  C:4E3EH         LINE#         177
  C:4E41H         LINE#         179
  C:4E55H         LINE#         180
  C:4E69H         LINE#         184
  C:4E78H         LINE#         185
  C:4E87H         LINE#         192
  C:4E94H         LINE#         193
  C:4E94H         LINE#         194
  C:4EC2H         LINE#         195
  C:4EF0H         LINE#         196
  C:4EF6H         LINE#         197
  C:4EF9H         LINE#         198
  C:4F0CH         LINE#         199
  C:4F0CH         LINE#         200
  C:4F30H         LINE#         201
  C:4F52H         LINE#         203
  C:4F66H         LINE#         204
  C:4F77H         LINE#         205
  C:4F79H         LINE#         207
  C:4F79H         LINE#         208
  C:4FAAH         LINE#         209
  C:4FDBH         LINE#         210
  C:4FDBH         LINE#         212
  C:4FE3H         LINE#         214
  C:4FEEH         LINE#         215
  C:4FEEH         LINE#         216
  C:4FF1H         LINE#         217
  C:4FF1H         LINE#         218
  C:4FF3H         LINE#         220
  C:4FF3H         LINE#         221
  C:4FFDH         LINE#         222
  C:5007H         LINE#         223
  C:5007H         LINE#         225
  C:500AH         LINE#         226
BL51 BANKED LINKER/LOCATER V6.22.2.0                                                  07/17/2018  09:02:21  PAGE 85


  C:500AH         LINE#         227
  C:500DH         LINE#         228
  C:500DH         LINE#         229
  -------         ENDPROC       HX711_WEIGHT
  -------         PROC          CALC_DISCONNECT
  C:5981H         LINE#         231
  C:5981H         LINE#         232
  C:5981H         LINE#         233
  C:5A68H         LINE#         237
  C:5A68H         LINE#         238
  C:5A78H         LINE#         239
  C:5A7AH         LINE#         241
  C:5A7AH         LINE#         242
  C:5A7FH         LINE#         243
  C:5A7FH         LINE#         245
  C:5B66H         LINE#         249
  C:5B66H         LINE#         250
  C:5B76H         LINE#         251
  C:5B78H         LINE#         253
  C:5B78H         LINE#         254
  C:5B7DH         LINE#         255
  C:5B7DH         LINE#         257
  C:5B82H         LINE#         258
  C:5B8FH         LINE#         259
  C:5B8FH         LINE#         260
  C:5B95H         LINE#         261
  C:5B95H         LINE#         262
  C:5BA2H         LINE#         263
  C:5BA2H         LINE#         264
  C:5BA9H         LINE#         265
  C:5BA9H         LINE#         266
  -------         ENDPROC       CALC_DISCONNECT
  -------         PROC          DO_DRIFT
  -------         DO            
  D:0007H         SYMBOL        drift_interval
  -------         ENDDO         
  C:5BAAH         LINE#         268
  C:5BAAH         LINE#         269
  C:5BAAH         LINE#         272
  C:5C11H         LINE#         273
  C:5C78H         LINE#         275
  C:5CB7H         LINE#         276
  C:5CB7H         LINE#         277
  C:5CBDH         LINE#         278
  C:5CEBH         LINE#         279
  C:5D19H         LINE#         280
  C:5D1BH         LINE#         282
  C:5D1BH         LINE#         283
  C:5D20H         LINE#         284
  C:5D2AH         LINE#         285
  C:5D34H         LINE#         286
  C:5D34H         LINE#         288
  C:5D49H         LINE#         290
  C:5D5EH         LINE#         291
  C:5D5EH         LINE#         292
  C:5D72H         LINE#         293
  C:5D86H         LINE#         294
BL51 BANKED LINKER/LOCATER V6.22.2.0                                                  07/17/2018  09:02:21  PAGE 86


  C:5D8BH         LINE#         295
  C:5D8FH         LINE#         296
  C:5D93H         LINE#         297
  C:5D93H         LINE#         298
  -------         ENDPROC       DO_DRIFT
  -------         PROC          ADJUST_DRIFT
  C:500EH         LINE#         300
  C:500EH         LINE#         301
  C:500EH         LINE#         310
  C:5037H         LINE#         311
  C:5037H         LINE#         321
  C:5047H         LINE#         322
  C:5049H         LINE#         324
  C:5049H         LINE#         325
  C:504EH         LINE#         326
  C:504EH         LINE#         328
  C:5082H         LINE#         329
  C:5082H         LINE#         330
  C:5091H         LINE#         331
  C:5093H         LINE#         333
  C:5093H         LINE#         334
  C:5098H         LINE#         335
  C:5098H         LINE#         337
  C:50B4H         LINE#         338
  C:50B4H         LINE#         339
  C:511DH         LINE#         340
  C:511DH         LINE#         341
  C:512DH         LINE#         342
  C:512FH         LINE#         344
  C:512FH         LINE#         345
  C:5134H         LINE#         346
  C:5134H         LINE#         348
  C:5144H         LINE#         349
  C:5144H         LINE#         350
  C:5158H         LINE#         351
  C:516CH         LINE#         352
  C:516EH         LINE#         353
  C:5173H         LINE#         354
  C:5177H         LINE#         355
  C:5177H         LINE#         356
  C:5178H         LINE#         358
  C:5183H         LINE#         359
  C:5183H         LINE#         360
  C:51ECH         LINE#         361
  C:51ECH         LINE#         362
  C:51FCH         LINE#         363
  C:51FEH         LINE#         365
  C:51FEH         LINE#         366
  C:5203H         LINE#         367
  C:5203H         LINE#         369
  C:522FH         LINE#         370
  C:522FH         LINE#         371
  C:5232H         LINE#         372
  C:5232H         LINE#         373
  C:5232H         LINE#         375
  C:5232H         LINE#         376
  C:5257H         LINE#         379
BL51 BANKED LINKER/LOCATER V6.22.2.0                                                  07/17/2018  09:02:21  PAGE 87


  C:525AH         LINE#         381
  C:5267H         LINE#         382
  C:5267H         LINE#         383
  C:527BH         LINE#         384
  C:528FH         LINE#         385
  C:5294H         LINE#         386
  C:5298H         LINE#         387
  C:529CH         LINE#         388
  C:529CH         LINE#         389
  C:529CH         LINE#         390
  -------         ENDPROC       ADJUST_DRIFT
  -------         ENDMOD        SENSOR

  -------         MODULE        TIME
  C:0000H         SYMBOL        _ICE_DUMMY_
  D:0080H         PUBLIC        P0
  D:0090H         PUBLIC        P1
  D:00A0H         PUBLIC        P2
  D:00B0H         PUBLIC        P3
  D:00C0H         PUBLIC        P4
  D:00C8H         PUBLIC        P5
  D:00A8H         PUBLIC        IE
  C:85D1H         PUBLIC        clock
  D:00F8H         PUBLIC        RSTFR
  X:053AH         PUBLIC        timer_1ms
  B:00B0H.6       PUBLIC        P3_6
  X:053BH         PUBLIC        state_tick
  D:0098H         PUBLIC        SCON
  D:0088H         PUBLIC        TCON
  C:8476H         PUBLIC        timer_proc
  D:00B8H         PUBLIC        IE1
  X:053CH         PUBLIC        state_sec
  X:053EH         PUBLIC        __clocks
  C:7C59H         PUBLIC        TIMER1_Rpt
  D:00D0H         PUBLIC        PSW
  -------         PROC          CLOCK
  C:85D1H         LINE#         6
  C:85D1H         LINE#         7
  C:85D1H         LINE#         8
  C:85DFH         LINE#         9
  -------         ENDPROC       CLOCK
  -------         PROC          TIMER1_RPT
  C:7C59H         LINE#         15
  C:7C70H         LINE#         21
  C:7C8FH         LINE#         23
  C:7C9CH         LINE#         24
  C:7C9CH         LINE#         25
  C:7C9FH         LINE#         26
  C:7C9FH         LINE#         29
  C:7CA2H         LINE#         30
  C:7CA2H         LINE#         31
  C:7CA7H         LINE#         32
  C:7CA9H         LINE#         34
  C:7CA9H         LINE#         35
  C:7CABH         LINE#         36
  C:7CABH         LINE#         39
  -------         ENDPROC       TIMER1_RPT
BL51 BANKED LINKER/LOCATER V6.22.2.0                                                  07/17/2018  09:02:21  PAGE 88


  -------         PROC          TIMER_PROC
  C:8476H         LINE#         45
  C:8476H         LINE#         46
  C:8476H         LINE#         47
  C:8487H         LINE#         48
  C:8487H         LINE#         49
  C:8489H         LINE#         50
  C:8497H         LINE#         51
  C:8497H         LINE#         52
  -------         ENDPROC       TIMER_PROC
  -------         ENDMOD        TIME

  -------         MODULE        ?C?FPADD
  C:20B5H         PUBLIC        ?C?FPADD
  C:20B1H         PUBLIC        ?C?FPSUB
  -------         ENDMOD        ?C?FPADD

  -------         MODULE        ?C?FPCMP
  C:21A8H         PUBLIC        ?C?FPCMP
  C:21A6H         PUBLIC        ?C?FPCMP3
  -------         ENDMOD        ?C?FPCMP

  -------         MODULE        ?C?FCAST
  C:2229H         PUBLIC        ?C?FCASTC
  C:2224H         PUBLIC        ?C?FCASTI
  C:221FH         PUBLIC        ?C?FCASTL
  -------         ENDMOD        ?C?FCAST

  -------         MODULE        ?C?CASTF
  C:225DH         PUBLIC        ?C?CASTF
  -------         ENDMOD        ?C?CASTF

  -------         MODULE        PRINTF
  X:033FH         PUBLIC        ?_PRINTF?BYTE
  X:033FH         PUBLIC        ?_SPRINTF?BYTE
  C:3959H         PUBLIC        _PRINTF
  C:3953H         PUBLIC        _SPRINTF
  -------         ENDMOD        PRINTF

  -------         MODULE        VSPRINTF
  X:0336H         PUBLIC        ?_VSPRINTF?BYTE
  C:80E5H         PUBLIC        _VSPRINTF
  -------         ENDMOD        VSPRINTF

  -------         MODULE        ?C?FPROUND
  C:22DEH         PUBLIC        ?C?FPROUND
  -------         ENDMOD        ?C?FPROUND

  -------         MODULE        ?C?FPCONVERT
  C:231BH         PUBLIC        ?C?FPCONVERT
  -------         ENDMOD        ?C?FPCONVERT

  -------         MODULE        ?C?FPMUL
  C:2420H         PUBLIC        ?C?FPMUL
  -------         ENDMOD        ?C?FPMUL

  -------         MODULE        ?C?FPDIV
BL51 BANKED LINKER/LOCATER V6.22.2.0                                                  07/17/2018  09:02:21  PAGE 89


  C:2529H         PUBLIC        ?C?FPDIV
  -------         ENDMOD        ?C?FPDIV

  -------         MODULE        ?C?FTNPWR
  C:25F6H         PUBLIC        ?C?FTNPWR
  -------         ENDMOD        ?C?FTNPWR

  -------         MODULE        ?C?COPY
  C:2706H         PUBLIC        ?C?COPY
  -------         ENDMOD        ?C?COPY

  -------         MODULE        ?C?CLDPTR
  C:272CH         PUBLIC        ?C?CLDPTR
  -------         ENDMOD        ?C?CLDPTR

  -------         MODULE        ?C?CLDOPTR
  C:2745H         PUBLIC        ?C?CLDOPTR
  -------         ENDMOD        ?C?CLDOPTR

  -------         MODULE        ?C?CSTPTR
  C:2772H         PUBLIC        ?C?CSTPTR
  -------         ENDMOD        ?C?CSTPTR

  -------         MODULE        ?C?CSTOPTR
  C:2784H         PUBLIC        ?C?CSTOPTR
  -------         ENDMOD        ?C?CSTOPTR

  -------         MODULE        ?C?IMUL
  C:27A6H         PUBLIC        ?C?IMUL
  -------         ENDMOD        ?C?IMUL

  -------         MODULE        ?C?UIDIV
  C:27B8H         PUBLIC        ?C?UIDIV
  -------         ENDMOD        ?C?UIDIV

  -------         MODULE        ?C?IILDX
  C:280DH         PUBLIC        ?C?IILDX
  -------         ENDMOD        ?C?IILDX

  -------         MODULE        ?C?LMUL
  C:2823H         PUBLIC        ?C?LMUL
  -------         ENDMOD        ?C?LMUL

  -------         MODULE        ?C?ULDIV
  C:28AEH         PUBLIC        ?C?ULDIV
  -------         ENDMOD        ?C?ULDIV

  -------         MODULE        ?C?SLDIV
  C:824CH         PUBLIC        ?C?SLDIV
  -------         ENDMOD        ?C?SLDIV

  -------         MODULE        ?C?LNEG
  C:2940H         PUBLIC        ?C?LNEG
  -------         ENDMOD        ?C?LNEG

  -------         MODULE        ?C?SLCMP
  C:294EH         PUBLIC        ?C?SLCMP
BL51 BANKED LINKER/LOCATER V6.22.2.0                                                  07/17/2018  09:02:21  PAGE 90


  -------         ENDMOD        ?C?SLCMP

  -------         MODULE        ?C?ULCMP
  C:2964H         PUBLIC        ?C?ULCMP
  -------         ENDMOD        ?C?ULCMP

  -------         MODULE        ?C?ULSHR
  C:2975H         PUBLIC        ?C?ULSHR
  -------         ENDMOD        ?C?ULSHR

  -------         MODULE        ?C?LSHL
  C:2988H         PUBLIC        ?C?LSHL
  -------         ENDMOD        ?C?LSHL

  -------         MODULE        ?C?LSTXDATA
  C:299BH         PUBLIC        ?C?LSTXDATA
  -------         ENDMOD        ?C?LSTXDATA

  -------         MODULE        ?C?LSTKXDATA
  C:29A7H         PUBLIC        ?C?LSTKXDATA
  -------         ENDMOD        ?C?LSTKXDATA

  -------         MODULE        ?C?PLDIXDATA
  C:29D8H         PUBLIC        ?C?PLDIXDATA
  -------         ENDMOD        ?C?PLDIXDATA

  -------         MODULE        ?C?PSTXDATA
  C:29EFH         PUBLIC        ?C?PSTXDATA
  -------         ENDMOD        ?C?PSTXDATA

  -------         MODULE        ?C?CCASE
  C:29F8H         PUBLIC        ?C?CCASE
  -------         ENDMOD        ?C?CCASE

  -------         MODULE        ?C?ICASE
  C:2A1EH         PUBLIC        ?C?ICASE
  -------         ENDMOD        ?C?ICASE

  -------         MODULE        ?C?LIMUL
  C:2A4BH         PUBLIC        ?C?LIMUL
  -------         ENDMOD        ?C?LIMUL

  -------         MODULE        PUTCHAR
  C:8404H         PUBLIC        _PUTCHAR
  -------         ENDMOD        PUTCHAR

  -------         MODULE        ISDIGIT
  C:85E0H         PUBLIC        _isdigit
  -------         ENDMOD        ISDIGIT

  -------         MODULE        STRNCMP
  X:030FH         PUBLIC        ?_strncmp?BYTE
  C:7684H         PUBLIC        _strncmp
  -------         ENDMOD        STRNCMP

  -------         MODULE        ?C?STRCPY
  C:2B44H         PUBLIC        ?C?STRCPY
BL51 BANKED LINKER/LOCATER V6.22.2.0                                                  07/17/2018  09:02:21  PAGE 91


  -------         ENDMOD        ?C?STRCPY

  -------         MODULE        STRLEN
  C:8583H         PUBLIC        _STRLEN
  -------         ENDMOD        STRLEN

  -------         MODULE        STRCHR
  C:84D5H         PUBLIC        _STRCHR
  -------         ENDMOD        STRCHR

  -------         MODULE        STRSTR
  X:030CH         PUBLIC        ?_strstr?BYTE
  C:710CH         PUBLIC        _strstr
  -------         ENDMOD        STRSTR

  -------         MODULE        ATOL
  C:6B8BH         PUBLIC        _atol
  -------         ENDMOD        ATOL

  -------         MODULE        ATOI
  C:6F68H         PUBLIC        _atoi
  -------         ENDMOD        ATOI

  -------         MODULE        ?C?MEMSET
  C:2B61H         PUBLIC        ?C?MEMSET
  -------         ENDMOD        ?C?MEMSET

  -------         MODULE        ?C?ILDIX
  C:2B8DH         PUBLIC        ?C?ILDIX
  -------         ENDMOD        ?C?ILDIX

  -------         MODULE        ISSPACE
  C:8598H         PUBLIC        _isspace
  -------         ENDMOD        ISSPACE

Program Size: data=18.0 xdata=1352 code=34300
LINK/LOCATE RUN COMPLETE.  0 WARNING(S),  0 ERROR(S)
