BL51 BANKED LINKER/LOCATER V6.22.2.0                                                    07/13/2018  17:16:04  PAGE 1


BL51 BANKED LINKER/LOCATER V6.22.2.0, INVOKED BY:
D:\KEIL_V5\C51\BIN\BL51.EXE .\Objects\STARTUP.obj, .\Objects\commu.obj, .\Objects\displaydriver.obj, .\Objects\ini.obj, 
>> .\Objects\main.obj, .\Objects\beep.obj, .\Objects\control.obj, .\Objects\eeprom.obj, .\Objects\error.obj, .\Objects\f
>> actory.obj, .\Objects\fan.obj, .\Objects\image.obj, .\Objects\key.obj, .\Objects\miwifi.obj, .\Objects\motion.obj, .\
>> Objects\program.obj, .\Objects\rc.obj, .\Objects\run_mode.obj, .\Objects\sensor.obj, .\Objects\time.obj TO .\Objects\
>> walkingpad PRINT (.\Listings\walkingpad.m51) RAMSIZE (256) CODE (0X0000-0XFFFF) XDATA (0X0000-0X07FF)


MEMORY MODEL: LARGE WITH FLOATING POINT ARITHMETIC


INPUT MODULES INCLUDED:
  .\Objects\STARTUP.obj (?C_STARTUP)
  .\Objects\commu.obj (COMMU)
  .\Objects\displaydriver.obj (DISPLAYDRIVER)
  .\Objects\ini.obj (INI)
  .\Objects\main.obj (MAIN)
  .\Objects\beep.obj (BEEP)
  .\Objects\control.obj (CONTROL)
  .\Objects\eeprom.obj (EEPROM)
  .\Objects\error.obj (ERROR)
  .\Objects\factory.obj (FACTORY)
  .\Objects\fan.obj (FAN)
  .\Objects\image.obj (IMAGE)
  .\Objects\key.obj (KEY)
  .\Objects\miwifi.obj (MIWIFI)
  .\Objects\motion.obj (MOTION)
  .\Objects\program.obj (PROGRAM)
  .\Objects\rc.obj (RC)
  .\Objects\run_mode.obj (RUN_MODE)
  .\Objects\sensor.obj (SENSOR)
  .\Objects\time.obj (TIME)
  D:\KEIL_V5\C51\LIB\C51FPL.LIB (?C?FPADD)
  D:\KEIL_V5\C51\LIB\C51FPL.LIB (?C?FPCMP)
  D:\KEIL_V5\C51\LIB\C51FPL.LIB (?C?FCAST)
  D:\KEIL_V5\C51\LIB\C51FPL.LIB (?C?CASTF)
  D:\KEIL_V5\C51\LIB\C51FPL.LIB (PRINTF)
  D:\KEIL_V5\C51\LIB\C51FPL.LIB (VSPRINTF)
  D:\KEIL_V5\C51\LIB\C51FPL.LIB (?C?FPGETOPN)
  D:\KEIL_V5\C51\LIB\C51FPL.LIB (?C?FPROUND)
  D:\KEIL_V5\C51\LIB\C51FPL.LIB (?C?FPCONVERT)
  D:\KEIL_V5\C51\LIB\C51FPL.LIB (?C?FPMUL)
  D:\KEIL_V5\C51\LIB\C51FPL.LIB (?C?FPDIV)
  D:\KEIL_V5\C51\LIB\C51FPL.LIB (?C?FTNPWR)
  D:\KEIL_V5\C51\LIB\C51L.LIB (?C_INIT)
  D:\KEIL_V5\C51\LIB\C51L.LIB (?C?COPY)
  D:\KEIL_V5\C51\LIB\C51L.LIB (?C?CLDPTR)
  D:\KEIL_V5\C51\LIB\C51L.LIB (?C?CLDOPTR)
  D:\KEIL_V5\C51\LIB\C51L.LIB (?C?CSTPTR)
  D:\KEIL_V5\C51\LIB\C51L.LIB (?C?CSTOPTR)
  D:\KEIL_V5\C51\LIB\C51L.LIB (?C?IMUL)
  D:\KEIL_V5\C51\LIB\C51L.LIB (?C?UIDIV)
  D:\KEIL_V5\C51\LIB\C51L.LIB (?C?IILDX)
  D:\KEIL_V5\C51\LIB\C51L.LIB (?C?LMUL)
  D:\KEIL_V5\C51\LIB\C51L.LIB (?C?ULDIV)
  D:\KEIL_V5\C51\LIB\C51L.LIB (?C?SLDIV)
  D:\KEIL_V5\C51\LIB\C51L.LIB (?C?LNEG)
  D:\KEIL_V5\C51\LIB\C51L.LIB (?C?SLCMP)
BL51 BANKED LINKER/LOCATER V6.22.2.0                                                  07/13/2018  17:16:04  PAGE 2


  D:\KEIL_V5\C51\LIB\C51L.LIB (?C?ULCMP)
  D:\KEIL_V5\C51\LIB\C51L.LIB (?C?ULSHR)
  D:\KEIL_V5\C51\LIB\C51L.LIB (?C?LSHL)
  D:\KEIL_V5\C51\LIB\C51L.LIB (?C?LSTXDATA)
  D:\KEIL_V5\C51\LIB\C51L.LIB (?C?LSTKXDATA)
  D:\KEIL_V5\C51\LIB\C51L.LIB (?C?PLDIXDATA)
  D:\KEIL_V5\C51\LIB\C51L.LIB (?C?PSTXDATA)
  D:\KEIL_V5\C51\LIB\C51L.LIB (?C?CCASE)
  D:\KEIL_V5\C51\LIB\C51L.LIB (?C?ICASE)
  D:\KEIL_V5\C51\LIB\C51L.LIB (?C?LIMUL)
  D:\KEIL_V5\C51\LIB\C51L.LIB (PUTCHAR)
  D:\KEIL_V5\C51\LIB\C51L.LIB (ISDIGIT)
  D:\KEIL_V5\C51\LIB\C51L.LIB (STRNCMP)
  D:\KEIL_V5\C51\LIB\C51L.LIB (?C?STRCPY)
  D:\KEIL_V5\C51\LIB\C51L.LIB (STRLEN)
  D:\KEIL_V5\C51\LIB\C51L.LIB (STRCHR)
  D:\KEIL_V5\C51\LIB\C51L.LIB (STRSTR)
  D:\KEIL_V5\C51\LIB\C51L.LIB (ATOL)
  D:\KEIL_V5\C51\LIB\C51L.LIB (ATOI)
  D:\KEIL_V5\C51\LIB\C51L.LIB (?C?MEMSET)
  D:\KEIL_V5\C51\LIB\C51L.LIB (?C?ILDIX)
  D:\KEIL_V5\C51\LIB\C51L.LIB (ISSPACE)


LINK MAP OF MODULE:  .\Objects\walkingpad (?C_STARTUP)


            TYPE    BASE      LENGTH    RELOCATION   SEGMENT NAME
            -----------------------------------------------------

            * * * * * * *   D A T A   M E M O R Y   * * * * * * *
            REG     0000H     0008H     ABSOLUTE     "REG BANK 0"
            DATA    0008H     0005H     UNIT         _DATA_GROUP_
                    000DH     0013H                  *** GAP ***
            BIT     0020H.0   0001H.1   UNIT         _BIT_GROUP_
            BIT     0021H.1   0001H.0   UNIT         ?BI?MAIN
            BIT     0022H.1   0000H.3   UNIT         ?BI?MOTION
            BIT     0022H.4   0000H.2   UNIT         ?BI?BEEP
            BIT     0022H.6   0000H.2   UNIT         ?BI?KEY
            BIT     0023H.0   0000H.2   UNIT         ?BI?MIWIFI
            BIT     0023H.2   0000H.1   UNIT         ?BI?COMMU
            BIT     0023H.3   0000H.1   UNIT         ?BI?CONTROL
            BIT     0023H.4   0000H.1   UNIT         ?BI?ERROR
            BIT     0023H.5   0000H.1   UNIT         ?BI?FACTORY
            BIT     0023H.6   0000H.1   UNIT         ?BI?RC
            BIT     0023H.7   0000H.1   UNIT         ?BI?SENSOR
            IDATA   0024H     0001H     UNIT         ?STACK

            * * * * * * *  X D A T A   M E M O R Y  * * * * * * *
            XDATA   0000H     016EH     UNIT         ?XD?MIWIFI
            XDATA   016EH     0080H     UNIT         ?XD?EEPROM
            XDATA   01EEH     006EH     UNIT         _XDATA_GROUP_
            XDATA   025CH     006BH     UNIT         ?XD?SENSOR
            XDATA   02C7H     0060H     UNIT         ?XD?MAIN
            XDATA   0327H     003CH     UNIT         ?XD?IMAGE
            XDATA   0363H     0035H     UNIT         ?XD?RUN_MODE
            XDATA   0398H     0020H     UNIT         ?XD?ERROR
BL51 BANKED LINKER/LOCATER V6.22.2.0                                                  07/13/2018  17:16:04  PAGE 3


            XDATA   03B8H     0014H     UNIT         ?XD?RC
            XDATA   03CCH     000FH     UNIT         ?XD?CONTROL
            XDATA   03DBH     000BH     UNIT         ?XD?MOTION
            XDATA   03E6H     0009H     UNIT         ?XD?KEY
            XDATA   03EFH     0008H     UNIT         ?XD?TIME
            XDATA   03F7H     0004H     UNIT         ?XD?COMMU
            XDATA   03FBH     0004H     UNIT         ?XD?BEEP
            XDATA   03FFH     0002H     UNIT         ?XD?FACTORY

            * * * * * * *   C O D E   M E M O R Y   * * * * * * *
            CODE    0000H     0003H     ABSOLUTE     
            CODE    0003H     0008H     UNIT         ?PR?_BEEP?BEEP
            CODE    000BH     0003H     ABSOLUTE     
            CODE    000EH     0004H     UNIT         ?PR?FEED_WDG?INI
                    0012H     0001H                  *** GAP ***
            CODE    0013H     0003H     ABSOLUTE     
                    0016H     0005H                  *** GAP ***
            CODE    001BH     0003H     ABSOLUTE     
                    001EH     0005H                  *** GAP ***
            CODE    0023H     0003H     ABSOLUTE     
            CODE    0026H     0015H     UNIT         ?PR?_GOTO_STATE?MOTION
            CODE    003BH     0003H     ABSOLUTE     
            CODE    003EH     2071H     UNIT         ?PR?COMMU_WIFI?MIWIFI
            CODE    20AFH     0AF5H     UNIT         ?C?LIB_CODE
            CODE    2BA4H     06B3H     UNIT         ?PR?USERCONSUMEROPERATION?MOTION
            CODE    3257H     0698H     UNIT         ?PR?USERCONSUMERDISPLAY?MOTION
            CODE    38EFH     0483H     UNIT         ?PR?PRINTF?PRINTF
            CODE    3D72H     0404H     UNIT         ?PR?DETECT_ERROR?ERROR
            CODE    4176H     038BH     UNIT         ?CO?MIWIFI
            CODE    4501H     02E8H     UNIT         ?PR?RUN_AUTO?RUN_MODE
            CODE    47E9H     02CAH     UNIT         ?PR?FACTORYTESTOPERATION?FACTORY
            CODE    4AB3H     02BFH     UNIT         ?PR?INT1_RPT?RC
            CODE    4D72H     02BEH     UNIT         ?PR?HX711_WEIGHT?SENSOR
            CODE    5030H     028FH     UNIT         ?PR?ADJUST_DRIFT?SENSOR
            CODE    52BFH     027AH     UNIT         ?PR?COMMU?COMMU
            CODE    5539H     022EH     UNIT         ?PR?USERCONSUMERKEYS?MOTION
            CODE    5767H     0229H     UNIT         ?PR?CALC_DISCONNECT?SENSOR
            CODE    5990H     01EAH     UNIT         ?PR?DO_DRIFT?SENSOR
            CODE    5B7AH     01BDH     UNIT         ?PR?PROGMODEKEYS?PROGRAM
            CODE    5D37H     01B7H     UNIT         ?PR?PREPARE_STATISTIC_DATA?CONTROL
            CODE    5EEEH     01A7H     UNIT         ?PR?_DISP_TEXT?IMAGE
            CODE    6095H     01A5H     UNIT         ?PR?_GET_MEDIAN?SENSOR
            CODE    623AH     0164H     UNIT         ?PR?UART2_RPT?COMMU
            CODE    639EH     0150H     UNIT         ?PR?EEPROM_READ?EEPROM
            CODE    64EEH     0130H     UNIT         ?PR?_PROCESS_NET_STATE?MIWIFI
            CODE    661EH     0123H     UNIT         ?PR?FACTORYTESTKEYS?FACTORY
            CODE    6741H     011CH     UNIT         ?PR?RUN_FIXED?RUN_MODE
            CODE    685DH     010EH     UNIT         ?PR?DIST_CALCULATION?CONTROL
            CODE    696BH     010CH     UNIT         ?PR?_ATOL?ATOL
            CODE    6A77H     00F9H     UNIT         ?PR?KEY_SCAN?KEY
            CODE    6B70H     00F4H     UNIT         ?PR?DISPLAYDRIVERPROCESSLED?DISPLAYDRIVER
            CODE    6C64H     00E4H     UNIT         ?PR?_PARSE_SPEED?MIWIFI
            CODE    6D48H     00DBH     UNIT         ?PR?_ATOI?ATOI
            CODE    6E23H     00CBH     UNIT         ?CO?IMAGE
            CODE    6EEEH     00CAH     UNIT         ?C_INITSEG
            CODE    6FB8H     00C9H     UNIT         ?PR?INIT_PARAMS?INI
            CODE    7081H     00C4H     UNIT         ?CO?MOTION
BL51 BANKED LINKER/LOCATER V6.22.2.0                                                  07/13/2018  17:16:04  PAGE 4


            CODE    7145H     00BFH     UNIT         ?PR?_STRSTR?STRSTR
            CODE    7204H     00B1H     UNIT         ?PR?BUZZCON?BEEP
            CODE    72B5H     00A2H     UNIT         ?PR?_DISP_ALTERNANT2_NET?IMAGE
            CODE    7357H     0093H     UNIT         ?PR?UART1_RPT?MIWIFI
            CODE    73EAH     0093H     UNIT         ?PR?RUN_NEW?RUN_MODE
            CODE    747DH     0090H     UNIT         ?PR?HX711_READ1?SENSOR
            CODE    750DH     0090H     UNIT         ?PR?HX711_READ2?SENSOR
            CODE    759DH     008CH     UNIT         ?C_C51STARTUP
            CODE    7629H     008BH     UNIT         ?PR?GET_STORE_TIME?MIWIFI
            CODE    76B4H     0087H     UNIT         ?PR?_STRNCMP?STRNCMP
            CODE    773BH     007EH     UNIT         ?PR?RESET_DATA?CONTROL
            CODE    77B9H     007AH     UNIT         ?PR?SET_RUNMODE_LED?MOTION
            CODE    7833H     0077H     UNIT         ?PR?_EEPROM_WRCHAR?EEPROM
            CODE    78AAH     0076H     UNIT         ?PR?_INITIALUART2?INI
            CODE    7920H     0075H     UNIT         ?PR?EEPROM_FACTORY?EEPROM
            CODE    7995H     0070H     UNIT         ?PR?TIMER0_RPT?RC
            CODE    7A05H     006FH     UNIT         ?PR?SAVE_TOTAL_DISTANCE?CONTROL
            CODE    7A74H     006FH     UNIT         ?PR?_APPEND_SPEED?MIWIFI
            CODE    7AE3H     006FH     UNIT         ?PR?RCCHECK?RC
            CODE    7B52H     006BH     UNIT         ?PR?_INITIALUART1?INI
            CODE    7BBDH     006BH     UNIT         ?PR?SHOW_NET_STATE?FACTORY
            CODE    7C28H     0067H     UNIT         ?PR?SPEED_RPM_CONVERT?CONTROL
            CODE    7C8FH     0067H     UNIT         ?PR?TIMER1_RPT?TIME
            CODE    7CF6H     0066H     UNIT         ?PR?_DISP_CUSTOM?IMAGE
            CODE    7D5CH     0062H     UNIT         ?PR?_APPEND_STR?MIWIFI
            CODE    7DBEH     0061H     UNIT         ?PR?RUN_STEPDOWN?RUN_MODE
            CODE    7E1FH     005DH     UNIT         ?PR?PORTDDR_SET?INI
            CODE    7E7CH     005DH     UNIT         ?PR?RUN?RUN_MODE
            CODE    7ED9H     0056H     UNIT         ?PR?TIME_CALCULATION?CONTROL
            CODE    7F2FH     0055H     UNIT         ?PR?_DISP_ALTERNANT_NET?IMAGE
            CODE    7F84H     0053H     UNIT         ?PR?GETFANSPEED?FAN
            CODE    7FD7H     004EH     UNIT         ?PR?MAIN?MAIN
            CODE    8025H     004DH     UNIT         ?PR?INI?INI
            CODE    8072H     004AH     UNIT         ?PR?_EEPROM_WRITE_INT?EEPROM
            CODE    80BCH     004AH     UNIT         ?PR?_VSPRINTF?VSPRINTF
            CODE    8106H     0049H     UNIT         ?PR?_APPEND_INT?MIWIFI
            CODE    814FH     0048H     UNIT         ?PR?CLEAR_OFFLINE_DATA?MIWIFI
            CODE    8197H     0046H     UNIT         ?PR?_EEPROM_WRITE_LONG?EEPROM
            CODE    81DDH     0046H     UNIT         ?PR?_APPEND_LONG?MIWIFI
            CODE    8223H     0044H     UNIT         ?C?LDIV
            CODE    8267H     0042H     UNIT         ?PR?_DISP_1F?IMAGE
            CODE    82A9H     0042H     UNIT         ?PR?_DISP_2F?IMAGE
            CODE    82EBH     003BH     UNIT         ?PR?CHECK_KEY_ID?KEY
            CODE    8326H     0031H     UNIT         ?PR?RAM_INI?INI
            CODE    8357H     0030H     UNIT         ?CO?FACTORY
            CODE    8387H     002DH     UNIT         ?PR?_DISP_MATRIX?IMAGE
            CODE    83B4H     002AH     UNIT         ?PR?USEROPERATION?CONTROL
            CODE    83DEH     0028H     UNIT         ?PR?_DISP_LD?IMAGE
            CODE    8406H     0027H     UNIT         ?PR?PUTCHAR?PUTCHAR
            CODE    842DH     0026H     UNIT         ?PR?_LED_SEND_DATA_BIT?DISPLAYDRIVER
            CODE    8453H     0025H     UNIT         ?PR?DISPLAYDRIVERINITIALIZELED?DISPLAYDRIVER
            CODE    8478H     0022H     UNIT         ?PR?TIMER_PROC?TIME
            CODE    849AH     0020H     UNIT         ?PR?CLOCK_INI?INI
            CODE    84BAH     001DH     UNIT         ?PR?_LED_SEND_COMMAND_BIT?DISPLAYDRIVER
            CODE    84D7H     001CH     UNIT         ?PR?_STRCHR?STRCHR
            CODE    84F3H     001BH     UNIT         ?PR?TIMER0_INI?INI
            CODE    850EH     001BH     UNIT         ?PR?TIMER1_INI?INI
BL51 BANKED LINKER/LOCATER V6.22.2.0                                                  07/13/2018  17:16:04  PAGE 5


            CODE    8529H     001BH     UNIT         ?PR?_FLASH_ERASEBLOCK?EEPROM
            CODE    8544H     001BH     UNIT         ?PR?_DISP_D?IMAGE
            CODE    855FH     0017H     UNIT         ?PR?_LED_WRITE_COMMAND?DISPLAYDRIVER
            CODE    8576H     0016H     UNIT         ?PR?EXTI1_INI?INI
            CODE    858CH     0015H     UNIT         ?PR?_STRLEN?STRLEN
            CODE    85A1H     0014H     UNIT         ?PR?_ISSPACE?ISSPACE
            CODE    85B5H     0012H     UNIT         ?CO?BEEP
            CODE    85C7H     0012H     UNIT         ?PR?_DISP_MATRIX_ALL?IMAGE
            CODE    85D9H     000FH     UNIT         ?PR?CLOCK?TIME
            CODE    85E8H     000FH     UNIT         ?PR?_ISDIGIT?ISDIGIT
            CODE    85F7H     000CH     UNIT         ?PR?WDG_INI?INI
            CODE    8603H     000CH     UNIT         ?PR?DELAY__HX711_US?SENSOR



OVERLAY MAP OF MODULE:   .\Objects\walkingpad (?C_STARTUP)


SEGMENT                                             BIT_GROUP          DATA_GROUP          XDATA_GROUP
  +--> CALLED SEGMENT                            START    LENGTH     START    LENGTH     START    LENGTH
--------------------------------------------------------------------------------------------------------
?C_C51STARTUP                                    -----    -----      -----    -----      -----    -----
  +--> ?PR?MAIN?MAIN
  +--> ?C_INITSEG

?PR?MAIN?MAIN                                    -----    -----      -----    -----      -----    -----
  +--> ?PR?INI?INI
  +--> ?PR?FEED_WDG?INI
  +--> ?PR?TIMER_PROC?TIME
  +--> ?PR?KEY_SCAN?KEY
  +--> ?PR?DETECT_ERROR?ERROR
  +--> ?PR?HX711_WEIGHT?SENSOR
  +--> ?PR?FACTORYTESTOPERATION?FACTORY
  +--> ?PR?USEROPERATION?CONTROL
  +--> ?PR?DISPLAYDRIVERPROCESSLED?DISPLAYDR...
  +--> ?PR?COMMU?COMMU
  +--> ?PR?COMMU_WIFI?MIWIFI
  +--> ?PR?BUZZCON?BEEP

?PR?INI?INI                                      -----    -----      -----    -----      -----    -----
  +--> ?PR?CLOCK_INI?INI
  +--> ?PR?PORTDDR_SET?INI
  +--> ?PR?EXTI1_INI?INI
  +--> ?PR?TIMER0_INI?INI
  +--> ?PR?TIMER1_INI?INI
  +--> ?PR?_INITIALUART1?INI
  +--> ?PR?_INITIALUART2?INI
  +--> ?PR?WDG_INI?INI
  +--> ?PR?RAM_INI?INI
  +--> ?PR?DISPLAYDRIVERINITIALIZELED?DISPLA...
  +--> ?PR?INIT_PARAMS?INI
  +--> ?PR?_EEPROM_WRCHAR?EEPROM

?PR?_INITIALUART1?INI                            -----    -----      -----    -----      01EEH    0004H

?PR?_INITIALUART2?INI                            -----    -----      -----    -----      01EEH    0004H

BL51 BANKED LINKER/LOCATER V6.22.2.0                                                  07/13/2018  17:16:04  PAGE 6


?PR?DISPLAYDRIVERINITIALIZELED?DISPLA...         -----    -----      -----    -----      -----    -----
  +--> ?PR?_LED_WRITE_COMMAND?DISPLAYDRIVER

?PR?_LED_WRITE_COMMAND?DISPLAYDRIVER             -----    -----      -----    -----      -----    -----
  +--> ?PR?_LED_SEND_COMMAND_BIT?DISPLAYDRIVER

?PR?INIT_PARAMS?INI                              -----    -----      -----    -----      -----    -----
  +--> ?PR?EEPROM_READ?EEPROM

?PR?_EEPROM_WRCHAR?EEPROM                        -----    -----      -----    -----      -----    -----
  +--> ?PR?_FLASH_ERASEBLOCK?EEPROM

?PR?DETECT_ERROR?ERROR                           -----    -----      -----    -----      01EEH    0004H
  +--> ?PR?CLOCK?TIME
  +--> ?PR?_EEPROM_WRCHAR?EEPROM
  +--> ?PR?_EEPROM_WRITE_LONG?EEPROM
  +--> ?PR?_BEEP?BEEP

?PR?_EEPROM_WRITE_LONG?EEPROM                    -----    -----      -----    -----      01F9H    0007H
  +--> ?PR?_EEPROM_WRCHAR?EEPROM

?PR?HX711_WEIGHT?SENSOR                          -----    -----      -----    -----      01EEH    0008H
  +--> ?PR?HX711_READ1?SENSOR
  +--> ?PR?HX711_READ2?SENSOR
  +--> ?PR?_GET_MEDIAN?SENSOR
  +--> ?PR?CALC_DISCONNECT?SENSOR
  +--> ?PR?ADJUST_DRIFT?SENSOR

?PR?HX711_READ1?SENSOR                           -----    -----      -----    -----      01F6H    0004H
  +--> ?PR?DELAY__HX711_US?SENSOR

?PR?HX711_READ2?SENSOR                           -----    -----      -----    -----      01F6H    0004H
  +--> ?PR?DELAY__HX711_US?SENSOR

?PR?_GET_MEDIAN?SENSOR                           -----    -----      -----    -----      01F6H    0017H

?PR?ADJUST_DRIFT?SENSOR                          -----    -----      -----    -----      -----    -----
  +--> ?PR?DO_DRIFT?SENSOR

?PR?FACTORYTESTOPERATION?FACTORY                 -----    -----      -----    -----      -----    -----
  +--> ?PR?_DISP_MATRIX_ALL?IMAGE
  +--> ?CO?FACTORY
  +--> ?PR?_DISP_CUSTOM?IMAGE
  +--> ?PR?PROGMODEKEYS?PROGRAM
  +--> ?PR?USERCONSUMERKEYS?MOTION
  +--> ?PR?FACTORYTESTKEYS?FACTORY
  +--> ?PR?EEPROM_FACTORY?EEPROM
  +--> ?PR?INIT_PARAMS?INI
  +--> ?PR?_DISP_TEXT?IMAGE
  +--> ?PR?_DISP_D?IMAGE
  +--> ?CO?MIWIFI
  +--> ?PR?_DISP_LD?IMAGE
  +--> ?PR?SPEED_RPM_CONVERT?CONTROL
  +--> ?PR?USERCONSUMEROPERATION?MOTION
  +--> ?PR?RUN?RUN_MODE
  +--> ?PR?USERCONSUMERDISPLAY?MOTION
  +--> ?PR?SHOW_NET_STATE?FACTORY
BL51 BANKED LINKER/LOCATER V6.22.2.0                                                  07/13/2018  17:16:04  PAGE 7


  +--> ?PR?_EEPROM_WRCHAR?EEPROM
  +--> ?PR?_DISP_1F?IMAGE

?PR?_DISP_CUSTOM?IMAGE                           -----    -----      -----    -----      01F7H    002FH
  +--> ?PR?_VSPRINTF?VSPRINTF
  +--> ?PR?_DISP_TEXT?IMAGE

?PR?_VSPRINTF?VSPRINTF                           -----    -----      -----    -----      0226H    0006H
  +--> ?PR?PRINTF?PRINTF

?PR?PRINTF?PRINTF                                0020H.0  0001H.1    0008H    0005H      022CH    0030H
  +--> ?PR?PUTCHAR?PUTCHAR

?PR?_DISP_TEXT?IMAGE                             -----    -----      -----    -----      0226H    000BH
  +--> ?CO?IMAGE

?PR?PROGMODEKEYS?PROGRAM                         -----    -----      -----    -----      -----    -----
  +--> ?PR?CHECK_KEY_ID?KEY
  +--> ?PR?_BEEP?BEEP
  +--> ?PR?_EEPROM_WRCHAR?EEPROM

?PR?CHECK_KEY_ID?KEY                             -----    -----      -----    -----      -----    -----
  +--> ?PR?RCCHECK?RC

?PR?USERCONSUMERKEYS?MOTION                      -----    -----      -----    -----      -----    -----
  +--> ?PR?CHECK_KEY_ID?KEY
  +--> ?PR?_BEEP?BEEP
  +--> ?PR?_GOTO_STATE?MOTION

?PR?FACTORYTESTKEYS?FACTORY                      -----    -----      -----    -----      -----    -----
  +--> ?PR?CHECK_KEY_ID?KEY
  +--> ?PR?_BEEP?BEEP
  +--> ?PR?_DISP_MATRIX_ALL?IMAGE
  +--> ?PR?_EEPROM_WRCHAR?EEPROM

?PR?EEPROM_FACTORY?EEPROM                        -----    -----      -----    -----      01EEH    0002H
  +--> ?PR?_EEPROM_WRCHAR?EEPROM

?PR?_DISP_D?IMAGE                                -----    -----      -----    -----      -----    -----
  +--> ?CO?IMAGE
  +--> ?PR?_DISP_CUSTOM?IMAGE

?PR?_DISP_LD?IMAGE                               -----    -----      -----    -----      01F2H    0005H
  +--> ?CO?IMAGE
  +--> ?PR?_DISP_CUSTOM?IMAGE

?PR?USERCONSUMEROPERATION?MOTION                 -----    -----      -----    -----      01EEH    0004H
  +--> ?PR?_EEPROM_WRCHAR?EEPROM
  +--> ?PR?_GOTO_STATE?MOTION
  +--> ?PR?_BEEP?BEEP
  +--> ?PR?RESET_DATA?CONTROL
  +--> ?PR?RUN_NEW?RUN_MODE
  +--> ?PR?_EEPROM_WRITE_INT?EEPROM
  +--> ?PR?_EEPROM_WRITE_LONG?EEPROM
  +--> ?PR?RUN?RUN_MODE
  +--> ?PR?SAVE_TOTAL_DISTANCE?CONTROL

BL51 BANKED LINKER/LOCATER V6.22.2.0                                                  07/13/2018  17:16:04  PAGE 8


?PR?RUN_NEW?RUN_MODE                             -----    -----      -----    -----      -----    -----
  +--> ?PR?RUN_FIXED?RUN_MODE
  +--> ?PR?RUN_AUTO?RUN_MODE
  +--> ?PR?_EEPROM_WRCHAR?EEPROM

?PR?RUN_FIXED?RUN_MODE                           -----    -----      -----    -----      -----    -----
  +--> ?PR?_BEEP?BEEP

?PR?RUN_AUTO?RUN_MODE                            -----    -----      -----    -----      01F2H    0003H
  +--> ?PR?_BEEP?BEEP

?PR?_EEPROM_WRITE_INT?EEPROM                     -----    -----      -----    -----      01F9H    0005H
  +--> ?PR?_EEPROM_WRCHAR?EEPROM

?PR?RUN?RUN_MODE                                 -----    -----      -----    -----      -----    -----
  +--> ?PR?RUN_STEPDOWN?RUN_MODE
  +--> ?PR?RUN_AUTO?RUN_MODE
  +--> ?PR?_BEEP?BEEP
  +--> ?PR?RUN_NEW?RUN_MODE
  +--> ?PR?RUN_FIXED?RUN_MODE

?PR?SAVE_TOTAL_DISTANCE?CONTROL                  -----    -----      -----    -----      -----    -----
  +--> ?PR?_EEPROM_WRITE_LONG?EEPROM

?PR?USERCONSUMERDISPLAY?MOTION                   -----    -----      -----    -----      01EEH    0004H
  +--> ?PR?_DISP_MATRIX_ALL?IMAGE
  +--> ?PR?SET_RUNMODE_LED?MOTION
  +--> ?CO?MOTION
  +--> ?PR?_DISP_ALTERNANT_NET?IMAGE
  +--> ?PR?_DISP_ALTERNANT2_NET?IMAGE
  +--> ?PR?_DISP_MATRIX?IMAGE
  +--> ?PR?_DISP_TEXT?IMAGE
  +--> ?PR?DISPLAYDRIVERINITIALIZELED?DISPLA...
  +--> ?PR?_DISP_2F?IMAGE
  +--> ?PR?_DISP_1F?IMAGE
  +--> ?PR?_DISP_LD?IMAGE
  +--> ?PR?_DISP_D?IMAGE
  +--> ?CO?MIWIFI
  +--> ?PR?_DISP_CUSTOM?IMAGE
  +--> ?PR?CLOCK?TIME
  +--> ?PR?_BEEP?BEEP

?PR?_DISP_ALTERNANT_NET?IMAGE                    -----    -----      -----    -----      01F2H    0004H
  +--> ?PR?CLOCK?TIME

?PR?_DISP_ALTERNANT2_NET?IMAGE                   -----    -----      -----    -----      01F2H    0008H
  +--> ?PR?CLOCK?TIME

?PR?_DISP_MATRIX?IMAGE                           -----    -----      -----    -----      -----    -----
  +--> ?CO?IMAGE

?PR?_DISP_2F?IMAGE                               -----    -----      -----    -----      01F2H    0002H
  +--> ?CO?IMAGE
  +--> ?PR?_DISP_CUSTOM?IMAGE

?PR?_DISP_1F?IMAGE                               -----    -----      -----    -----      01F2H    0002H
  +--> ?CO?IMAGE
BL51 BANKED LINKER/LOCATER V6.22.2.0                                                  07/13/2018  17:16:04  PAGE 9


  +--> ?PR?_DISP_CUSTOM?IMAGE

?PR?SHOW_NET_STATE?FACTORY                       -----    -----      -----    -----      -----    -----
  +--> ?PR?_EEPROM_WRCHAR?EEPROM
  +--> ?PR?_DISP_ALTERNANT2_NET?IMAGE
  +--> ?PR?_DISP_ALTERNANT_NET?IMAGE

?PR?USEROPERATION?CONTROL                        -----    -----      -----    -----      -----    -----
  +--> ?PR?TIME_CALCULATION?CONTROL
  +--> ?PR?DIST_CALCULATION?CONTROL
  +--> ?PR?SPEED_RPM_CONVERT?CONTROL
  +--> ?PR?PROGMODEKEYS?PROGRAM
  +--> ?PR?USERCONSUMERKEYS?MOTION
  +--> ?PR?USERCONSUMEROPERATION?MOTION
  +--> ?PR?USERCONSUMERDISPLAY?MOTION

?PR?TIME_CALCULATION?CONTROL                     -----    -----      -----    -----      -----    -----
  +--> ?PR?_BEEP?BEEP
  +--> ?PR?SAVE_TOTAL_DISTANCE?CONTROL
  +--> ?PR?RESET_DATA?CONTROL

?PR?DIST_CALCULATION?CONTROL                     -----    -----      -----    -----      -----    -----
  +--> ?PR?_BEEP?BEEP
  +--> ?PR?SAVE_TOTAL_DISTANCE?CONTROL
  +--> ?PR?RESET_DATA?CONTROL
  +--> ?PR?PREPARE_STATISTIC_DATA?CONTROL

?PR?PREPARE_STATISTIC_DATA?CONTROL               -----    -----      -----    -----      01EEH    0002H

?PR?DISPLAYDRIVERPROCESSLED?DISPLAYDR...         -----    -----      -----    -----      01F9H    0006H
  +--> ?PR?_LED_SEND_COMMAND_BIT?DISPLAYDRIVER
  +--> ?PR?_LED_SEND_DATA_BIT?DISPLAYDRIVER

?PR?COMMU?COMMU                                  -----    -----      -----    -----      -----    -----
  +--> ?PR?GETFANSPEED?FAN

?PR?COMMU_WIFI?MIWIFI                            -----    -----      -----    -----      01EEH    000BH
  +--> ?CO?MIWIFI
  +--> ?PR?PRINTF?PRINTF
  +--> ?PR?_APPEND_SPEED?MIWIFI
  +--> ?PR?GET_STORE_TIME?MIWIFI
  +--> ?PR?CLEAR_OFFLINE_DATA?MIWIFI
  +--> ?PR?_STRLEN?STRLEN
  +--> ?PR?_STRNCMP?STRNCMP
  +--> ?PR?_APPEND_INT?MIWIFI
  +--> ?PR?_APPEND_LONG?MIWIFI
  +--> ?PR?_APPEND_STR?MIWIFI
  +--> ?PR?_BEEP?BEEP
  +--> ?PR?_PARSE_SPEED?MIWIFI
  +--> ?PR?_EEPROM_WRCHAR?EEPROM
  +--> ?PR?_ATOI?ATOI
  +--> ?PR?_EEPROM_WRITE_INT?EEPROM
  +--> ?PR?_DISP_MATRIX_ALL?IMAGE
  +--> ?PR?_DISP_TEXT?IMAGE
  +--> ?PR?DISPLAYDRIVERPROCESSLED?DISPLAYDR...
  +--> ?PR?_PROCESS_NET_STATE?MIWIFI
  +--> ?PR?_STRSTR?STRSTR
BL51 BANKED LINKER/LOCATER V6.22.2.0                                                  07/13/2018  17:16:04  PAGE 10


  +--> ?PR?_ATOL?ATOL
  +--> ?PR?CLOCK?TIME

?PR?_APPEND_SPEED?MIWIFI                         -----    -----      -----    -----      01F9H    0004H
  +--> ?CO?MIWIFI
  +--> ?PR?PRINTF?PRINTF

?PR?GET_STORE_TIME?MIWIFI                        -----    -----      -----    -----      01F9H    0004H
  +--> ?PR?CLOCK?TIME

?PR?CLEAR_OFFLINE_DATA?MIWIFI                    -----    -----      -----    -----      -----    -----
  +--> ?PR?_EEPROM_WRITE_INT?EEPROM
  +--> ?PR?_EEPROM_WRITE_LONG?EEPROM

?PR?_STRNCMP?STRNCMP                             -----    -----      -----    -----      01FCH    0008H

?PR?_APPEND_INT?MIWIFI                           -----    -----      -----    -----      01F9H    0003H
  +--> ?CO?MIWIFI
  +--> ?PR?PRINTF?PRINTF

?PR?_APPEND_LONG?MIWIFI                          -----    -----      -----    -----      01F9H    0003H
  +--> ?CO?MIWIFI
  +--> ?PR?PRINTF?PRINTF

?PR?_APPEND_STR?MIWIFI                           -----    -----      -----    -----      01F9H    0006H
  +--> ?CO?MIWIFI
  +--> ?PR?PRINTF?PRINTF

?PR?_PARSE_SPEED?MIWIFI                          -----    -----      -----    -----      01F9H    0005H
  +--> ?PR?_ATOI?ATOI
  +--> ?PR?_STRCHR?STRCHR
  +--> ?PR?_ISDIGIT?ISDIGIT

?PR?_ATOI?ATOI                                   0020H.0  0000H.1    -----    -----      01FEH    0005H
  +--> ?PR?_ISSPACE?ISSPACE
  +--> ?PR?_ISDIGIT?ISDIGIT

?PR?_PROCESS_NET_STATE?MIWIFI                    -----    -----      -----    -----      01F9H    0003H
  +--> ?CO?MIWIFI
  +--> ?PR?_STRNCMP?STRNCMP

?PR?_STRSTR?STRSTR                               -----    -----      -----    -----      01F9H    000CH

?PR?_ATOL?ATOL                                   0020H.0  0000H.1    -----    -----      01F9H    0007H
  +--> ?PR?_ISSPACE?ISSPACE
  +--> ?PR?_ISDIGIT?ISDIGIT

?PR?BUZZCON?BEEP                                 -----    -----      -----    -----      -----    -----
  +--> ?CO?BEEP



SYMBOL TABLE OF MODULE:  .\Objects\walkingpad (?C_STARTUP)

  VALUE           TYPE          NAME
  ----------------------------------

BL51 BANKED LINKER/LOCATER V6.22.2.0                                                  07/13/2018  17:16:04  PAGE 11


  -------         MODULE        ?C_STARTUP
  C:759DH         SEGMENT       ?C_C51STARTUP
  I:0024H         SEGMENT       ?STACK
  C:0000H         PUBLIC        ?C_STARTUP
  D:00E0H         SYMBOL        ACC
  D:00F0H         SYMBOL        B
  D:0083H         SYMBOL        DPH
  D:0082H         SYMBOL        DPL
  N:0000H         SYMBOL        IBPSTACK
  N:0100H         SYMBOL        IBPSTACKTOP
  N:0100H         SYMBOL        IDATALEN
  C:75A0H         SYMBOL        IDATALOOP
  N:0000H         SYMBOL        PBPSTACK
  N:0100H         SYMBOL        PBPSTACKTOP
  N:0000H         SYMBOL        PDATALEN
  N:0000H         SYMBOL        PDATASTART
  N:0000H         SYMBOL        PPAGE
  N:0000H         SYMBOL        PPAGEENABLE
  D:00A0H         SYMBOL        PPAGE_SFR
  D:0081H         SYMBOL        SP
  C:759DH         SYMBOL        STARTUP1
  N:0000H         SYMBOL        XBPSTACK
  N:0000H         SYMBOL        XBPSTACKTOP
  N:0000H         SYMBOL        XDATALEN
  N:0000H         SYMBOL        XDATASTART
  C:0000H         LINE#         126
  C:759DH         LINE#         133
  C:759FH         LINE#         134
  C:75A0H         LINE#         135
  C:75A1H         LINE#         136
  C:75A3H         LINE#         185
  C:75A6H         LINE#         196
  -------         ENDMOD        ?C_STARTUP

  -------         MODULE        COMMU
  C:0000H         SYMBOL        _ICE_DUMMY_
  D:0080H         PUBLIC        P0
  D:0090H         PUBLIC        P1
  X:03F7H         PUBLIC        command_size
  D:00A0H         PUBLIC        P2
  D:00B0H         PUBLIC        P3
  D:00C0H         PUBLIC        P4
  D:00C8H         PUBLIC        P5
  C:623AH         PUBLIC        UART2_Rpt
  D:00A8H         PUBLIC        IE
  X:03F8H         SYMBOL        command_id
  D:00F8H         PUBLIC        RSTFR
  C:52BFH         PUBLIC        commu
  X:03F9H         SYMBOL        commu_state
  D:0098H         PUBLIC        SCON
  D:0088H         PUBLIC        TCON
  X:03FAH         SYMBOL        pccom_fail_cnt
  D:00B8H         PUBLIC        IE1
  B:0023H.2       PUBLIC        flag_motor_params_changed
  D:00D0H         PUBLIC        PSW
  -------         PROC          COMMU
  -------         DO            
BL51 BANKED LINKER/LOCATER V6.22.2.0                                                  07/13/2018  17:16:04  PAGE 12


  D:0007H         SYMBOL        temp8
  D:0006H         SYMBOL        tempc
  -------         ENDDO         
  C:52BFH         LINE#         39
  C:52BFH         LINE#         40
  C:52BFH         LINE#         43
  C:52C8H         LINE#         44
  C:52C8H         LINE#         45
  C:52CBH         LINE#         46
  C:52CBH         LINE#         47
  C:52CDH         LINE#         48
  C:52D3H         LINE#         49
  C:52D3H         LINE#         50
  C:52D9H         LINE#         51
  C:52DFH         LINE#         52
  C:52E2H         LINE#         53
  C:52E8H         LINE#         54
  C:52EAH         LINE#         55
  C:52F2H         LINE#         56
  C:5300H         LINE#         57
  C:5300H         LINE#         58
  C:5300H         LINE#         59
  C:5306H         LINE#         60
  C:5308H         LINE#         61
  C:5308H         LINE#         62
  C:530EH         LINE#         63
  C:5316H         LINE#         64
  C:531BH         LINE#         67
  C:532AH         LINE#         68
  C:532DH         LINE#         70
  C:5335H         LINE#         71
  C:533DH         LINE#         72
  C:5340H         LINE#         78
  C:5348H         LINE#         81
  C:5352H         LINE#         82
  C:535AH         LINE#         83
  C:535CH         LINE#         84
  C:535CH         LINE#         85
  C:5362H         LINE#         86
  C:536AH         LINE#         87
  C:536FH         LINE#         90
  C:537EH         LINE#         91
  C:5386H         LINE#         92
  C:5386H         LINE#         93
  C:5386H         LINE#         94
  C:5386H         LINE#         95
  C:5386H         LINE#         96
  C:5391H         LINE#         97
  C:5391H         LINE#         98
  C:539FH         LINE#         99
  C:539FH         LINE#         100
  C:53ACH         LINE#         101
  C:53AFH         LINE#         102
  C:53BFH         LINE#         103
  C:53CCH         LINE#         105
  C:53D4H         LINE#         107
  C:53D4H         LINE#         108
BL51 BANKED LINKER/LOCATER V6.22.2.0                                                  07/13/2018  17:16:04  PAGE 13


  C:53D7H         LINE#         109
  C:53E2H         LINE#         110
  C:53E2H         LINE#         111
  C:53E8H         LINE#         112
  C:53E8H         LINE#         113
  C:53ECH         LINE#         114
  C:53F0H         LINE#         115
  C:53F2H         LINE#         116
  C:53F4H         LINE#         117
  C:53F8H         LINE#         118
  C:5400H         LINE#         120
  C:5411H         LINE#         121
  C:5411H         LINE#         122
  C:5411H         LINE#         124
  C:5419H         LINE#         128
  C:541FH         LINE#         129
  C:5420H         LINE#         130
  C:5420H         LINE#         131
  C:542FH         LINE#         132
  C:543EH         LINE#         133
  C:544DH         LINE#         134
  C:5455H         LINE#         135
  C:545EH         LINE#         139
  C:5472H         LINE#         141
  C:5479H         LINE#         142
  C:547EH         LINE#         143
  C:548EH         LINE#         144
  C:5494H         LINE#         145
  C:5495H         LINE#         146
  C:5495H         LINE#         147
  C:549DH         LINE#         148
  C:54AAH         LINE#         149
  C:54B9H         LINE#         150
  C:54C8H         LINE#         151
  C:54D0H         LINE#         152
  C:54D8H         LINE#         153
  C:54ECH         LINE#         154
  C:54EDH         LINE#         155
  C:54EDH         LINE#         156
  C:54F3H         LINE#         157
  C:54F3H         LINE#         158
  C:54F4H         LINE#         160
  C:54F4H         LINE#         161
  C:5501H         LINE#         162
  C:5501H         LINE#         163
  C:550DH         LINE#         164
  C:550DH         LINE#         165
  C:550FH         LINE#         166
  C:5511H         LINE#         168
  C:5511H         LINE#         169
  C:5517H         LINE#         170
  C:5517H         LINE#         171
  C:551CH         LINE#         172
  C:5521H         LINE#         173
  C:5526H         LINE#         174
  C:5527H         LINE#         176
  C:5527H         LINE#         177
BL51 BANKED LINKER/LOCATER V6.22.2.0                                                  07/13/2018  17:16:04  PAGE 14


  C:552DH         LINE#         178
  C:552DH         LINE#         179
  C:552DH         LINE#         180
  C:552EH         LINE#         182
  C:552EH         LINE#         183
  C:5533H         LINE#         184
  C:5538H         LINE#         185
  C:5538H         LINE#         186
  -------         ENDPROC       COMMU
  -------         PROC          UART2_RPT
  -------         DO            
  D:0006H         SYMBOL        tempi
  D:0007H         SYMBOL        tempj
  -------         ENDDO         
  C:623AH         LINE#         188
  C:624DH         LINE#         191
  C:6257H         LINE#         192
  C:6257H         LINE#         193
  C:6266H         LINE#         194
  C:627BH         LINE#         195
  C:6281H         LINE#         196
  C:6281H         LINE#         197
  C:628FH         LINE#         198
  C:6291H         LINE#         201
  C:6294H         LINE#         202
  C:629AH         LINE#         203
  C:629AH         LINE#         204
  C:62A8H         LINE#         205
  C:62AAH         LINE#         208
  C:62ADH         LINE#         209
  C:62B8H         LINE#         210
  C:62B8H         LINE#         211
  C:62CBH         LINE#         216
  C:62DDH         LINE#         217
  C:62DDH         LINE#         218
  C:62EFH         LINE#         219
  C:62EFH         LINE#         220
  C:62F0H         LINE#         221
  C:630EH         LINE#         222
  C:631CH         LINE#         223
  C:631CH         LINE#         224
  C:631EH         LINE#         225
  C:6323H         LINE#         226
  C:6327H         LINE#         227
  C:6329H         LINE#         228
  C:6329H         LINE#         229
  C:632BH         LINE#         230
  C:632BH         LINE#         233
  C:632DH         LINE#         235
  C:632DH         LINE#         236
  C:633FH         LINE#         237
  C:6344H         LINE#         238
  C:6344H         LINE#         240
  C:634BH         LINE#         241
  C:634BH         LINE#         242
  C:6352H         LINE#         243
  C:6352H         LINE#         244
BL51 BANKED LINKER/LOCATER V6.22.2.0                                                  07/13/2018  17:16:04  PAGE 15


  C:6362H         LINE#         245
  C:6381H         LINE#         247
  C:6381H         LINE#         248
  C:6386H         LINE#         249
  C:6386H         LINE#         250
  C:638DH         LINE#         251
  C:638DH         LINE#         252
  -------         ENDPROC       UART2_RPT
  -------         ENDMOD        COMMU

  -------         MODULE        DISPLAYDRIVER
  C:0000H         SYMBOL        _ICE_DUMMY_
  D:0080H         PUBLIC        P0
  D:0090H         PUBLIC        P1
  D:00A0H         PUBLIC        P2
  D:00B0H         PUBLIC        P3
  D:00C0H         PUBLIC        P4
  D:00C8H         PUBLIC        P5
  C:6B70H         PUBLIC        DisplayDriverProcessLED
  D:00A8H         PUBLIC        IE
  D:00F8H         PUBLIC        RSTFR
  B:0080H.4       PUBLIC        P0_4
  B:0080H.5       PUBLIC        P0_5
  B:0080H.6       PUBLIC        P0_6
  C:8431H         PUBLIC        _LED_Send_Data_Bit
  D:0098H         PUBLIC        SCON
  D:0088H         PUBLIC        TCON
  C:8453H         PUBLIC        DisplayDriverInitializeLED
  D:00B8H         PUBLIC        IE1
  C:84BAH         PUBLIC        _LED_Send_Command_Bit
  C:855FH         PUBLIC        _LED_Write_Command
  D:00D0H         PUBLIC        PSW
  -------         PROC          _LED_SEND_COMMAND_BIT
  D:0007H         SYMBOL        dat
  D:0005H         SYMBOL        n
  -------         DO            
  D:0006H         SYMBOL        i
  -------         ENDDO         
  C:84BAH         LINE#         30
  C:84BAH         LINE#         31
  C:84BAH         LINE#         33
  C:84C1H         LINE#         34
  C:84C1H         LINE#         35
  C:84C3H         LINE#         36
  C:84C7H         LINE#         37
  C:84C7H         LINE#         38
  C:84C9H         LINE#         39
  C:84CBH         LINE#         41
  C:84CBH         LINE#         42
  C:84CDH         LINE#         43
  C:84CDH         LINE#         44
  C:84D1H         LINE#         46
  C:84D3H         LINE#         47
  C:84D6H         LINE#         48
  -------         ENDPROC       _LED_SEND_COMMAND_BIT
  C:842DH         SYMBOL        L?0024
  -------         PROC          L?0023
BL51 BANKED LINKER/LOCATER V6.22.2.0                                                  07/13/2018  17:16:04  PAGE 16


  -------         ENDPROC       L?0023
  C:842DH         SYMBOL        L?0024
  -------         PROC          _LED_SEND_DATA_BIT
  D:0007H         SYMBOL        dat
  -------         DO            
  D:0006H         SYMBOL        i
  -------         ENDDO         
  C:8431H         LINE#         50
  C:8431H         LINE#         51
  C:8431H         LINE#         53
  C:843DH         LINE#         54
  C:843DH         LINE#         55
  C:843FH         LINE#         56
  C:8443H         LINE#         57
  C:8443H         LINE#         58
  C:8445H         LINE#         59
  C:8447H         LINE#         61
  C:8447H         LINE#         62
  C:8449H         LINE#         63
  C:8449H         LINE#         64
  C:844DH         LINE#         66
  C:844FH         LINE#         67
  C:8452H         LINE#         68
  -------         ENDPROC       _LED_SEND_DATA_BIT
  -------         PROC          _LED_WRITE_COMMAND
  D:0004H         SYMBOL        command
  C:855FH         LINE#         70
  C:8561H         LINE#         71
  C:8561H         LINE#         72
  C:8563H         LINE#         75
  C:8565H         LINE#         77
  C:856CH         LINE#         78
  C:8573H         LINE#         80
  C:8575H         LINE#         81
  -------         ENDPROC       _LED_WRITE_COMMAND
  -------         PROC          DISPLAYDRIVERPROCESSLED
  -------         DO            
  D:0005H         SYMBOL        i
  D:0004H         SYMBOL        c
  X:01F9H         SYMBOL        image_up
  X:01FCH         SYMBOL        image_down
  -------         ENDDO         
  C:6B70H         LINE#         83
  C:6B70H         LINE#         84
  C:6B70H         LINE#         88
  C:6B85H         LINE#         89
  C:6B9AH         LINE#         93
  C:6B9CH         LINE#         95
  C:6BA3H         LINE#         96
  C:6BAAH         LINE#         98
  C:6BB9H         LINE#         99
  C:6BD6H         LINE#         100
  C:6BD6H         LINE#         101
  C:6BDAH         LINE#         102
  C:6BFEH         LINE#         103
  C:6C02H         LINE#         104
  C:6C05H         LINE#         105
BL51 BANKED LINKER/LOCATER V6.22.2.0                                                  07/13/2018  17:16:04  PAGE 17


  C:6C12H         LINE#         106
  C:6C12H         LINE#         107
  C:6C29H         LINE#         108
  C:6C48H         LINE#         109
  C:6C4BH         LINE#         110
  C:6C50H         LINE#         111
  C:6C61H         LINE#         114
  C:6C63H         LINE#         115
  -------         ENDPROC       DISPLAYDRIVERPROCESSLED
  -------         PROC          DISPLAYDRIVERINITIALIZELED
  C:8453H         LINE#         116
  C:8453H         LINE#         117
  C:8453H         LINE#         119
  C:8455H         LINE#         120
  C:845AH         LINE#         122
  C:845FH         LINE#         124
  C:8464H         LINE#         126
  C:8469H         LINE#         129
  C:846EH         LINE#         134
  C:8473H         LINE#         136
  -------         ENDPROC       DISPLAYDRIVERINITIALIZELED
  -------         ENDMOD        DISPLAYDRIVER

  -------         MODULE        INI
  C:0000H         SYMBOL        _ICE_DUMMY_
  D:0080H         PUBLIC        P0
  D:0090H         PUBLIC        P1
  D:00A0H         PUBLIC        P2
  D:00B0H         PUBLIC        P3
  D:00C0H         PUBLIC        P4
  D:009DH         PUBLIC        SBRTH
  D:00C8H         PUBLIC        P5
  B:00A8H.7       PUBLIC        EA
  D:009CH         PUBLIC        SBRTL
  D:00A8H         PUBLIC        IE
  B:0080H.0       PUBLIC        P0_0
  B:0090H.0       PUBLIC        P1_0
  B:0090H.1       PUBLIC        P1_1
  B:0080H.3       PUBLIC        P0_3
  D:00F8H         PUBLIC        RSTFR
  B:0080H.4       PUBLIC        P0_4
  B:00C0H.2       PUBLIC        P4_2
  B:0080H.7       PUBLIC        P0_7
  B:00B0H.6       PUBLIC        P3_6
  B:00C8H.5       PUBLIC        P5_5
  C:6FB8H         PUBLIC        init_params
  C:849AH         PUBLIC        clock_ini
  C:7E1FH         SYMBOL        portddr_set
  D:00BDH         PUBLIC        WDTC
  D:0098H         PUBLIC        SCON
  D:0089H         PUBLIC        TMOD
  D:0088H         PUBLIC        TCON
  B:00F8H.7       PUBLIC        PORF
  C:000EH         PUBLIC        feed_wdg
  D:008FH         PUBLIC        CLKCON
  C:7B52H         PUBLIC        _InitialUART1
  C:78AAH         PUBLIC        _InitialUART2
BL51 BANKED LINKER/LOCATER V6.22.2.0                                                  07/13/2018  17:16:04  PAGE 18


  D:00B8H         PUBLIC        IE1
  C:8025H         PUBLIC        ini
  B:00A8H.1       PUBLIC        ET0
  B:00A8H.4       PUBLIC        ES1
  D:00A9H         PUBLIC        IP0
  B:00A8H.3       PUBLIC        ET1
  B:00A8H.6       PUBLIC        ES2
  D:00AAH         PUBLIC        IP1
  D:008CH         PUBLIC        TH0
  D:008DH         PUBLIC        TH1
  D:008AH         PUBLIC        TL0
  D:008BH         PUBLIC        TL1
  D:008EH         PUBLIC        CLKSWR
  C:8326H         PUBLIC        ram_ini
  C:85F7H         PUBLIC        wdg_ini
  D:009EH         PUBLIC        SCON2
  C:8576H         SYMBOL        Exti1_ini
  C:84F3H         SYMBOL        timer0_ini
  C:850EH         PUBLIC        timer1_ini
  D:00D0H         PUBLIC        PSW
  -------         PROC          PORTDDR_SET
  C:7E1FH         LINE#         14
  C:7E1FH         LINE#         15
  C:7E1FH         LINE#         18
  C:7E25H         LINE#         19
  C:7E27H         LINE#         20
  C:7E2BH         LINE#         21
  C:7E2DH         LINE#         22
  C:7E2FH         LINE#         23
  C:7E31H         LINE#         24
  C:7E33H         LINE#         25
  C:7E35H         LINE#         27
  C:7E39H         LINE#         28
  C:7E3BH         LINE#         29
  C:7E3DH         LINE#         30
  C:7E41H         LINE#         31
  C:7E43H         LINE#         32
  C:7E47H         LINE#         34
  C:7E4DH         LINE#         35
  C:7E4FH         LINE#         36
  C:7E53H         LINE#         37
  C:7E57H         LINE#         39
  C:7E5BH         LINE#         40
  C:7E5FH         LINE#         41
  C:7E63H         LINE#         42
  C:7E67H         LINE#         43
  C:7E69H         LINE#         45
  C:7E6DH         LINE#         46
  C:7E6FH         LINE#         47
  C:7E71H         LINE#         49
  C:7E75H         LINE#         50
  C:7E77H         LINE#         51
  C:7E79H         LINE#         52
  C:7E7BH         LINE#         53
  -------         ENDPROC       PORTDDR_SET
  -------         PROC          EXTI1_INI
  C:8576H         LINE#         57
BL51 BANKED LINKER/LOCATER V6.22.2.0                                                  07/13/2018  17:16:04  PAGE 19


  C:8576H         LINE#         58
  C:8576H         LINE#         60
  C:857DH         LINE#         61
  C:8583H         LINE#         62
  C:8586H         LINE#         63
  C:8589H         LINE#         64
  C:858BH         LINE#         65
  -------         ENDPROC       EXTI1_INI
  -------         PROC          TIMER0_INI
  C:84F3H         LINE#         68
  C:84F3H         LINE#         69
  C:84F3H         LINE#         72
  C:84FAH         LINE#         73
  C:84FDH         LINE#         74
  C:8500H         LINE#         75
  C:8503H         LINE#         76
  C:8505H         LINE#         77
  C:8508H         LINE#         78
  C:850BH         LINE#         79
  C:850DH         LINE#         80
  -------         ENDPROC       TIMER0_INI
  -------         PROC          WDG_INI
  C:85F7H         LINE#         81
  C:85F7H         LINE#         82
  C:85F7H         LINE#         86
  C:85FCH         LINE#         88
  C:85FFH         LINE#         93
  C:8602H         LINE#         95
  -------         ENDPROC       WDG_INI
  -------         PROC          FEED_WDG
  C:000EH         LINE#         96
  C:000EH         LINE#         97
  C:000EH         LINE#         98
  C:0011H         LINE#         100
  -------         ENDPROC       FEED_WDG
  -------         PROC          CLOCK_INI
  C:849AH         LINE#         101
  C:849AH         LINE#         102
  C:849AH         LINE#         103
  C:849FH         LINE#         104
  C:84A2H         LINE#         105
  C:84AAH         LINE#         106
  C:84ADH         LINE#         107
  C:84B3H         LINE#         108
  C:84B9H         LINE#         109
  -------         ENDPROC       CLOCK_INI
  -------         PROC          TIMER1_INI
  C:850EH         LINE#         110
  C:850EH         LINE#         111
  C:850EH         LINE#         114
  C:8515H         LINE#         115
  C:8518H         LINE#         116
  C:851BH         LINE#         117
  C:851EH         LINE#         118
  C:8520H         LINE#         119
  C:8523H         LINE#         120
  C:8526H         LINE#         122
BL51 BANKED LINKER/LOCATER V6.22.2.0                                                  07/13/2018  17:16:04  PAGE 20


  C:8528H         LINE#         123
  -------         ENDPROC       TIMER1_INI
  -------         PROC          _INITIALUART1
  X:01EEH         SYMBOL        u32Baudrate
  C:7B52H         LINE#         124
  C:7B58H         LINE#         125
  C:7B58H         LINE#         127
  C:7B5EH         LINE#         128
  C:7B61H         LINE#         129
  C:7B90H         LINE#         130
  C:7BAFH         LINE#         131
  C:7BB2H         LINE#         132
  C:7BB5H         LINE#         133
  C:7BB7H         LINE#         134
  C:7BBAH         LINE#         135
  C:7BBCH         LINE#         136
  -------         ENDPROC       _INITIALUART1
  -------         PROC          _INITIALUART2
  X:01EEH         SYMBOL        u32Baudrate
  C:78AAH         LINE#         137
  C:78B0H         LINE#         138
  C:78B0H         LINE#         140
  C:78B6H         LINE#         141
  C:78B9H         LINE#         142
  C:78EBH         LINE#         143
  C:790CH         LINE#         144
  C:7912H         LINE#         145
  C:7918H         LINE#         146
  C:791AH         LINE#         147
  C:791DH         LINE#         148
  C:791FH         LINE#         149
  -------         ENDPROC       _INITIALUART2
  -------         PROC          RAM_INI
  -------         DO            
  D:0082H         SYMBOL        i
  -------         ENDDO         
  C:8326H         LINE#         150
  C:8326H         LINE#         151
  C:8326H         LINE#         154
  C:8329H         LINE#         157
  C:8337H         LINE#         158
  C:833CH         LINE#         160
  C:834AH         LINE#         161
  C:8356H         LINE#         162
  -------         ENDPROC       RAM_INI
  -------         PROC          INIT_PARAMS
  C:6FB8H         LINE#         164
  C:6FB8H         LINE#         165
  C:6FB8H         LINE#         166
  C:6FBEH         LINE#         167
  C:6FC0H         LINE#         169
  C:6FC3H         LINE#         172
  C:6FDBH         LINE#         173
  C:6FDBH         LINE#         174
  C:6FE1H         LINE#         175
  C:6FE1H         LINE#         177
  C:6FF9H         LINE#         178
BL51 BANKED LINKER/LOCATER V6.22.2.0                                                  07/13/2018  17:16:04  PAGE 21


  C:6FF9H         LINE#         179
  C:6FFFH         LINE#         180
  C:6FFFH         LINE#         181
  C:7017H         LINE#         182
  C:7017H         LINE#         183
  C:701DH         LINE#         184
  C:701DH         LINE#         190
  C:7035H         LINE#         191
  C:7035H         LINE#         192
  C:703BH         LINE#         193
  C:703BH         LINE#         195
  C:7053H         LINE#         196
  C:7053H         LINE#         197
  C:7059H         LINE#         198
  C:7059H         LINE#         203
  C:7071H         LINE#         204
  C:7071H         LINE#         205
  C:7077H         LINE#         206
  C:7077H         LINE#         217
  C:707DH         LINE#         218
  C:707DH         LINE#         219
  C:7080H         LINE#         220
  C:7080H         LINE#         221
  -------         ENDPROC       INIT_PARAMS
  -------         PROC          INI
  C:8025H         LINE#         223
  C:8025H         LINE#         224
  C:8025H         LINE#         239
  C:8028H         LINE#         240
  C:802EH         LINE#         241
  C:8031H         LINE#         243
  C:8034H         LINE#         244
  C:8037H         LINE#         245
  C:803AH         LINE#         246
  C:8045H         LINE#         247
  C:8050H         LINE#         248
  C:8053H         LINE#         249
  C:8056H         LINE#         251
  C:8059H         LINE#         254
  C:805CH         LINE#         256
  C:8066H         LINE#         258
  C:8069H         LINE#         260
  -------         ENDPROC       INI
  -------         ENDMOD        INI

  -------         MODULE        MAIN
  C:0000H         SYMBOL        _ICE_DUMMY_
  D:0080H         PUBLIC        P0
  D:0090H         PUBLIC        P1
  D:00A0H         PUBLIC        P2
  D:00B0H         PUBLIC        P3
  D:00C0H         PUBLIC        P4
  D:00C8H         PUBLIC        P5
  X:02C7H         PUBLIC        power_board_version
  D:00A8H         PUBLIC        IE
  X:02C8H         PUBLIC        fixed_mode_speed
  B:0080H.3       PUBLIC        P0_3
BL51 BANKED LINKER/LOCATER V6.22.2.0                                                  07/13/2018  17:16:04  PAGE 22


  D:00F8H         PUBLIC        RSTFR
  X:02C9H         PUBLIC        cnt_rec2
  X:02CAH         PUBLIC        machine_volt_motor
  X:02CBH         PUBLIC        fixed_start_speed
  X:02CCH         PUBLIC        waiting_cnt
  X:02CDH         PUBLIC        user_speed_target
  X:02CEH         PUBLIC        cnt_tra2
  X:02CFH         PUBLIC        pcrxd
  X:02F2H         PUBLIC        goal_value
  X:02F4H         PUBLIC        pctxd
  C:7FD7H         PUBLIC        main
  X:030DH         PUBLIC        error_code
  X:030FH         PUBLIC        goal_status
  X:0310H         PUBLIC        flag_disp
  X:0311H         PUBLIC        user_request
  D:0098H         PUBLIC        SCON
  D:0088H         PUBLIC        TCON
  B:0021H.1       PUBLIC        flag_auto
  X:0312H         PUBLIC        machine_speed_target
  X:0313H         PUBLIC        pccom_cnt
  X:0314H         PUBLIC        dc_motor_rating_f1
  D:00B8H         PUBLIC        IE1
  X:0315H         PUBLIC        speed_limit_max
  B:0021H.2       PUBLIC        pcerr_com
  X:0316H         PUBLIC        goal_type
  X:0317H         PUBLIC        user_steps
  X:0319H         PUBLIC        user_steps_pause
  X:031BH         PUBLIC        machine_current_motor
  X:031CH         PUBLIC        user_steps_total
  B:0021H.3       PUBLIC        machine_state
  X:031EH         PUBLIC        user_rpm_target
  B:0021H.4       PUBLIC        tutorial_finish
  B:0021H.5       PUBLIC        factory_finish
  X:0320H         PUBLIC        acceleration_param
  X:0321H         PUBLIC        user_steps_last
  X:0323H         PUBLIC        dc_motor_rating_volt
  B:0021H.6       PUBLIC        pcorder
  X:0324H         PUBLIC        machine_rpm_target
  B:0021H.7       PUBLIC        max_speed_unlocked
  B:0022H.0       PUBLIC        waiting
  D:00D0H         PUBLIC        PSW
  X:0326H         PUBLIC        dc_motor_startup_volt
  -------         PROC          MAIN
  C:7FD7H         LINE#         29
  C:7FD7H         LINE#         30
  C:7FD7H         LINE#         31
  C:7FDAH         LINE#         32
  C:7FDAH         LINE#         33
  C:7FDAH         LINE#         34
  C:7FDCH         LINE#         35
  C:7FDFH         LINE#         36
  C:7FE2H         LINE#         37
  C:7FE5H         LINE#         38
  C:7FE8H         LINE#         39
  C:7FEBH         LINE#         40
  C:7FEEH         LINE#         42
  C:7FF1H         LINE#         43
BL51 BANKED LINKER/LOCATER V6.22.2.0                                                  07/13/2018  17:16:04  PAGE 23


  C:7FF1H         LINE#         44
  C:7FF4H         LINE#         45
  C:7FF6H         LINE#         47
  C:7FF6H         LINE#         48
  C:7FF9H         LINE#         49
  C:7FF9H         LINE#         51
  C:7FFCH         LINE#         52
  C:7FFFH         LINE#         53
  C:8002H         LINE#         54
  C:8005H         LINE#         57
  C:8008H         LINE#         62
  C:800BH         LINE#         63
  C:800EH         LINE#         65
  C:801BH         LINE#         66
  C:801BH         LINE#         67
  C:801CH         LINE#         68
  C:801EH         LINE#         69
  C:8023H         LINE#         70
  -------         ENDPROC       MAIN
  -------         ENDMOD        MAIN

  -------         MODULE        BEEP
  C:0000H         SYMBOL        _ICE_DUMMY_
  C:85B5H         SYMBOL        beep_setting
  X:03FBH         SYMBOL        beep_on_cnt
  X:03FCH         SYMBOL        beep_number
  B:0022H.4       SYMBOL        beep_request
  C:7204H         PUBLIC        buzzcon
  B:0022H.5       PUBLIC        flag_beep
  C:0003H         PUBLIC        _beep
  X:03FDH         SYMBOL        beepmode
  X:03FEH         SYMBOL        beep_off_cnt
  -------         PROC          _BEEP
  D:0007H         SYMBOL        beepm
  C:0003H         LINE#         44
  C:0003H         LINE#         45
  C:0003H         LINE#         46
  C:0008H         LINE#         47
  C:000AH         LINE#         48
  -------         ENDPROC       _BEEP
  -------         PROC          BUZZCON
  C:7204H         LINE#         59
  C:7204H         LINE#         60
  C:7204H         LINE#         61
  C:7207H         LINE#         62
  C:7207H         LINE#         63
  C:7209H         LINE#         64
  C:7221H         LINE#         65
  C:7235H         LINE#         66
  C:724CH         LINE#         67
  C:724CH         LINE#         68
  C:7259H         LINE#         69
  C:7259H         LINE#         71
  C:725BH         LINE#         75
  C:725BH         LINE#         76
  C:725DH         LINE#         78
  C:725DH         LINE#         80
BL51 BANKED LINKER/LOCATER V6.22.2.0                                                  07/13/2018  17:16:04  PAGE 24


  C:725FH         LINE#         84
  C:726CH         LINE#         85
  C:726CH         LINE#         86
  C:7279H         LINE#         87
  C:7279H         LINE#         88
  C:727CH         LINE#         89
  C:727DH         LINE#         91
  C:727DH         LINE#         92
  C:7283H         LINE#         93
  C:7299H         LINE#         94
  C:72A9H         LINE#         95
  C:72A9H         LINE#         96
  C:72ABH         LINE#         98
  C:72ABH         LINE#         99
  C:72B0H         LINE#         100
  C:72B4H         LINE#         101
  C:72B4H         LINE#         102
  C:72B4H         LINE#         103
  -------         ENDPROC       BUZZCON
  -------         ENDMOD        BEEP

  -------         MODULE        CONTROL
  C:0000H         SYMBOL        _ICE_DUMMY_
  D:0080H         PUBLIC        P0
  D:0090H         PUBLIC        P1
  D:00A0H         PUBLIC        P2
  D:00B0H         PUBLIC        P3
  D:00C0H         PUBLIC        P4
  D:00C8H         PUBLIC        P5
  D:00A8H         PUBLIC        IE
  D:00F8H         PUBLIC        RSTFR
  C:83B4H         PUBLIC        useroperation
  C:773BH         PUBLIC        reset_data
  C:7ED9H         SYMBOL        time_calculation
  C:7C28H         PUBLIC        speed_rpm_convert
  C:685DH         SYMBOL        dist_calculation
  C:5D37H         SYMBOL        prepare_statistic_data
  B:0023H.3       PUBLIC        run_in_prog_mode
  X:03CEH         PUBLIC        user_time_second
  D:0098H         PUBLIC        SCON
  D:0088H         PUBLIC        TCON
  D:00B8H         PUBLIC        IE1
  X:03CFH         PUBLIC        user_time_minute
  X:03D1H         PUBLIC        start_cnt
  X:03D2H         PUBLIC        userstate
  X:03D3H         SYMBOL        user_distance_saved
  C:7A05H         PUBLIC        save_total_distance
  X:03D5H         PUBLIC        user_distance
  X:03D7H         PUBLIC        user_calories
  D:00D0H         PUBLIC        PSW
  -------         PROC          TIME_CALCULATION
  C:7ED9H         LINE#         38
  C:7ED9H         LINE#         39
  C:7ED9H         LINE#         40
  C:7EF4H         LINE#         43
  C:7EF4H         LINE#         44
  C:7EFAH         LINE#         45
BL51 BANKED LINKER/LOCATER V6.22.2.0                                                  07/13/2018  17:16:04  PAGE 25


  C:7F04H         LINE#         46
  C:7F04H         LINE#         47
  C:7F06H         LINE#         48
  C:7F14H         LINE#         50
  C:7F23H         LINE#         51
  C:7F23H         LINE#         52
  C:7F28H         LINE#         53
  C:7F2BH         LINE#         54
  C:7F2EH         LINE#         55
  C:7F2EH         LINE#         56
  C:7F2EH         LINE#         57
  C:7F2EH         LINE#         58
  -------         ENDPROC       TIME_CALCULATION
  -------         PROC          PREPARE_STATISTIC_DATA
  -------         DO            
  X:01EEH         SYMBOL        temp16
  -------         ENDDO         
  C:5D37H         LINE#         60
  C:5D37H         LINE#         61
  C:5D37H         LINE#         64
  C:5D4FH         LINE#         65
  C:5D4FH         LINE#         66
  C:5D7FH         LINE#         67
  C:5D7FH         LINE#         68
  C:5D9AH         LINE#         69
  C:5DA2H         LINE#         71
  C:5DC3H         LINE#         72
  C:5DD5H         LINE#         74
  C:5DF1H         LINE#         75
  C:5DF9H         LINE#         77
  C:5E19H         LINE#         78
  C:5E2CH         LINE#         79
  C:5E34H         LINE#         81
  C:5E40H         LINE#         83
  C:5E4DH         LINE#         84
  C:5E58H         LINE#         85
  C:5E67H         LINE#         86
  C:5E70H         LINE#         87
  C:5E76H         LINE#         89
  C:5E7AH         LINE#         91
  C:5E81H         LINE#         92
  C:5E81H         LINE#         94
  C:5EA1H         LINE#         95
  C:5EA1H         LINE#         96
  C:5EC1H         LINE#         97
  C:5ED6H         LINE#         98
  C:5EDEH         LINE#         99
  C:5EE6H         LINE#         101
  C:5EEDH         LINE#         102
  C:5EEDH         LINE#         103
  C:5EEDH         LINE#         104
  -------         ENDPROC       PREPARE_STATISTIC_DATA
  -------         PROC          DIST_CALCULATION
  -------         DO            
  X:03CCH         SYMBOL        user_distance_10m_dist
  -------         ENDDO         
  C:685DH         LINE#         106
BL51 BANKED LINKER/LOCATER V6.22.2.0                                                  07/13/2018  17:16:04  PAGE 26


  C:685DH         LINE#         107
  C:685DH         LINE#         110
  C:6866H         LINE#         111
  C:6866H         LINE#         112
  C:6873H         LINE#         113
  C:6873H         LINE#         114
  C:6879H         LINE#         115
  C:6879H         LINE#         116
  C:687AH         LINE#         117
  C:689CH         LINE#         120
  C:689CH         LINE#         121
  C:68B6H         LINE#         122
  C:68BFH         LINE#         123
  C:68BFH         LINE#         124
  C:68D1H         LINE#         125
  C:68DEH         LINE#         126
  C:68DEH         LINE#         127
  C:68ECH         LINE#         128
  C:68FAH         LINE#         130
  C:6909H         LINE#         131
  C:6909H         LINE#         132
  C:690EH         LINE#         133
  C:6911H         LINE#         134
  C:6914H         LINE#         135
  C:6914H         LINE#         136
  C:6914H         LINE#         137
  C:6967H         LINE#         139
  C:696AH         LINE#         140
  C:696AH         LINE#         141
  C:696AH         LINE#         142
  -------         ENDPROC       DIST_CALCULATION
  -------         PROC          SPEED_RPM_CONVERT
  -------         DO            
  D:0006H         SYMBOL        tempi
  -------         ENDDO         
  C:7C28H         LINE#         153
  C:7C28H         LINE#         154
  C:7C28H         LINE#         156
  C:7C38H         LINE#         157
  C:7C38H         LINE#         158
  C:7C40H         LINE#         159
  C:7C45H         LINE#         160
  C:7C48H         LINE#         161
  C:7C4FH         LINE#         162
  C:7C51H         LINE#         164
  C:7C51H         LINE#         165
  C:7C58H         LINE#         166
  C:7C58H         LINE#         168
  C:7C6DH         LINE#         169
  C:7C89H         LINE#         170
  C:7C8EH         LINE#         171
  -------         ENDPROC       SPEED_RPM_CONVERT
  -------         PROC          RESET_DATA
  C:773BH         LINE#         173
  C:773BH         LINE#         174
  C:773BH         LINE#         175
  C:7742H         LINE#         176
BL51 BANKED LINKER/LOCATER V6.22.2.0                                                  07/13/2018  17:16:04  PAGE 27


  C:7746H         LINE#         178
  C:774CH         LINE#         179
  C:7752H         LINE#         180
  C:775CH         LINE#         182
  C:7763H         LINE#         183
  C:7769H         LINE#         185
  C:776DH         LINE#         188
  C:7773H         LINE#         189
  C:7779H         LINE#         190
  C:777FH         LINE#         192
  C:7785H         LINE#         193
  C:778BH         LINE#         194
  C:7791H         LINE#         195
  C:779BH         LINE#         196
  C:77A2H         LINE#         197
  C:77A8H         LINE#         198
  C:77AEH         LINE#         199
  C:77B4H         LINE#         200
  C:77B8H         LINE#         201
  -------         ENDPROC       RESET_DATA
  -------         PROC          SAVE_TOTAL_DISTANCE
  C:7A05H         LINE#         203
  C:7A05H         LINE#         204
  C:7A05H         LINE#         205
  C:7A1AH         LINE#         206
  C:7A1AH         LINE#         207
  C:7A49H         LINE#         208
  C:7A58H         LINE#         209
  C:7A73H         LINE#         210
  C:7A73H         LINE#         211
  -------         ENDPROC       SAVE_TOTAL_DISTANCE
  -------         PROC          USEROPERATION
  C:83B4H         LINE#         219
  C:83B4H         LINE#         220
  C:83B4H         LINE#         221
  C:83C4H         LINE#         222
  C:83C4H         LINE#         223
  C:83C7H         LINE#         224
  C:83CAH         LINE#         225
  C:83CAH         LINE#         227
  C:83CDH         LINE#         228
  C:83D0H         LINE#         229
  C:83D0H         LINE#         230
  C:83D3H         LINE#         231
  C:83D5H         LINE#         233
  C:83D5H         LINE#         234
  C:83D8H         LINE#         235
  C:83D8H         LINE#         236
  C:83DBH         LINE#         237
  -------         ENDPROC       USEROPERATION
  -------         ENDMOD        CONTROL

  -------         MODULE        EEPROM
  C:0000H         SYMBOL        _ICE_DUMMY_
  D:0080H         PUBLIC        P0
  D:0090H         PUBLIC        P1
  D:00A0H         PUBLIC        P2
BL51 BANKED LINKER/LOCATER V6.22.2.0                                                  07/13/2018  17:16:04  PAGE 28


  D:00B0H         PUBLIC        P3
  D:00C0H         PUBLIC        P4
  D:00C8H         PUBLIC        P5
  B:00A8H.7       PUBLIC        EA
  C:639EH         PUBLIC        eeprom_read
  D:00A8H         PUBLIC        IE
  D:00FCH         PUBLIC        IAP_CMD
  X:016EH         PUBLIC        eeprom_buff
  D:00F8H         PUBLIC        RSTFR
  C:8197H         PUBLIC        _eeprom_write_long
  C:8529H         PUBLIC        _Flash_EraseBlock
  D:0098H         PUBLIC        SCON
  D:0088H         PUBLIC        TCON
  D:00B8H         PUBLIC        IE1
  C:8072H         PUBLIC        _eeprom_write_int
  D:00FBH         PUBLIC        IAP_DATA
  D:00F9H         PUBLIC        IAP_ADDR
  C:7920H         PUBLIC        eeprom_factory
  C:7833H         PUBLIC        _eeprom_wrchar
  D:00D0H         PUBLIC        PSW
  -------         PROC          _FLASH_ERASEBLOCK
  D:0006H         SYMBOL        addr
  C:8529H         LINE#         29
  C:8529H         LINE#         30
  C:8529H         LINE#         31
  C:852BH         LINE#         32
  C:8531H         LINE#         33
  C:8535H         LINE#         34
  C:853BH         LINE#         35
  C:8541H         LINE#         36
  C:8543H         LINE#         37
  -------         ENDPROC       _FLASH_ERASEBLOCK
  -------         PROC          _EEPROM_WRCHAR
  D:0002H         SYMBOL        addr
  D:0005H         SYMBOL        ucdata
  -------         DO            
  D:0007H         SYMBOL        i
  -------         ENDDO         
  C:7833H         LINE#         43
  C:7837H         LINE#         44
  C:7837H         LINE#         48
  C:7843H         LINE#         49
  C:7858H         LINE#         50
  C:785FH         LINE#         52
  C:786BH         LINE#         53
  C:786DH         LINE#         54
  C:7877H         LINE#         55
  C:7877H         LINE#         56
  C:787FH         LINE#         58
  C:788CH         LINE#         59
  C:7892H         LINE#         60
  C:7896H         LINE#         61
  C:789CH         LINE#         62
  C:78A2H         LINE#         63
  C:78A5H         LINE#         64
  C:78A7H         LINE#         75
  C:78A9H         LINE#         76
BL51 BANKED LINKER/LOCATER V6.22.2.0                                                  07/13/2018  17:16:04  PAGE 29


  -------         ENDPROC       _EEPROM_WRCHAR
  -------         PROC          _EEPROM_WRITE_LONG
  X:01F9H         SYMBOL        addr
  X:01FBH         SYMBOL        ucdata
  -------         DO            
  X:01FFH         SYMBOL        i
  -------         ENDDO         
  C:8197H         LINE#         78
  C:819FH         LINE#         79
  C:819FH         LINE#         81
  C:81B1H         LINE#         82
  C:81B1H         LINE#         83
  C:81D4H         LINE#         84
  C:81DCH         LINE#         85
  -------         ENDPROC       _EEPROM_WRITE_LONG
  -------         PROC          _EEPROM_WRITE_INT
  X:01F9H         SYMBOL        addr
  X:01FBH         SYMBOL        ucdata
  -------         DO            
  X:01FDH         SYMBOL        i
  -------         ENDDO         
  C:8072H         LINE#         87
  C:8080H         LINE#         88
  C:8080H         LINE#         90
  C:8090H         LINE#         91
  C:8090H         LINE#         92
  C:80B3H         LINE#         93
  C:80BBH         LINE#         94
  -------         ENDPROC       _EEPROM_WRITE_INT
  -------         PROC          EEPROM_READ
  C:639EH         LINE#         96
  C:639EH         LINE#         97
  C:639EH         LINE#         98
  C:63E4H         LINE#         99
  C:63EDH         LINE#         100
  C:63F6H         LINE#         101
  C:63FFH         LINE#         102
  C:6408H         LINE#         103
  C:640CH         LINE#         104
  C:640CH         LINE#         105
  C:640EH         LINE#         106
  C:640EH         LINE#         107
  C:6417H         LINE#         108
  C:6420H         LINE#         109
  C:6429H         LINE#         110
  C:6430H         LINE#         111
  C:6439H         LINE#         112
  C:6440H         LINE#         113
  C:6447H         LINE#         114
  C:644EH         LINE#         116
  C:6457H         LINE#         117
  C:646BH         LINE#         119
  C:647FH         LINE#         120
  C:64C5H         LINE#         121
  C:64D9H         LINE#         122
  C:64EDH         LINE#         123
  -------         ENDPROC       EEPROM_READ
BL51 BANKED LINKER/LOCATER V6.22.2.0                                                  07/13/2018  17:16:04  PAGE 30


  -------         PROC          EEPROM_FACTORY
  -------         DO            
  X:01EEH         SYMBOL        addr
  -------         ENDDO         
  C:7920H         LINE#         125
  C:7920H         LINE#         126
  C:7920H         LINE#         129
  C:7939H         LINE#         130
  C:794EH         LINE#         131
  C:7968H         LINE#         132
  C:797DH         LINE#         134
  C:7986H         LINE#         135
  C:798DH         LINE#         136
  -------         ENDPROC       EEPROM_FACTORY
  -------         ENDMOD        EEPROM

  -------         MODULE        ERROR
  C:0000H         SYMBOL        _ICE_DUMMY_
  D:0080H         PUBLIC        P0
  D:0090H         PUBLIC        P1
  D:00A0H         PUBLIC        P2
  D:00B0H         PUBLIC        P3
  D:00C0H         PUBLIC        P4
  D:00C8H         PUBLIC        P5
  X:0399H         SYMBOL        current
  C:3D72H         PUBLIC        detect_error
  D:00A8H         PUBLIC        IE
  B:0080H.0       PUBLIC        P0_0
  D:00FCH         PUBLIC        IAP_CMD
  D:00F8H         PUBLIC        RSTFR
  X:039DH         SYMBOL        powers
  X:03A7H         SYMBOL        power
  D:0098H         PUBLIC        SCON
  D:0088H         PUBLIC        TCON
  D:00B8H         PUBLIC        IE1
  X:03ABH         PUBLIC        error_time
  B:0023H.4       PUBLIC        skip_error
  X:03AFH         SYMBOL        cp_index
  X:03B0H         PUBLIC        error_id
  X:03B1H         SYMBOL        cp_count
  D:00D0H         PUBLIC        PSW
  X:03B3H         SYMBOL        currents
  -------         PROC          DETECT_ERROR
  -------         DO            
  X:0398H         SYMBOL        error_id_last
  D:0007H         SYMBOL        i
  X:01EEH         SYMBOL        curr_time
  -------         ENDDO         
  C:3D72H         LINE#         41
  C:3D72H         LINE#         42
  C:3D72H         LINE#         46
  C:3D7BH         LINE#         48
  C:3D8CH         LINE#         49
  C:3D8CH         LINE#         50
  C:3E11H         LINE#         51
  C:3E11H         LINE#         52
  C:3E1AH         LINE#         53
BL51 BANKED LINKER/LOCATER V6.22.2.0                                                  07/13/2018  17:16:04  PAGE 31


  C:3E2BH         LINE#         56
  C:3E31H         LINE#         57
  C:3E37H         LINE#         58
  C:3E37H         LINE#         59
  C:3E3AH         LINE#         61
  C:3E3AH         LINE#         62
  C:3E6CH         LINE#         63
  C:3E6CH         LINE#         64
  C:3E80H         LINE#         65
  C:3EADH         LINE#         66
  C:3EE0H         LINE#         67
  C:3EEAH         LINE#         68
  C:3EF4H         LINE#         69
  C:3F07H         LINE#         70
  C:3F13H         LINE#         71
  C:3F13H         LINE#         72
  C:3F2CH         LINE#         73
  C:3F49H         LINE#         74
  C:3F4CH         LINE#         75
  C:3F63H         LINE#         76
  C:3F7AH         LINE#         84
  C:3FA6H         LINE#         85
  C:3FA6H         LINE#         86
  C:3FACH         LINE#         87
  C:3FACH         LINE#         88
  C:3FB7H         LINE#         89
  C:3FB7H         LINE#         90
  C:3FD5H         LINE#         91
  C:3FEEH         LINE#         92
  C:3FEEH         LINE#         93
  C:4013H         LINE#         94
  C:401FH         LINE#         95
  C:403AH         LINE#         96
  C:403AH         LINE#         97
  C:403AH         LINE#         99
  C:4041H         LINE#         100
  C:4047H         LINE#         101
  C:404DH         LINE#         102
  C:404DH         LINE#         103
  C:4076H         LINE#         104
  C:40A7H         LINE#         105
  C:40B5H         LINE#         106
  C:40B5H         LINE#         108
  C:40B8H         LINE#         109
  C:40B8H         LINE#         110
  C:40C1H         LINE#         111
  C:40C1H         LINE#         113
  C:40E8H         LINE#         114
  C:40E8H         LINE#         115
  C:40F3H         LINE#         116
  C:40F3H         LINE#         117
  C:40F9H         LINE#         118
  C:40FBH         LINE#         119
  C:40FFH         LINE#         120
  C:40FFH         LINE#         121
  C:4105H         LINE#         122
  C:4107H         LINE#         123
BL51 BANKED LINKER/LOCATER V6.22.2.0                                                  07/13/2018  17:16:04  PAGE 32


  C:410BH         LINE#         124
  C:410BH         LINE#         125
  C:4111H         LINE#         126
  C:4113H         LINE#         127
  C:4117H         LINE#         128
  C:4117H         LINE#         129
  C:4117H         LINE#         130
  C:4119H         LINE#         131
  C:411DH         LINE#         132
  C:411DH         LINE#         133
  C:4123H         LINE#         134
  C:4125H         LINE#         135
  C:4129H         LINE#         136
  C:4129H         LINE#         137
  C:412FH         LINE#         138
  C:4131H         LINE#         139
  C:413EH         LINE#         140
  C:413EH         LINE#         141
  C:4144H         LINE#         142
  C:4144H         LINE#         144
  C:4150H         LINE#         145
  C:4150H         LINE#         146
  C:4157H         LINE#         147
  C:415CH         LINE#         148
  C:415EH         LINE#         149
  C:415EH         LINE#         166
  C:4160H         LINE#         167
  C:4166H         LINE#         168
  C:4166H         LINE#         169
  C:416BH         LINE#         170
  C:416DH         LINE#         171
  C:416DH         LINE#         173
  C:4175H         LINE#         174
  -------         ENDPROC       DETECT_ERROR
  -------         ENDMOD        ERROR

  -------         MODULE        FACTORY
  C:0000H         SYMBOL        _ICE_DUMMY_
  D:0080H         PUBLIC        P0
  D:0090H         PUBLIC        P1
  D:00A0H         PUBLIC        P2
  D:00B0H         PUBLIC        P3
  D:00C0H         PUBLIC        P4
  D:00C8H         PUBLIC        P5
  D:00A8H         PUBLIC        IE
  B:0080H.0       PUBLIC        P0_0
  B:0090H.0       PUBLIC        P1_0
  B:0090H.1       PUBLIC        P1_1
  D:00F8H         PUBLIC        RSTFR
  B:00C0H.2       PUBLIC        P4_2
  B:00C8H.5       PUBLIC        P5_5
  C:661EH         SYMBOL        FactoryTestKeys
  B:0023H.5       PUBLIC        global_fan_test
  D:0098H         PUBLIC        SCON
  D:0088H         PUBLIC        TCON
  C:47E9H         PUBLIC        FactoryTestOperation
  D:00B8H         PUBLIC        IE1
BL51 BANKED LINKER/LOCATER V6.22.2.0                                                  07/13/2018  17:16:04  PAGE 33


  X:0400H         SYMBOL        teststate
  C:7BBDH         PUBLIC        show_net_state
  D:00D0H         PUBLIC        PSW
  -------         PROC          SHOW_NET_STATE
  C:7BBDH         LINE#         33
  C:7BBDH         LINE#         34
  C:7BBDH         LINE#         35
  C:7BE2H         LINE#         36
  C:7BE2H         LINE#         37
  C:7BE2H         LINE#         38
  C:7BE2H         LINE#         39
  C:7BE8H         LINE#         40
  C:7BF0H         LINE#         41
  C:7BF7H         LINE#         42
  C:7BF8H         LINE#         43
  C:7BF8H         LINE#         44
  C:7BFAH         LINE#         45
  C:7BFBH         LINE#         46
  C:7BFBH         LINE#         47
  C:7BFBH         LINE#         48
  C:7C01H         LINE#         49
  C:7C03H         LINE#         50
  C:7C03H         LINE#         51
  C:7C1CH         LINE#         52
  C:7C1CH         LINE#         53
  C:7C1CH         LINE#         54
  C:7C27H         LINE#         55
  C:7C27H         LINE#         56
  C:7C27H         LINE#         57
  -------         ENDPROC       SHOW_NET_STATE
  -------         PROC          FACTORYTESTKEYS
  C:661EH         LINE#         59
  C:661EH         LINE#         60
  C:661EH         LINE#         61
  C:6621H         LINE#         63
  C:6635H         LINE#         64
  C:6635H         LINE#         65
  C:6637H         LINE#         67
  C:6648H         LINE#         68
  C:6648H         LINE#         69
  C:664DH         LINE#         70
  C:664FH         LINE#         71
  C:6654H         LINE#         72
  C:6669H         LINE#         73
  C:6669H         LINE#         74
  C:6669H         LINE#         75
  C:6673H         LINE#         76
  C:6675H         LINE#         77
  C:6675H         LINE#         78
  C:667AH         LINE#         79
  C:667FH         LINE#         80
  C:6685H         LINE#         83
  C:668CH         LINE#         84
  C:6691H         LINE#         85
  C:6694H         LINE#         86
  C:6696H         LINE#         87
  C:6696H         LINE#         88
BL51 BANKED LINKER/LOCATER V6.22.2.0                                                  07/13/2018  17:16:04  PAGE 34


  C:669CH         LINE#         89
  C:669CH         LINE#         90
  C:66A2H         LINE#         91
  C:66A2H         LINE#         92
  C:66A4H         LINE#         93
  C:66A4H         LINE#         94
  C:66AEH         LINE#         95
  C:66B4H         LINE#         96
  C:66BAH         LINE#         98
  C:66BCH         LINE#         99
  C:66C2H         LINE#         100
  C:66C7H         LINE#         101
  C:66CDH         LINE#         102
  C:66CDH         LINE#         103
[...]
  C:4D72H         PUBLIC        HX711_Weight
  X:0260H         PUBLIC        tension_bias
  X:0264H         SYMBOL        disconnect_cnt1
  X:0265H         SYMBOL        disconnect_cnt2
  C:5030H         SYMBOL        adjust_drift
  B:0023H.7       PUBLIC        flag_sensor_may_reverted
  X:0266H         SYMBOL        sensor_release_cnt
  D:00A8H         PUBLIC        IE
  B:0090H.2       PUBLIC        P1_2
  D:00F8H         PUBLIC        RSTFR
  C:6095H         SYMBOL        _get_median
  B:0090H.3       PUBLIC        P1_3
  B:0090H.4       PUBLIC        P1_4
  B:00C8H.3       PUBLIC        P5_3
  X:0267H         PUBLIC        tension_orig
  X:026BH         SYMBOL        drift
  X:026FH         SYMBOL        all_display_on_cnt_old
  X:0270H         SYMBOL        array
  X:0284H         SYMBOL        tension_old
  X:0288H         SYMBOL        tension_ini
  C:5767H         PUBLIC        calc_disconnect
  X:028CH         SYMBOL        filter_cnt
  X:028DH         SYMBOL        drift_abs
  D:0098H         PUBLIC        SCON
  D:0088H         PUBLIC        TCON
  X:0291H         PUBLIC        tension2
  X:0295H         PUBLIC        tension2_bias
  D:00B8H         PUBLIC        IE1
  X:0299H         PUBLIC        flag_Gsensor_disconnected
  X:029AH         SYMBOL        drift_cnt
  X:029BH         SYMBOL        array_idx
  C:747DH         SYMBOL        HX711_Read1
  C:750DH         SYMBOL        HX711_Read2
  X:029CH         PUBLIC        tension2_orig
  X:02A0H         SYMBOL        drift2
  C:5990H         SYMBOL        do_drift
  X:02A4H         SYMBOL        array2
  X:02B8H         SYMBOL        sensor_press_cnt
  X:02B9H         SYMBOL        tension2_old
  X:02BDH         SYMBOL        tension2_ini
  X:02C1H         SYMBOL        filter_cnt2
  X:02C2H         SYMBOL        drift2_abs
  X:02C6H         PUBLIC        no_current_cnt
  C:860CH         SYMBOL        Delay__hx711_us
  D:00D0H         PUBLIC        PSW
  -------         PROC          L?0089
  -------         ENDPROC       L?0089
  -------         PROC          DELAY__HX711_US
  C:860CH         LINE#         66
  C:860CH         LINE#         67
  C:860CH         LINE#         68
  C:860DH         LINE#         69
  C:860EH         LINE#         70
  -------         ENDPROC       DELAY__HX711_US
  -------         PROC          HX711_READ1
  -------         DO            
  X:01F6H         SYMBOL        count
BL51 BANKED LINKER/LOCATER V6.22.2.0                                                  07/13/2018  17:16:04  PAGE 84


  D:0003H         SYMBOL        i
  -------         ENDDO         
  C:747DH         LINE#         99
  C:747DH         LINE#         100
  C:747DH         LINE#         101
  C:750CH         LINE#         102
  -------         ENDPROC       HX711_READ1
  -------         PROC          HX711_READ2
  -------         DO            
  X:01F6H         SYMBOL        count
  D:0003H         SYMBOL        i
  -------         ENDDO         
  C:750DH         LINE#         104
  C:750DH         LINE#         105
  C:750DH         LINE#         106
  C:759CH         LINE#         107
  -------         ENDPROC       HX711_READ2
  -------         PROC          _GET_MEDIAN
  D:0001H         SYMBOL        data_array
  -------         DO            
  X:01F6H         SYMBOL        sens_data
  X:020AH         SYMBOL        i
  X:020BH         SYMBOL        k
  X:020CH         SYMBOL        m
  -------         ENDDO         
  C:6095H         LINE#         110
  C:6095H         LINE#         111
  C:6095H         LINE#         115
  C:60A2H         LINE#         117
  C:60B7H         LINE#         118
  C:60B7H         LINE#         119
  C:60D1H         LINE#         120
  C:60D1H         LINE#         121
  C:610CH         LINE#         122
  C:6114H         LINE#         123
  C:611CH         LINE#         124
  C:612AH         LINE#         125
  C:612AH         LINE#         126
  C:6176H         LINE#         127
  C:61C5H         LINE#         128
  C:6214H         LINE#         129
  C:6214H         LINE#         130
  C:621DH         LINE#         131
  C:6239H         LINE#         132
  -------         ENDPROC       _GET_MEDIAN
  -------         PROC          HX711_WEIGHT
  -------         DO            
  X:01EEH         SYMBOL        hx711_wt1
  X:01F2H         SYMBOL        hx711_wt2
  -------         ENDDO         
  C:4D72H         LINE#         159
  C:4D72H         LINE#         160
  C:4D72H         LINE#         161
  C:4D7BH         LINE#         162
  C:4D84H         LINE#         163
  C:4DBEH         LINE#         164
  C:4DBEH         LINE#         167
BL51 BANKED LINKER/LOCATER V6.22.2.0                                                  07/13/2018  17:16:04  PAGE 85


  C:4DBEH         LINE#         168
  C:4DDBH         LINE#         169
  C:4DF8H         LINE#         171
  C:4E1BH         LINE#         172
  C:4E3AH         LINE#         173
  C:4E4DH         LINE#         174
  C:4E53H         LINE#         175
  C:4E60H         LINE#         176
  C:4E60H         LINE#         177
  C:4E63H         LINE#         179
  C:4E77H         LINE#         180
  C:4E8BH         LINE#         184
  C:4E9AH         LINE#         185
  C:4EA9H         LINE#         192
  C:4EB6H         LINE#         193
  C:4EB6H         LINE#         194
  C:4EE4H         LINE#         195
  C:4F12H         LINE#         196
  C:4F18H         LINE#         197
  C:4F1BH         LINE#         198
  C:4F2EH         LINE#         199
  C:4F2EH         LINE#         200
  C:4F52H         LINE#         201
  C:4F74H         LINE#         203
  C:4F88H         LINE#         204
  C:4F99H         LINE#         205
  C:4F9BH         LINE#         207
  C:4F9BH         LINE#         208
  C:4FCCH         LINE#         209
  C:4FFDH         LINE#         210
  C:4FFDH         LINE#         212
  C:5005H         LINE#         214
  C:5010H         LINE#         215
  C:5010H         LINE#         216
  C:5013H         LINE#         217
  C:5013H         LINE#         218
  C:5015H         LINE#         220
  C:5015H         LINE#         221
  C:501FH         LINE#         222
  C:5029H         LINE#         223
  C:5029H         LINE#         225
  C:502CH         LINE#         226
  C:502CH         LINE#         227
  C:502FH         LINE#         228
  C:502FH         LINE#         229
  -------         ENDPROC       HX711_WEIGHT
  -------         PROC          CALC_DISCONNECT
  C:5767H         LINE#         231
  C:5767H         LINE#         232
  C:5767H         LINE#         233
  C:584EH         LINE#         237
  C:584EH         LINE#         238
  C:585EH         LINE#         239
  C:5860H         LINE#         241
  C:5860H         LINE#         242
  C:5865H         LINE#         243
  C:5865H         LINE#         245
BL51 BANKED LINKER/LOCATER V6.22.2.0                                                  07/13/2018  17:16:04  PAGE 86


  C:594CH         LINE#         249
  C:594CH         LINE#         250
  C:595CH         LINE#         251
  C:595EH         LINE#         253
  C:595EH         LINE#         254
  C:5963H         LINE#         255
  C:5963H         LINE#         257
  C:5968H         LINE#         258
  C:5975H         LINE#         259
  C:5975H         LINE#         260
  C:597BH         LINE#         261
  C:597BH         LINE#         262
  C:5988H         LINE#         263
  C:5988H         LINE#         264
  C:598FH         LINE#         265
  C:598FH         LINE#         266
  -------         ENDPROC       CALC_DISCONNECT
  -------         PROC          DO_DRIFT
  -------         DO            
  D:0007H         SYMBOL        drift_interval
  -------         ENDDO         
  C:5990H         LINE#         268
  C:5990H         LINE#         269
  C:5990H         LINE#         272
  C:59F7H         LINE#         273
  C:5A5EH         LINE#         275
  C:5A9DH         LINE#         276
  C:5A9DH         LINE#         277
  C:5AA3H         LINE#         278
  C:5AD1H         LINE#         279
  C:5AFFH         LINE#         280
  C:5B01H         LINE#         282
  C:5B01H         LINE#         283
  C:5B06H         LINE#         284
  C:5B10H         LINE#         285
  C:5B1AH         LINE#         286
  C:5B1AH         LINE#         288
  C:5B2FH         LINE#         290
  C:5B44H         LINE#         291
  C:5B44H         LINE#         292
  C:5B58H         LINE#         293
  C:5B6CH         LINE#         294
  C:5B71H         LINE#         295
  C:5B75H         LINE#         296
  C:5B79H         LINE#         297
  C:5B79H         LINE#         298
  -------         ENDPROC       DO_DRIFT
  -------         PROC          ADJUST_DRIFT
  C:5030H         LINE#         300
  C:5030H         LINE#         301
  C:5030H         LINE#         310
  C:5059H         LINE#         311
  C:5059H         LINE#         321
  C:5069H         LINE#         322
  C:506BH         LINE#         324
  C:506BH         LINE#         325
  C:5070H         LINE#         326
BL51 BANKED LINKER/LOCATER V6.22.2.0                                                  07/13/2018  17:16:04  PAGE 87


  C:5070H         LINE#         328
  C:50A4H         LINE#         329
  C:50A4H         LINE#         330
  C:50B3H         LINE#         331
  C:50B5H         LINE#         333
  C:50B5H         LINE#         334
  C:50BAH         LINE#         335
  C:50BAH         LINE#         337
  C:50D6H         LINE#         338
  C:50D6H         LINE#         339
  C:513FH         LINE#         340
  C:513FH         LINE#         341
  C:514FH         LINE#         342
  C:5151H         LINE#         344
  C:5151H         LINE#         345
  C:5156H         LINE#         346
  C:5156H         LINE#         348
  C:5166H         LINE#         349
  C:5166H         LINE#         350
  C:517AH         LINE#         351
  C:518EH         LINE#         352
  C:5190H         LINE#         353
  C:5195H         LINE#         354
  C:5199H         LINE#         355
  C:5199H         LINE#         356
  C:519AH         LINE#         358
  C:51A5H         LINE#         359
  C:51A5H         LINE#         360
  C:520EH         LINE#         361
  C:520EH         LINE#         362
  C:521EH         LINE#         363
  C:5220H         LINE#         365
  C:5220H         LINE#         366
  C:5225H         LINE#         367
  C:5225H         LINE#         369
  C:5251H         LINE#         370
  C:5251H         LINE#         371
  C:5254H         LINE#         372
  C:5254H         LINE#         373
  C:5254H         LINE#         375
  C:5254H         LINE#         376
  C:5279H         LINE#         379
  C:527CH         LINE#         381
  C:5289H         LINE#         382
  C:5289H         LINE#         383
  C:529DH         LINE#         384
  C:52B1H         LINE#         385
  C:52B6H         LINE#         386
  C:52BAH         LINE#         387
  C:52BEH         LINE#         388
  C:52BEH         LINE#         389
  C:52BEH         LINE#         390
  -------         ENDPROC       ADJUST_DRIFT
  -------         ENDMOD        SENSOR

  -------         MODULE        TIME
  C:0000H         SYMBOL        _ICE_DUMMY_
BL51 BANKED LINKER/LOCATER V6.22.2.0                                                  07/13/2018  17:16:04  PAGE 88


  D:0080H         PUBLIC        P0
  D:0090H         PUBLIC        P1
  D:00A0H         PUBLIC        P2
  D:00B0H         PUBLIC        P3
  D:00C0H         PUBLIC        P4
  D:00C8H         PUBLIC        P5
  D:00A8H         PUBLIC        IE
  C:85D9H         PUBLIC        clock
  D:00F8H         PUBLIC        RSTFR
  X:03EFH         PUBLIC        timer_1ms
  B:00B0H.6       PUBLIC        P3_6
  X:03F0H         PUBLIC        state_tick
  D:0098H         PUBLIC        SCON
  D:0088H         PUBLIC        TCON
  C:8478H         PUBLIC        timer_proc
  D:00B8H         PUBLIC        IE1
  X:03F1H         PUBLIC        state_sec
  X:03F3H         PUBLIC        __clocks
  C:7C8FH         PUBLIC        TIMER1_Rpt
  D:00D0H         PUBLIC        PSW
  -------         PROC          CLOCK
  C:85D9H         LINE#         6
  C:85D9H         LINE#         7
  C:85D9H         LINE#         8
  C:85E7H         LINE#         9
  -------         ENDPROC       CLOCK
  -------         PROC          TIMER1_RPT
  C:7C8FH         LINE#         15
  C:7CA6H         LINE#         21
  C:7CC5H         LINE#         23
  C:7CD2H         LINE#         24
  C:7CD2H         LINE#         25
  C:7CD5H         LINE#         26
  C:7CD5H         LINE#         29
  C:7CD8H         LINE#         30
  C:7CD8H         LINE#         31
  C:7CDDH         LINE#         32
  C:7CDFH         LINE#         34
  C:7CDFH         LINE#         35
  C:7CE1H         LINE#         36
  C:7CE1H         LINE#         39
  -------         ENDPROC       TIMER1_RPT
  -------         PROC          TIMER_PROC
  C:8478H         LINE#         45
  C:8478H         LINE#         46
  C:8478H         LINE#         47
  C:8489H         LINE#         48
  C:8489H         LINE#         49
  C:848BH         LINE#         50
  C:8499H         LINE#         51
  C:8499H         LINE#         52
  -------         ENDPROC       TIMER_PROC
  -------         ENDMOD        TIME

  -------         MODULE        ?C?FPADD
  C:20B6H         PUBLIC        ?C?FPADD
  C:20B2H         PUBLIC        ?C?FPSUB
BL51 BANKED LINKER/LOCATER V6.22.2.0                                                  07/13/2018  17:16:04  PAGE 89


  -------         ENDMOD        ?C?FPADD

  -------         MODULE        ?C?FPCMP
  C:21A9H         PUBLIC        ?C?FPCMP
  C:21A7H         PUBLIC        ?C?FPCMP3
  -------         ENDMOD        ?C?FPCMP

  -------         MODULE        ?C?FCAST
  C:222AH         PUBLIC        ?C?FCASTC
  C:2225H         PUBLIC        ?C?FCASTI
  C:2220H         PUBLIC        ?C?FCASTL
  -------         ENDMOD        ?C?FCAST

  -------         MODULE        ?C?CASTF
  C:225EH         PUBLIC        ?C?CASTF
  -------         ENDMOD        ?C?CASTF

  -------         MODULE        PRINTF
  X:022CH         PUBLIC        ?_PRINTF?BYTE
  X:022CH         PUBLIC        ?_SPRINTF?BYTE
  C:395AH         PUBLIC        _PRINTF
  C:3954H         PUBLIC        _SPRINTF
  -------         ENDMOD        PRINTF

  -------         MODULE        VSPRINTF
  X:0223H         PUBLIC        ?_VSPRINTF?BYTE
  C:80BCH         PUBLIC        _VSPRINTF
  -------         ENDMOD        VSPRINTF

  -------         MODULE        ?C?FPROUND
  C:22DFH         PUBLIC        ?C?FPROUND
  -------         ENDMOD        ?C?FPROUND

  -------         MODULE        ?C?FPCONVERT
  C:231CH         PUBLIC        ?C?FPCONVERT
  -------         ENDMOD        ?C?FPCONVERT

  -------         MODULE        ?C?FPMUL
  C:2421H         PUBLIC        ?C?FPMUL
  -------         ENDMOD        ?C?FPMUL

  -------         MODULE        ?C?FPDIV
  C:252AH         PUBLIC        ?C?FPDIV
  -------         ENDMOD        ?C?FPDIV

  -------         MODULE        ?C?FTNPWR
  C:25F7H         PUBLIC        ?C?FTNPWR
  -------         ENDMOD        ?C?FTNPWR

  -------         MODULE        ?C?COPY
  C:2707H         PUBLIC        ?C?COPY
  -------         ENDMOD        ?C?COPY

  -------         MODULE        ?C?CLDPTR
  C:272DH         PUBLIC        ?C?CLDPTR
  -------         ENDMOD        ?C?CLDPTR

BL51 BANKED LINKER/LOCATER V6.22.2.0                                                  07/13/2018  17:16:04  PAGE 90


  -------         MODULE        ?C?CLDOPTR
  C:2746H         PUBLIC        ?C?CLDOPTR
  -------         ENDMOD        ?C?CLDOPTR

  -------         MODULE        ?C?CSTPTR
  C:2773H         PUBLIC        ?C?CSTPTR
  -------         ENDMOD        ?C?CSTPTR

  -------         MODULE        ?C?CSTOPTR
  C:2785H         PUBLIC        ?C?CSTOPTR
  -------         ENDMOD        ?C?CSTOPTR

  -------         MODULE        ?C?IMUL
  C:27A7H         PUBLIC        ?C?IMUL
  -------         ENDMOD        ?C?IMUL

  -------         MODULE        ?C?UIDIV
  C:27B9H         PUBLIC        ?C?UIDIV
  -------         ENDMOD        ?C?UIDIV

  -------         MODULE        ?C?IILDX
  C:280EH         PUBLIC        ?C?IILDX
  -------         ENDMOD        ?C?IILDX

  -------         MODULE        ?C?LMUL
  C:2824H         PUBLIC        ?C?LMUL
  -------         ENDMOD        ?C?LMUL

  -------         MODULE        ?C?ULDIV
  C:28AFH         PUBLIC        ?C?ULDIV
  -------         ENDMOD        ?C?ULDIV

  -------         MODULE        ?C?SLDIV
  C:8223H         PUBLIC        ?C?SLDIV
  -------         ENDMOD        ?C?SLDIV

  -------         MODULE        ?C?LNEG
  C:2941H         PUBLIC        ?C?LNEG
  -------         ENDMOD        ?C?LNEG

  -------         MODULE        ?C?SLCMP
  C:294FH         PUBLIC        ?C?SLCMP
  -------         ENDMOD        ?C?SLCMP

  -------         MODULE        ?C?ULCMP
  C:2965H         PUBLIC        ?C?ULCMP
  -------         ENDMOD        ?C?ULCMP

  -------         MODULE        ?C?ULSHR
  C:2976H         PUBLIC        ?C?ULSHR
  -------         ENDMOD        ?C?ULSHR

  -------         MODULE        ?C?LSHL
  C:2989H         PUBLIC        ?C?LSHL
  -------         ENDMOD        ?C?LSHL

  -------         MODULE        ?C?LSTXDATA
BL51 BANKED LINKER/LOCATER V6.22.2.0                                                  07/13/2018  17:16:04  PAGE 91


  C:299CH         PUBLIC        ?C?LSTXDATA
  -------         ENDMOD        ?C?LSTXDATA

  -------         MODULE        ?C?LSTKXDATA
  C:29A8H         PUBLIC        ?C?LSTKXDATA
  -------         ENDMOD        ?C?LSTKXDATA

  -------         MODULE        ?C?PLDIXDATA
  C:29D9H         PUBLIC        ?C?PLDIXDATA
  -------         ENDMOD        ?C?PLDIXDATA

  -------         MODULE        ?C?PSTXDATA
  C:29F0H         PUBLIC        ?C?PSTXDATA
  -------         ENDMOD        ?C?PSTXDATA

  -------         MODULE        ?C?CCASE
  C:29F9H         PUBLIC        ?C?CCASE
  -------         ENDMOD        ?C?CCASE

  -------         MODULE        ?C?ICASE
  C:2A1FH         PUBLIC        ?C?ICASE
  -------         ENDMOD        ?C?ICASE

  -------         MODULE        ?C?LIMUL
  C:2A4CH         PUBLIC        ?C?LIMUL
  -------         ENDMOD        ?C?LIMUL

  -------         MODULE        PUTCHAR
  C:8406H         PUBLIC        _PUTCHAR
  -------         ENDMOD        PUTCHAR

  -------         MODULE        ISDIGIT
  C:85E8H         PUBLIC        _isdigit
  -------         ENDMOD        ISDIGIT

  -------         MODULE        STRNCMP
  X:01FCH         PUBLIC        ?_strncmp?BYTE
  C:76B4H         PUBLIC        _strncmp
  -------         ENDMOD        STRNCMP

  -------         MODULE        ?C?STRCPY
  C:2B45H         PUBLIC        ?C?STRCPY
  -------         ENDMOD        ?C?STRCPY

  -------         MODULE        STRLEN
  C:858CH         PUBLIC        _STRLEN
  -------         ENDMOD        STRLEN

  -------         MODULE        STRCHR
  C:84D7H         PUBLIC        _STRCHR
  -------         ENDMOD        STRCHR

  -------         MODULE        STRSTR
  X:01F9H         PUBLIC        ?_strstr?BYTE
  C:7145H         PUBLIC        _strstr
  -------         ENDMOD        STRSTR

BL51 BANKED LINKER/LOCATER V6.22.2.0                                                  07/13/2018  17:16:04  PAGE 92


  -------         MODULE        ATOL
  C:696BH         PUBLIC        _atol
  -------         ENDMOD        ATOL

  -------         MODULE        ATOI
  C:6D48H         PUBLIC        _atoi
  -------         ENDMOD        ATOI

  -------         MODULE        ?C?MEMSET
  C:2B62H         PUBLIC        ?C?MEMSET
  -------         ENDMOD        ?C?MEMSET

  -------         MODULE        ?C?ILDIX
  C:2B8EH         PUBLIC        ?C?ILDIX
  -------         ENDMOD        ?C?ILDIX

  -------         MODULE        ISSPACE
  C:85A1H         PUBLIC        _isspace
  -------         ENDMOD        ISSPACE

Program Size: data=18.0 xdata=1025 code=34308
LINK/LOCATE RUN COMPLETE.  0 WARNING(S),  0 ERROR(S)
